2026-10-07T11:04:00Z Started analysis of D:\q-maws\data\raw\sim_hgt\simulated-sim_hgt\hgt_1000.
2026-10-07T11:04:02Z Ingest: 33 taxa, average length 2213191; MAW lengths 5 to 14.
2026-10-07T11:04:02Z MAW extraction: 33 taxa to do, 5 at a time, strand filter on.
2026-10-07T11:04:18Z   Species1: 588001 MAWs
2026-10-07T11:04:18Z   Species10: 760622 MAWs
2026-10-07T11:04:18Z   Species11: 627652 MAWs
2026-10-07T11:04:18Z   Species12: 555905 MAWs
2026-10-07T11:04:18Z   Species13: 555299 MAWs
2026-10-07T11:04:35Z   Species14: 636293 MAWs
2026-10-07T11:04:35Z   Species15: 557629 MAWs
2026-10-07T11:04:35Z   Species16: 720100 MAWs
2026-10-07T11:04:35Z   Species17: 766511 MAWs
2026-10-07T11:04:35Z   Species18: 631556 MAWs
2026-10-07T11:04:53Z   Species19: 765152 MAWs
2026-10-07T11:04:53Z   Species2: 660884 MAWs
2026-10-07T11:04:53Z   Species20: 784769 MAWs
2026-10-07T11:04:53Z   Species21: 633945 MAWs
2026-10-07T11:04:53Z   Species22: 640758 MAWs
2026-10-07T11:05:11Z   Species23: 751801 MAWs
2026-10-07T11:05:11Z   Species24: 679584 MAWs
2026-10-07T11:05:11Z   Species25: 814197 MAWs
2026-10-07T11:05:11Z   Species26: 614784 MAWs
2026-10-07T11:05:11Z   Species27: 562738 MAWs
2026-10-07T11:05:30Z   Species28: 628159 MAWs
2026-10-07T11:05:30Z   Species29: 821485 MAWs
2026-10-07T11:05:30Z   Species3: 787010 MAWs
2026-10-07T11:05:30Z   Species30: 818654 MAWs
2026-10-07T11:05:30Z   Species31: 639073 MAWs
2026-10-07T11:05:52Z   Species32: 625498 MAWs
2026-10-07T11:05:52Z   Species33: 790780 MAWs
2026-10-07T11:05:52Z   Species4: 698744 MAWs
2026-10-07T11:05:52Z   Species5: 584501 MAWs
2026-10-07T11:05:52Z   Species6: 805472 MAWs
2026-10-07T11:06:07Z   Species7: 783836 MAWs
2026-10-07T11:06:07Z   Species8: 756030 MAWs
2026-10-07T11:06:07Z   Species9: 729426 MAWs
2026-10-07T11:06:14Z Selected MAW lengths: [10, 11, 12]
2026-10-07T11:06:20Z Full matrix: 33 taxa x 8619625 columns, estimated 148 MB (memory limit 1213 MB).
2026-10-07T11:06:38Z M_full 33 x 8619625; M_ml 33 x 50000.
2026-10-07T11:06:55Z Quartet counting: 40920 quartets, 5 chunks of up to 9309 (calibration 3103 quartets per second; popcount X86Popcnt).
2026-10-07T11:07:46Z Quartet weighting: 40920 quartets, 1320 chunks of up to 31 (calibration 10 quartets per second; model pi1 = 0.500000, 100 resamples).
2026-10-07T11:10:30Z Provisional tree 1: 3% of quartets, in 2.45 s.
2026-10-07T11:13:34Z Provisional tree 2: 6% of quartets, in 2.58 s.
2026-10-07T11:16:41Z Provisional tree 3: 9% of quartets, in 3.13 s.
2026-10-07T11:19:53Z Provisional tree 4: 12% of quartets, in 5.90 s.
2026-10-07T11:23:00Z Provisional tree 5: 14% of quartets, in 3.26 s.
2026-10-07T11:26:07Z Provisional tree 6: 17% of quartets, in 3.18 s.
2026-10-07T11:29:14Z Provisional tree 7: 19% of quartets, in 3.09 s.
2026-10-07T11:32:18Z Provisional tree 8: 22% of quartets, in 3.15 s.
2026-10-07T11:35:24Z Provisional tree 9: 25% of quartets, in 3.84 s.
2026-10-07T11:38:29Z Provisional tree 10: 28% of quartets, in 3.39 s.
2026-10-07T11:41:32Z Provisional tree 11: 31% of quartets, in 3.50 s.
2026-10-07T11:44:38Z Provisional tree 12: 34% of quartets, in 3.54 s.
2026-10-07T11:47:43Z Provisional tree 13: 37% of quartets, in 3.42 s.
2026-10-07T11:50:49Z Provisional tree 14: 40% of quartets, in 3.77 s.
2026-10-07T11:51:14Z Resuming run.
2026-10-07T11:53:15Z Provisional tree 15: 45% of quartets, in 3.06 s.
2026-10-07T11:55:18Z Provisional tree 16: 50% of quartets, in 2.72 s.
2026-10-07T11:57:26Z Provisional tree 17: 55% of quartets, in 2.62 s.
2026-10-07T11:59:35Z Provisional tree 18: 60% of quartets, in 2.60 s.
2026-10-07T12:02:09Z Provisional tree 19: 65% of quartets, in 2.98 s.
2026-10-07T12:05:21Z Provisional tree 20: 70% of quartets, in 7.68 s.
2026-10-07T12:08:30Z Provisional tree 21: 72% of quartets, in 9.13 s.
2026-10-07T12:11:43Z Provisional tree 22: 75% of quartets, in 6.81 s.
2026-10-07T12:14:55Z Provisional tree 23: 78% of quartets, in 8.39 s.
2026-10-07T12:18:08Z Provisional tree 24: 80% of quartets, in 9.26 s.
2026-10-07T12:21:23Z Provisional tree 25: 83% of quartets, in 8.73 s.
2026-10-07T12:24:34Z Provisional tree 26: 86% of quartets, in 9.10 s.
2026-10-07T12:27:49Z Provisional tree 27: 89% of quartets, in 9.15 s.
2026-10-07T12:31:00Z Provisional tree 28: 91% of quartets, in 9.36 s.
2026-10-07T12:34:13Z Provisional tree 29: 94% of quartets, in 9.23 s.
2026-10-07T12:37:23Z Provisional tree 30: 97% of quartets, in 9.70 s.
2026-10-07T12:40:36Z Provisional tree 31: 100% of quartets, in 8.63 s.
2026-10-07T12:40:51Z Amalgamation (wQFM-rs, w2c weights): 114700 weighted quartets, consistency score 15990.9783 of 40920.0000, in 4.6 s.
2026-10-07T12:40:52Z Support: 30 internal edges, S1 from 0.340502 to 1.000000; 33 taxa with a halo value below 0.6; in 1.0 s.
2026-10-07T12:41:14Z Run finished. Root fingerprint: 990b32571e66258eb9b7dbc6c79577afefc5272eceff1d13cea57d99742b4674
