2026-10-04T17:29:59Z Started analysis of D:\q-maws\data\raw\ecoli_shigella_hgt\unsimulated-ecoli_shigella.
2026-10-04T17:30:00Z Ingest: 27 taxa, average length 4905896; MAW lengths 5 to 14.
2026-10-04T17:30:01Z MAW extraction: 27 taxa to do, 1 at a time, strand filter on.
2026-10-04T17:30:06Z   NC_000913: 1414971 MAWs
2026-10-04T17:30:12Z   NC_002655: 1708440 MAWs
2026-10-04T17:30:17Z   NC_002695: 1719556 MAWs
2026-10-04T17:30:22Z   NC_004337: 1370351 MAWs
2026-10-04T17:30:27Z   NC_004431: 1625061 MAWs
2026-10-04T17:30:32Z   NC_004741: 1353005 MAWs
2026-10-04T17:30:37Z   NC_007384: 1387587 MAWs
2026-10-04T17:30:42Z   NC_007606: 1210822 MAWs
2026-10-04T17:30:46Z   NC_007613: 1291285 MAWs
2026-10-04T17:30:52Z   NC_007779: 1421754 MAWs
2026-10-04T17:31:00Z   NC_007946: 1560505 MAWs
2026-10-04T17:31:15Z   NC_008253: 1522012 MAWs
2026-10-04T17:31:22Z   NC_008258: 1360074 MAWs
2026-10-04T17:31:28Z   NC_008563: 1586558 MAWs
2026-10-04T17:31:36Z   NC_009800: 1407716 MAWs
2026-10-04T17:31:42Z   NC_009801: 1526158 MAWs
2026-10-04T17:31:49Z   NC_010468: 1443661 MAWs
2026-10-04T17:31:57Z   NC_010498: 1558465 MAWs
2026-10-04T17:32:04Z   NC_010658: 1308398 MAWs
2026-10-04T17:32:13Z   NC_011415: 1505647 MAWs
2026-10-04T17:32:20Z   NC_011601: 1519918 MAWs
2026-10-04T17:32:26Z   NC_011741: 1453489 MAWs
2026-10-04T17:32:34Z   NC_011742: 1541629 MAWs
2026-10-04T17:32:41Z   NC_011745: 1619557 MAWs
2026-10-04T17:32:48Z   NC_011748: 1586124 MAWs
2026-10-04T17:32:54Z   NC_011750: 1559488 MAWs
2026-10-04T17:33:01Z   NC_011751: 1598510 MAWs
2026-10-04T17:33:04Z Selected MAW lengths: [11, 12, 13]
2026-10-04T17:33:06Z Full matrix: 27 taxa x 7362929 columns, estimated 121 MB (memory limit 1436 MB).
2026-10-04T17:33:11Z M_full 27 x 7362929; M_ml 27 x 50000.
2026-10-04T17:33:13Z Quartet counting: 17550 quartets, 1 chunks of up to 17550 (calibration 11640 quartets per second; popcount X86Popcnt).
2026-10-04T17:33:25Z Quartet weighting: 17550 quartets, 298 chunks of up to 59 (calibration 20 quartets per second; model pi1 = 0.500000, 100 resamples).
2026-10-04T17:35:22Z Provisional tree 1: 5% of quartets, in 0.45 s.
2026-10-04T17:37:27Z Provisional tree 2: 10% of quartets, in 0.53 s.
2026-10-04T17:38:51Z Provisional tree 3: 15% of quartets, in 0.46 s.
2026-10-04T17:39:46Z Provisional tree 4: 20% of quartets, in 0.28 s.
2026-10-04T17:40:41Z Provisional tree 5: 25% of quartets, in 0.29 s.
2026-10-04T17:42:12Z Provisional tree 6: 30% of quartets, in 0.35 s.
2026-10-04T17:43:43Z Provisional tree 7: 35% of quartets, in 0.63 s.
2026-10-04T17:45:24Z Provisional tree 8: 40% of quartets, in 0.55 s.
2026-10-04T17:46:58Z Provisional tree 9: 45% of quartets, in 0.52 s.
2026-10-04T17:48:42Z Provisional tree 10: 50% of quartets, in 0.49 s.
2026-10-04T17:50:08Z Provisional tree 11: 55% of quartets, in 0.50 s.
2026-10-04T17:51:32Z Provisional tree 12: 61% of quartets, in 0.45 s.
2026-10-04T17:52:48Z Provisional tree 13: 66% of quartets, in 0.50 s.
2026-10-04T17:54:12Z Provisional tree 14: 71% of quartets, in 0.46 s.
2026-10-04T17:55:34Z Provisional tree 15: 76% of quartets, in 0.56 s.
2026-10-04T17:57:04Z Provisional tree 16: 81% of quartets, in 0.49 s.
2026-10-04T17:58:29Z Provisional tree 17: 86% of quartets, in 0.55 s.
2026-10-04T17:59:56Z Provisional tree 18: 91% of quartets, in 0.44 s.
2026-10-04T18:01:24Z Provisional tree 19: 96% of quartets, in 0.54 s.
2026-10-04T18:02:28Z Amalgamation (wQFM-rs, w2c weights): 29189 weighted quartets, consistency score 12197.7967 of 17550.0000, in 0.1 s.
2026-10-04T18:02:28Z Support: 24 internal edges, S1 from 0.478050 to 0.988467; 0 taxa with a halo value below 0.6; in 0.0 s.
2026-10-04T18:02:28Z Bootstrap (S2): 100 replicates, Poisson(1) column weights, W2b weights inside.
2026-10-04T18:53:37Z Bootstrap (S2): 100 replicates; 24 internal edges, S2 from 0.000 to 1.000; split frequencies in 0.0 s.
2026-10-04T18:53:42Z Run finished. Root fingerprint: 06e962b1a4b23879c7c64ecedaa1a81cf3d4f7801cf73a95454a0f68090e1650
