2026-10-05T08:05:24Z Started analysis of D:\q-maws\data\raw\sim_hgt\simulated-sim_hgt\hgt_750.
2026-10-05T08:05:25Z Ingest: 33 taxa, average length 2238438; MAW lengths 5 to 14.
2026-10-05T08:05:26Z MAW extraction: 33 taxa to do, 3 at a time, strand filter on.
2026-10-05T08:05:34Z   Species1: 584429 MAWs
2026-10-05T08:05:34Z   Species10: 766756 MAWs
2026-10-05T08:05:34Z   Species11: 647079 MAWs
2026-10-05T08:05:43Z   Species12: 556744 MAWs
2026-10-05T08:05:43Z   Species13: 578021 MAWs
2026-10-05T08:05:43Z   Species14: 647409 MAWs
2026-10-05T08:05:55Z   Species15: 579536 MAWs
2026-10-05T08:05:55Z   Species16: 736479 MAWs
2026-10-05T08:05:55Z   Species17: 757339 MAWs
2026-10-05T08:06:08Z   Species18: 619054 MAWs
2026-10-05T08:06:08Z   Species19: 765531 MAWs
2026-10-05T08:06:08Z   Species2: 659802 MAWs
2026-10-05T08:06:20Z   Species20: 801051 MAWs
2026-10-05T08:06:20Z   Species21: 635326 MAWs
2026-10-05T08:06:20Z   Species22: 639684 MAWs
2026-10-05T08:06:34Z   Species23: 765637 MAWs
2026-10-05T08:06:34Z   Species24: 676238 MAWs
2026-10-05T08:06:34Z   Species25: 821912 MAWs
2026-10-05T08:06:43Z   Species26: 617735 MAWs
2026-10-05T08:06:43Z   Species27: 578347 MAWs
2026-10-05T08:06:43Z   Species28: 643064 MAWs
2026-10-05T08:06:54Z   Species29: 819437 MAWs
2026-10-05T08:06:54Z   Species3: 797763 MAWs
2026-10-05T08:06:55Z   Species30: 824688 MAWs
2026-10-05T08:07:04Z   Species31: 649312 MAWs
2026-10-05T08:07:04Z   Species32: 613379 MAWs
2026-10-05T08:07:04Z   Species33: 796792 MAWs
2026-10-05T08:07:13Z   Species4: 708283 MAWs
2026-10-05T08:07:13Z   Species5: 594716 MAWs
2026-10-05T08:07:13Z   Species6: 810698 MAWs
2026-10-05T08:07:24Z   Species7: 797274 MAWs
2026-10-05T08:07:24Z   Species8: 784920 MAWs
2026-10-05T08:07:24Z   Species9: 724523 MAWs
2026-10-05T08:07:35Z Selected MAW lengths: [10, 11, 12]
2026-10-05T08:07:38Z Full matrix: 33 taxa x 8732063 columns, estimated 150 MB (memory limit 478 MB).
2026-10-05T08:07:49Z M_full 33 x 8732063; M_ml 33 x 50000.
2026-10-05T08:08:02Z Quartet counting: 40920 quartets, 4 chunks of up to 10899 (calibration 3633 quartets per second; popcount X86Popcnt).
2026-10-05T08:08:25Z Quartet weighting: 40920 quartets, 853 chunks of up to 48 (calibration 16 quartets per second; model pi1 = 0.500000, 100 resamples).
2026-10-05T08:10:09Z Provisional tree 1: 5% of quartets, in 1.52 s.
2026-10-05T08:11:58Z Provisional tree 2: 10% of quartets, in 1.50 s.
2026-10-05T08:13:32Z Provisional tree 3: 15% of quartets, in 1.58 s.
2026-10-05T08:15:12Z Provisional tree 4: 20% of quartets, in 1.63 s.
2026-10-05T08:16:59Z Provisional tree 5: 25% of quartets, in 1.78 s.
2026-10-05T08:18:47Z Provisional tree 6: 30% of quartets, in 1.73 s.
2026-10-05T08:20:29Z Provisional tree 7: 35% of quartets, in 1.94 s.
2026-10-05T08:22:09Z Provisional tree 8: 40% of quartets, in 1.91 s.
2026-10-05T08:24:01Z Provisional tree 9: 45% of quartets, in 2.01 s.
2026-10-05T08:25:43Z Provisional tree 10: 50% of quartets, in 2.05 s.
2026-10-05T08:27:23Z Provisional tree 11: 55% of quartets, in 2.09 s.
2026-10-05T08:30:28Z Provisional tree 12: 60% of quartets, in 3.75 s.
2026-10-05T08:32:11Z Provisional tree 13: 65% of quartets, in 2.17 s.
2026-10-05T08:33:52Z Provisional tree 14: 70% of quartets, in 2.17 s.
2026-10-05T08:36:39Z Provisional tree 15: 75% of quartets, in 4.22 s.
2026-10-05T08:39:44Z Provisional tree 16: 80% of quartets, in 4.91 s.
2026-10-05T08:42:54Z Provisional tree 17: 85% of quartets, in 5.54 s.
2026-10-05T08:46:02Z Provisional tree 18: 89% of quartets, in 4.79 s.
2026-10-05T08:47:33Z Provisional tree 19: 94% of quartets, in 1.21 s.
2026-10-05T08:50:12Z Provisional tree 20: 99% of quartets, in 6.57 s.
2026-10-05T08:50:37Z Amalgamation (wQFM-rs, w2c weights): 114670 weighted quartets, consistency score 16062.0767 of 40920.0000, in 3.0 s.
2026-10-05T08:50:37Z Support: 30 internal edges, S1 from 0.338398 to 0.999763; 33 taxa with a halo value below 0.6; in 0.6 s.
2026-10-05T08:50:39Z Bootstrap (S2): 100 replicates, Poisson(1) column weights, W2b weights inside.
2026-10-05T17:12:08Z Resuming run.
2026-10-05T20:06:02Z Resuming run.
2026-10-05T20:32:45Z Bootstrap (S2): 100 replicates; 30 internal edges, S2 from 0.000 to 1.000; split frequencies in 0.1 s.
2026-10-05T20:32:54Z Run finished. Root fingerprint: e52b066be94028a022506fd7cd7d91e400750cb9b65f5acdd562446cd2006e71
