2026-10-07T00:14:05Z Started analysis of D:\q-maws\data\raw\sim_hgt\simulated-sim_hgt\hgt_250.
2026-10-07T00:14:06Z Ingest: 33 taxa, average length 2124447; MAW lengths 5 to 14.
2026-10-07T00:14:07Z MAW extraction: 33 taxa to do, 3 at a time, strand filter on.
2026-10-07T00:14:23Z   Species1: 551724 MAWs
2026-10-07T00:14:23Z   Species10: 707253 MAWs
2026-10-07T00:14:23Z   Species11: 613835 MAWs
2026-10-07T00:14:38Z   Species12: 524467 MAWs
2026-10-07T00:14:38Z   Species13: 544273 MAWs
2026-10-07T00:14:38Z   Species14: 602916 MAWs
2026-10-07T00:14:55Z   Species15: 551655 MAWs
2026-10-07T00:14:55Z   Species16: 702399 MAWs
2026-10-07T00:14:55Z   Species17: 689201 MAWs
2026-10-07T00:15:11Z   Species18: 586948 MAWs
2026-10-07T00:15:11Z   Species19: 691952 MAWs
2026-10-07T00:15:11Z   Species2: 617482 MAWs
2026-10-07T00:15:27Z   Species20: 742598 MAWs
2026-10-07T00:15:27Z   Species21: 604488 MAWs
2026-10-07T00:15:27Z   Species22: 586915 MAWs
2026-10-07T00:15:44Z   Species23: 687105 MAWs
2026-10-07T00:15:44Z   Species24: 640966 MAWs
2026-10-07T00:15:44Z   Species25: 801602 MAWs
2026-10-07T00:15:56Z   Species26: 591431 MAWs
2026-10-07T00:15:56Z   Species27: 548933 MAWs
2026-10-07T00:15:56Z   Species28: 606308 MAWs
2026-10-07T00:16:13Z   Species29: 778166 MAWs
2026-10-07T00:16:13Z   Species3: 741533 MAWs
2026-10-07T00:16:13Z   Species30: 786623 MAWs
2026-10-07T00:16:28Z   Species31: 627280 MAWs
2026-10-07T00:16:28Z   Species32: 578929 MAWs
2026-10-07T00:16:28Z   Species33: 736482 MAWs
2026-10-07T00:16:42Z   Species4: 663505 MAWs
2026-10-07T00:16:42Z   Species5: 562050 MAWs
2026-10-07T00:16:42Z   Species6: 777926 MAWs
2026-10-07T00:16:56Z   Species7: 743783 MAWs
2026-10-07T00:16:56Z   Species8: 718657 MAWs
2026-10-07T00:16:56Z   Species9: 701488 MAWs
2026-10-07T00:17:02Z Selected MAW lengths: [10, 11, 12]
2026-10-07T00:17:08Z Full matrix: 33 taxa x 8367928 columns, estimated 144 MB (memory limit 1263 MB).
2026-10-07T00:17:19Z M_full 33 x 8367928; M_ml 33 x 50000.
2026-10-07T00:17:35Z Quartet counting: 40920 quartets, 5 chunks of up to 10080 (calibration 3360 quartets per second; popcount X86Popcnt).
2026-10-07T00:18:21Z Quartet weighting: 40920 quartets, 1364 chunks of up to 30 (calibration 10 quartets per second; model pi1 = 0.500000, 100 resamples).
2026-10-07T00:21:08Z Provisional tree 1: 2% of quartets, in 3.79 s.
2026-10-07T00:24:17Z Provisional tree 2: 5% of quartets, in 4.62 s.
2026-10-07T00:27:22Z Provisional tree 3: 7% of quartets, in 2.89 s.
2026-10-07T00:30:41Z Provisional tree 4: 10% of quartets, in 9.71 s.
2026-10-07T00:33:50Z Provisional tree 5: 11% of quartets, in 6.08 s.
2026-10-07T00:36:57Z Provisional tree 6: 13% of quartets, in 5.36 s.
2026-10-07T00:40:14Z Provisional tree 7: 14% of quartets, in 7.81 s.
2026-10-07T00:43:51Z Provisional tree 8: 15% of quartets, in 15.89 s.
2026-10-07T00:47:54Z Provisional tree 9: 16% of quartets, in 14.37 s.
2026-10-07T00:51:39Z Provisional tree 10: 17% of quartets, in 16.94 s.
2026-10-07T00:55:13Z Provisional tree 11: 18% of quartets, in 19.06 s.
2026-10-07T00:58:36Z Provisional tree 12: 18% of quartets, in 8.15 s.
2026-10-07T01:01:45Z Provisional tree 13: 19% of quartets, in 7.37 s.
2026-10-07T01:05:03Z Provisional tree 14: 20% of quartets, in 8.23 s.
2026-10-07T01:08:17Z Provisional tree 15: 21% of quartets, in 11.79 s.
2026-10-07T01:12:20Z Provisional tree 16: 23% of quartets, in 19.62 s.
2026-10-07T01:15:32Z Provisional tree 17: 24% of quartets, in 6.23 s.
2026-10-07T01:18:45Z Provisional tree 18: 26% of quartets, in 5.93 s.
2026-10-07T01:21:55Z Provisional tree 19: 27% of quartets, in 8.30 s.
2026-10-07T01:25:09Z Provisional tree 20: 29% of quartets, in 6.84 s.
2026-10-07T01:28:27Z Provisional tree 21: 30% of quartets, in 7.39 s.
2026-10-07T02:54:10Z Resuming run.
2026-10-07T02:56:59Z Provisional tree 22: 36% of quartets, in 3.74 s.
2026-10-07T03:00:05Z Provisional tree 23: 39% of quartets, in 3.06 s.
2026-10-07T03:03:12Z Provisional tree 24: 43% of quartets, in 2.71 s.
2026-10-07T03:06:27Z Provisional tree 25: 46% of quartets, in 6.11 s.
2026-10-07T03:09:35Z Provisional tree 26: 48% of quartets, in 4.21 s.
2026-10-07T03:12:40Z Provisional tree 27: 51% of quartets, in 4.18 s.
2026-10-07T03:15:51Z Provisional tree 28: 52% of quartets, in 8.36 s.
2026-10-07T03:18:57Z Provisional tree 29: 55% of quartets, in 4.29 s.
2026-10-07T03:22:03Z Provisional tree 30: 58% of quartets, in 2.25 s.
2026-10-07T03:25:12Z Provisional tree 31: 61% of quartets, in 2.42 s.
2026-10-07T03:28:22Z Provisional tree 32: 63% of quartets, in 7.32 s.
2026-10-07T03:31:31Z Provisional tree 33: 65% of quartets, in 5.18 s.
2026-10-07T03:34:35Z Provisional tree 34: 68% of quartets, in 4.25 s.
2026-10-07T03:37:41Z Provisional tree 35: 70% of quartets, in 4.36 s.
2026-10-07T03:40:46Z Provisional tree 36: 73% of quartets, in 4.29 s.
2026-10-07T03:43:51Z Provisional tree 37: 76% of quartets, in 4.11 s.
2026-10-07T03:46:59Z Provisional tree 38: 79% of quartets, in 4.44 s.
2026-10-07T03:50:07Z Provisional tree 39: 82% of quartets, in 4.37 s.
2026-10-07T03:53:17Z Provisional tree 40: 84% of quartets, in 7.24 s.
2026-10-07T04:08:19Z Provisional tree 41: 86% of quartets, in 15.02 s.
2026-10-07T04:13:41Z Provisional tree 42: 87% of quartets, in 8.19 s.
2026-10-07T04:18:08Z Provisional tree 43: 88% of quartets, in 78.82 s.
2026-10-07T04:18:08Z Provisional tree took 78.8 s of a 266.9 s interval (over 10%); updating every 10% or 360 s from now on.
2026-10-07T04:24:21Z Provisional tree 44: 92% of quartets, in 7.54 s.
2026-10-07T04:30:35Z Provisional tree 45: 96% of quartets, in 7.84 s.
2026-10-07T04:36:45Z Provisional tree 46: 100% of quartets, in 7.91 s.
2026-10-07T04:37:11Z Amalgamation (wQFM-rs, w2c weights): 113444 weighted quartets, consistency score 16506.7583 of 40920.0000, in 4.3 s.
2026-10-07T04:37:13Z Support: 30 internal edges, S1 from 0.364388 to 0.999978; 33 taxa with a halo value below 0.6; in 1.2 s.
2026-10-07T04:37:33Z Run finished. Root fingerprint: e79acb3c361d37df132ee5d7573567dcf23662b9bdebcf8c663a962e7aa992f7
