2026-10-02T19:30:42Z Started analysis of D:\q-maws\data\raw\fish_mito\assembled-fish_mito.
2026-10-02T19:30:42Z Ingest: 25 taxa, average length 16618; MAW lengths 3 to 10.
2026-10-02T19:30:42Z MAW extraction: 25 taxa to do, 12 at a time, strand filter on.
2026-10-02T19:30:42Z   NC_009057: 3299 MAWs
2026-10-02T19:30:42Z   NC_009058: 3293 MAWs
2026-10-02T19:30:42Z   NC_009059: 4024 MAWs
2026-10-02T19:30:42Z   NC_009060: 4159 MAWs
2026-10-02T19:30:42Z   NC_009062: 3472 MAWs
2026-10-02T19:30:42Z   NC_009063: 3612 MAWs
2026-10-02T19:30:42Z   NC_009064: 3392 MAWs
2026-10-02T19:30:42Z   NC_009065: 3506 MAWs
2026-10-02T19:30:42Z   NC_009066: 4081 MAWs
2026-10-02T19:30:42Z   NC_009067: 3818 MAWs
2026-10-02T19:30:42Z   NC_009459: 3665 MAWs
2026-10-02T19:30:42Z   NC_010205: 4036 MAWs
2026-10-02T19:30:42Z   NC_011168: 3328 MAWs
2026-10-02T19:30:42Z   NC_011169: 3142 MAWs
2026-10-02T19:30:42Z   NC_011170: 3458 MAWs
2026-10-02T19:30:42Z   NC_011171: 3571 MAWs
2026-10-02T19:30:42Z   NC_011177: 3207 MAWs
2026-10-02T19:30:42Z   NC_011179: 3395 MAWs
2026-10-02T19:30:42Z   NC_012055: 3833 MAWs
2026-10-02T19:30:42Z   NC_013564: 3398 MAWs
2026-10-02T19:30:42Z   NC_013577: 3487 MAWs
2026-10-02T19:30:42Z   NC_013663: 3459 MAWs
2026-10-02T19:30:42Z   NC_013750: 3281 MAWs
2026-10-02T19:30:42Z   NC_018814: 3577 MAWs
2026-10-02T19:30:42Z   NC_018815: 3500 MAWs
2026-10-02T19:30:42Z Selected MAW lengths: [7, 8, 9]
2026-10-02T19:30:42Z Full matrix: 25 taxa x 36217 columns, estimated 1 MB (memory limit 1116 MB).
2026-10-02T19:30:42Z M_full 25 x 36217; M_ml 25 x 36217.
2026-10-02T19:30:42Z Quartet counting: 12650 quartets, 1 chunks of up to 12650 (calibration 3370727 quartets per second; popcount X86Popcnt).
2026-10-02T19:30:42Z Quartet weighting: 12650 quartets, 15 chunks of up to 858 (calibration 286 quartets per second; model pi1 = 0.500000, 100 resamples).
2026-10-02T19:31:24Z Amalgamation (wQFM-rs, w2c weights): 29595 weighted quartets, consistency score 7945.4783 of 12650.0000, in 0.0 s.
2026-10-02T19:31:24Z Support: 22 internal edges, S1 from 0.619378 to 0.988340; 7 taxa with a halo value below 0.6; in 0.0 s.
2026-10-02T19:31:24Z Run finished. Root fingerprint: 187adfec003f89b86caf84dc022427caff4087a28d170c17eaf1b5f259ee602c
