2026-10-07T21:07:12Z Started analysis of D:\q-maws\data\raw\sim_hgt\simulated-sim_hgt\hgt_0.
2026-10-07T21:07:13Z Ingest: 33 taxa, average length 2180698; MAW lengths 5 to 14.
2026-10-07T21:07:13Z MAW extraction: 33 taxa to do, 3 at a time, strand filter on.
2026-10-07T21:07:29Z   Species1: 546275 MAWs
2026-10-07T21:07:29Z   Species10: 706324 MAWs
2026-10-07T21:07:29Z   Species11: 630655 MAWs
2026-10-07T21:07:48Z   Species12: 531113 MAWs
2026-10-07T21:07:48Z   Species13: 565503 MAWs
2026-10-07T21:07:48Z   Species14: 620762 MAWs
2026-10-07T21:08:11Z   Species15: 559621 MAWs
2026-10-07T21:08:11Z   Species16: 726989 MAWs
2026-10-07T21:08:11Z   Species17: 720161 MAWs
2026-10-07T21:08:31Z   Species18: 577241 MAWs
2026-10-07T21:08:31Z   Species19: 716422 MAWs
2026-10-07T21:08:31Z   Species2: 634692 MAWs
2026-10-07T21:08:58Z   Species20: 745008 MAWs
2026-10-07T21:08:58Z   Species21: 607573 MAWs
2026-10-07T21:08:58Z   Species22: 593582 MAWs
2026-10-07T21:09:28Z   Species23: 712057 MAWs
2026-10-07T21:09:28Z   Species24: 659857 MAWs
2026-10-07T21:09:28Z   Species25: 793495 MAWs
2026-10-07T21:09:48Z   Species26: 595178 MAWs
2026-10-07T21:09:48Z   Species27: 558917 MAWs
2026-10-07T21:09:48Z   Species28: 617209 MAWs
2026-10-07T21:10:18Z   Species29: 781148 MAWs
2026-10-07T21:10:18Z   Species3: 742989 MAWs
2026-10-07T21:10:18Z   Species30: 780307 MAWs
2026-10-07T21:10:50Z   Species31: 634930 MAWs
2026-10-07T21:10:50Z   Species32: 588621 MAWs
2026-10-07T21:10:50Z   Species33: 740090 MAWs
2026-10-07T21:11:19Z   Species4: 687407 MAWs
2026-10-07T21:11:19Z   Species5: 574279 MAWs
2026-10-07T21:11:19Z   Species6: 775784 MAWs
2026-10-07T21:11:45Z   Species7: 751886 MAWs
2026-10-07T21:11:45Z   Species8: 736731 MAWs
2026-10-07T21:11:45Z   Species9: 721868 MAWs
2026-10-07T21:11:56Z Selected MAW lengths: [10, 11, 12]
2026-10-07T21:12:08Z Full matrix: 33 taxa x 8571894 columns, estimated 147 MB (memory limit 1043 MB).
2026-10-07T21:12:35Z M_full 33 x 8571894; M_ml 33 x 50000.
2026-10-07T21:12:57Z Quartet counting: 40920 quartets, 5 chunks of up to 8492 (calibration 2831 quartets per second; popcount X86Popcnt).
2026-10-07T21:13:38Z Quartet weighting: 40920 quartets, 1364 chunks of up to 30 (calibration 10 quartets per second; model pi1 = 0.500000, 100 resamples).
2026-10-07T21:16:27Z Provisional tree 1: 2% of quartets, in 5.13 s.
2026-10-07T21:19:41Z Provisional tree 2: 5% of quartets, in 10.30 s.
2026-10-07T21:22:53Z Provisional tree 3: 7% of quartets, in 6.71 s.
2026-10-07T21:26:04Z Provisional tree 4: 10% of quartets, in 9.87 s.
2026-10-07T21:29:14Z Provisional tree 5: 12% of quartets, in 8.38 s.
2026-10-07T21:32:27Z Provisional tree 6: 14% of quartets, in 8.75 s.
2026-10-07T21:35:42Z Provisional tree 7: 16% of quartets, in 10.20 s.
2026-10-07T21:39:04Z Provisional tree 8: 18% of quartets, in 17.87 s.
2026-10-07T21:42:15Z Provisional tree 9: 20% of quartets, in 10.76 s.
2026-10-07T21:45:23Z Provisional tree 10: 23% of quartets, in 6.92 s.
2026-10-07T21:48:33Z Provisional tree 11: 25% of quartets, in 7.00 s.
2026-10-07T21:51:43Z Provisional tree 12: 27% of quartets, in 7.89 s.
2026-10-07T21:54:53Z Provisional tree 13: 29% of quartets, in 7.29 s.
2026-10-07T21:58:02Z Provisional tree 14: 32% of quartets, in 8.06 s.
2026-10-07T22:01:11Z Provisional tree 15: 34% of quartets, in 7.79 s.
2026-10-07T22:04:23Z Provisional tree 16: 36% of quartets, in 8.29 s.
2026-10-07T22:07:35Z Provisional tree 17: 38% of quartets, in 8.23 s.
2026-10-07T22:10:49Z Provisional tree 18: 41% of quartets, in 8.64 s.
2026-10-07T22:14:16Z Provisional tree 19: 43% of quartets, in 8.69 s.
2026-10-07T22:17:26Z Provisional tree 20: 45% of quartets, in 7.78 s.
2026-10-07T22:20:37Z Provisional tree 21: 47% of quartets, in 8.96 s.
2026-10-07T22:23:47Z Provisional tree 22: 50% of quartets, in 9.11 s.
2026-10-07T22:26:59Z Provisional tree 23: 52% of quartets, in 8.05 s.
2026-10-07T22:30:12Z Provisional tree 24: 54% of quartets, in 10.47 s.
2026-10-07T22:33:25Z Provisional tree 25: 56% of quartets, in 9.11 s.
2026-10-07T22:36:40Z Provisional tree 26: 59% of quartets, in 9.21 s.
2026-10-07T22:39:49Z Provisional tree 27: 61% of quartets, in 8.66 s.
2026-10-07T22:42:59Z Provisional tree 28: 63% of quartets, in 9.19 s.
2026-10-07T22:46:15Z Provisional tree 29: 65% of quartets, in 9.05 s.
2026-10-07T22:49:29Z Provisional tree 30: 67% of quartets, in 8.54 s.
2026-10-07T22:52:41Z Provisional tree 31: 70% of quartets, in 8.91 s.
2026-10-07T22:56:06Z Provisional tree 32: 72% of quartets, in 14.72 s.
2026-10-07T22:59:20Z Provisional tree 33: 74% of quartets, in 12.26 s.
2026-10-07T23:02:39Z Provisional tree 34: 76% of quartets, in 13.59 s.
2026-10-07T23:05:51Z Provisional tree 35: 78% of quartets, in 11.92 s.
2026-10-07T23:09:24Z Provisional tree 36: 80% of quartets, in 25.93 s.
2026-10-07T23:09:24Z Provisional tree took 25.9 s of a 212.2 s interval (over 10%); updating every 10% or 360 s from now on.
2026-10-07T23:15:46Z Provisional tree 37: 85% of quartets, in 14.78 s.
2026-10-07T23:22:02Z Provisional tree 38: 90% of quartets, in 11.02 s.
2026-10-07T23:28:13Z Provisional tree 39: 96% of quartets, in 8.87 s.
2026-10-07T23:33:21Z Amalgamation (wQFM-rs, w2c weights): 112760 weighted quartets, consistency score 16708.2050 of 40920.0000, in 4.1 s.
2026-10-07T23:33:22Z Support: 30 internal edges, S1 from 0.349172 to 1.000000; 33 taxa with a halo value below 0.6; in 1.1 s.
2026-10-07T23:33:53Z Run finished. Root fingerprint: 8aab4423ac5f19ba41487ee8a9223f4623f4e140a23d07a9d36f41084acd3edc
