2026-10-03T02:57:35Z Started analysis of D:\q-maws\results\controls\inputs\simulated\sequences.
2026-10-03T02:57:35Z Ingest: 16 taxa, average length 20000; MAW lengths 3 to 10.
2026-10-03T02:57:35Z MAW extraction: 16 taxa to do, 12 at a time, strand filter on.
2026-10-03T02:57:35Z   S01: 6212 MAWs
2026-10-03T02:57:35Z   S02: 6034 MAWs
2026-10-03T02:57:35Z   S03: 6031 MAWs
2026-10-03T02:57:35Z   S04: 6366 MAWs
2026-10-03T02:57:35Z   S05: 6369 MAWs
2026-10-03T02:57:35Z   S06: 6267 MAWs
2026-10-03T02:57:35Z   S07: 6195 MAWs
2026-10-03T02:57:35Z   S08: 6221 MAWs
2026-10-03T02:57:35Z   S09: 6188 MAWs
2026-10-03T02:57:35Z   S10: 6223 MAWs
2026-10-03T02:57:35Z   S11: 6390 MAWs
2026-10-03T02:57:35Z   S12: 6544 MAWs
2026-10-03T02:57:35Z   S13: 6570 MAWs
2026-10-03T02:57:35Z   S14: 6361 MAWs
2026-10-03T02:57:35Z   S15: 6435 MAWs
2026-10-03T02:57:35Z   S16: 6205 MAWs
2026-10-03T02:57:35Z Selected MAW lengths: [7, 8, 9]
2026-10-03T02:57:35Z Full matrix: 16 taxa x 57134 columns, estimated 1 MB (memory limit 1393 MB).
2026-10-03T02:57:35Z M_full 16 x 57134; M_ml 16 x 50000.
2026-10-03T02:57:35Z Quartet counting: 1820 quartets, 1 chunks of up to 1820 (calibration 910637 quartets per second; popcount X86Popcnt).
2026-10-03T02:57:36Z Quartet weighting: 1820 quartets, 3 chunks of up to 839 (calibration 280 quartets per second; model pi1 = 0.500000, 100 resamples).
2026-10-03T02:57:43Z Amalgamation (wQFM-rs, w2c weights): 4968 weighted quartets, consistency score 888.4550 of 1820.0000, in 0.0 s.
2026-10-03T02:57:43Z Support: 13 internal edges, S1 from 0.459031 to 0.970659; 16 taxa with a halo value below 0.6; in 0.0 s.
2026-10-03T02:57:43Z Bootstrap (S2): 100 replicates, Poisson(1) column weights, W2b weights inside.
2026-10-03T02:57:51Z Bootstrap (S2): 100 replicates; 13 internal edges, S2 from 0.000 to 1.000; split frequencies in 0.0 s.
2026-10-03T02:57:51Z Run finished. Root fingerprint: 962936ec049622d1275f8f84649ed4f82bf2f7e8042175dcfaf58814e4ac53f1
