2026-10-06T11:14:51Z Started analysis of D:\q-maws\data\raw\sim_hgt\simulated-sim_hgt\hgt_750.
2026-10-06T11:14:52Z Ingest: 33 taxa, average length 2238438; MAW lengths 5 to 14.
2026-10-06T11:14:53Z MAW extraction: 33 taxa to do, 6 at a time, strand filter on.
2026-10-06T11:15:01Z   Species1: 584429 MAWs
2026-10-06T11:15:01Z   Species10: 766756 MAWs
2026-10-06T11:15:02Z   Species11: 647079 MAWs
2026-10-06T11:15:02Z   Species12: 556744 MAWs
2026-10-06T11:15:02Z   Species13: 578021 MAWs
2026-10-06T11:15:02Z   Species14: 647409 MAWs
2026-10-06T11:15:12Z   Species15: 579536 MAWs
2026-10-06T11:15:12Z   Species16: 736479 MAWs
2026-10-06T11:15:12Z   Species17: 757339 MAWs
2026-10-06T11:15:12Z   Species18: 619054 MAWs
2026-10-06T11:15:12Z   Species19: 765531 MAWs
2026-10-06T11:15:12Z   Species2: 659802 MAWs
2026-10-06T11:15:24Z   Species20: 801051 MAWs
2026-10-06T11:15:24Z   Species21: 635326 MAWs
2026-10-06T11:15:24Z   Species22: 639684 MAWs
2026-10-06T11:15:24Z   Species23: 765637 MAWs
2026-10-06T11:15:24Z   Species24: 676238 MAWs
2026-10-06T11:15:24Z   Species25: 821912 MAWs
2026-10-06T11:15:35Z   Species26: 617735 MAWs
2026-10-06T11:15:35Z   Species27: 578347 MAWs
2026-10-06T11:15:35Z   Species28: 643064 MAWs
2026-10-06T11:15:35Z   Species29: 819437 MAWs
2026-10-06T11:15:35Z   Species3: 797763 MAWs
2026-10-06T11:15:35Z   Species30: 824688 MAWs
2026-10-06T11:15:48Z   Species31: 649312 MAWs
2026-10-06T11:15:48Z   Species32: 613379 MAWs
2026-10-06T11:15:48Z   Species33: 796792 MAWs
2026-10-06T11:15:48Z   Species4: 708283 MAWs
2026-10-06T11:15:48Z   Species5: 594716 MAWs
2026-10-06T11:15:48Z   Species6: 810698 MAWs
2026-10-06T11:15:56Z   Species7: 797274 MAWs
2026-10-06T11:15:56Z   Species8: 784920 MAWs
2026-10-06T11:15:56Z   Species9: 724523 MAWs
2026-10-06T11:15:59Z Selected MAW lengths: [10, 11, 12]
2026-10-06T11:16:02Z Full matrix: 33 taxa x 8732063 columns, estimated 150 MB (memory limit 1103 MB).
2026-10-06T11:16:08Z M_full 33 x 8732063; M_ml 33 x 50000.
2026-10-06T11:16:20Z Quartet counting: 40920 quartets, 4 chunks of up to 12966 (calibration 4322 quartets per second; popcount X86Popcnt).
2026-10-06T11:16:42Z Quartet weighting: 40920 quartets, 553 chunks of up to 74 (calibration 25 quartets per second; model pi1 = 0.500000, 100 resamples).
2026-10-06T11:18:36Z Provisional tree 1: 5% of quartets, in 1.65 s.
2026-10-06T11:20:44Z Provisional tree 2: 10% of quartets, in 1.82 s.
2026-10-06T11:22:41Z Provisional tree 3: 15% of quartets, in 1.97 s.
2026-10-06T11:24:29Z Provisional tree 4: 20% of quartets, in 2.19 s.
2026-10-06T11:26:30Z Provisional tree 5: 25% of quartets, in 2.17 s.
2026-10-06T11:28:19Z Provisional tree 6: 30% of quartets, in 2.30 s.
2026-10-06T11:30:13Z Provisional tree 7: 35% of quartets, in 2.39 s.
2026-10-06T11:31:56Z Provisional tree 8: 41% of quartets, in 2.36 s.
2026-10-06T11:33:54Z Provisional tree 9: 46% of quartets, in 2.34 s.
2026-10-06T11:35:47Z Provisional tree 10: 51% of quartets, in 2.49 s.
2026-10-06T11:37:33Z Provisional tree 11: 56% of quartets, in 2.63 s.
2026-10-06T11:39:25Z Provisional tree 12: 61% of quartets, in 2.79 s.
2026-10-06T11:41:11Z Provisional tree 13: 66% of quartets, in 2.75 s.
2026-10-06T11:43:03Z Provisional tree 14: 71% of quartets, in 2.80 s.
2026-10-06T12:35:18Z Resuming run.
2026-10-06T12:35:37Z Provisional tree 15: 76% of quartets, in 3.08 s.
2026-10-06T12:35:37Z Provisional tree took 3.1 s of a 16.0 s interval (over 10%); updating every 10% or 360 s from now on.
2026-10-06T12:39:22Z Provisional tree 16: 86% of quartets, in 2.84 s.
2026-10-06T12:42:54Z Provisional tree 17: 96% of quartets, in 3.03 s.
2026-10-06T12:44:22Z Amalgamation (wQFM-rs, w2c weights): 114668 weighted quartets, consistency score 16061.7633 of 40920.0000, in 1.6 s.
2026-10-06T12:44:22Z Support: 30 internal edges, S1 from 0.344803 to 0.999785; 33 taxa with a halo value below 0.6; in 0.2 s.
2026-10-06T12:44:30Z Run finished. Root fingerprint: e86fb7a15f580fcd24f9389a216c25afd76c3e2afeb196641d9246494cea919b
