2026-10-03T11:42:47Z Started analysis of D:\q-maws\data\raw\sim_hgt\simulated-sim_hgt\hgt_0.
2026-10-03T11:42:48Z Ingest: 33 taxa, average length 2180698; MAW lengths 5 to 14.
2026-10-03T11:42:49Z MAW extraction: 33 taxa to do, 7 at a time, strand filter on.
2026-10-03T11:42:56Z   Species1: 546275 MAWs
2026-10-03T11:42:56Z   Species10: 706324 MAWs
2026-10-03T11:42:56Z   Species11: 630655 MAWs
2026-10-03T11:42:56Z   Species12: 531113 MAWs
2026-10-03T11:42:56Z   Species13: 565503 MAWs
2026-10-03T11:42:56Z   Species14: 620762 MAWs
2026-10-03T11:42:56Z   Species15: 559621 MAWs
2026-10-03T11:43:04Z   Species16: 726989 MAWs
2026-10-03T11:43:04Z   Species17: 720161 MAWs
2026-10-03T11:43:04Z   Species18: 577241 MAWs
2026-10-03T11:43:04Z   Species19: 716422 MAWs
2026-10-03T11:43:04Z   Species2: 634692 MAWs
2026-10-03T11:43:04Z   Species20: 745008 MAWs
2026-10-03T11:43:04Z   Species21: 607573 MAWs
2026-10-03T11:43:12Z   Species22: 593582 MAWs
2026-10-03T11:43:12Z   Species23: 712057 MAWs
2026-10-03T11:43:12Z   Species24: 659857 MAWs
2026-10-03T11:43:12Z   Species25: 793495 MAWs
2026-10-03T11:43:12Z   Species26: 595178 MAWs
2026-10-03T11:43:12Z   Species27: 558917 MAWs
2026-10-03T11:43:12Z   Species28: 617209 MAWs
2026-10-03T11:43:20Z   Species29: 781148 MAWs
2026-10-03T11:43:20Z   Species3: 742989 MAWs
2026-10-03T11:43:20Z   Species30: 780307 MAWs
2026-10-03T11:43:20Z   Species31: 634930 MAWs
2026-10-03T11:43:20Z   Species32: 588621 MAWs
2026-10-03T11:43:20Z   Species33: 740090 MAWs
2026-10-03T11:43:20Z   Species4: 687407 MAWs
2026-10-03T11:43:27Z   Species5: 574279 MAWs
2026-10-03T11:43:27Z   Species6: 775784 MAWs
2026-10-03T11:43:27Z   Species7: 751886 MAWs
2026-10-03T11:43:27Z   Species8: 736731 MAWs
2026-10-03T11:43:27Z   Species9: 721868 MAWs
2026-10-03T11:43:28Z Selected MAW lengths: [10, 11, 12]
2026-10-03T11:43:30Z Full matrix: 33 taxa x 8571894 columns, estimated 147 MB (memory limit 1106 MB).
2026-10-03T11:43:33Z M_full 33 x 8571894; M_ml 33 x 50000.
2026-10-03T11:43:41Z Quartet counting: 40920 quartets, 3 chunks of up to 16282 (calibration 5427 quartets per second; popcount X86Popcnt).
2026-10-03T11:43:52Z Quartet weighting: 40920 quartets, 96 chunks of up to 427 (calibration 142 quartets per second; model pi1 = 0.500000, 100 resamples).
2026-10-03T11:44:07Z Provisional tree 1: 5% of quartets, in 0.61 s.
2026-10-03T11:44:22Z Provisional tree 2: 10% of quartets, in 0.47 s.
2026-10-03T11:44:37Z Provisional tree 3: 16% of quartets, in 0.49 s.
2026-10-03T11:44:51Z Provisional tree 4: 21% of quartets, in 0.53 s.
2026-10-03T11:45:06Z Provisional tree 5: 26% of quartets, in 0.61 s.
2026-10-03T11:45:20Z Provisional tree 6: 31% of quartets, in 0.58 s.
2026-10-03T11:45:36Z Provisional tree 7: 37% of quartets, in 0.58 s.
2026-10-03T11:45:52Z Provisional tree 8: 42% of quartets, in 1.08 s.
2026-10-03T11:46:09Z Provisional tree 9: 47% of quartets, in 0.56 s.
2026-10-03T11:46:24Z Provisional tree 10: 52% of quartets, in 0.60 s.
2026-10-03T11:46:39Z Provisional tree 11: 57% of quartets, in 0.66 s.
2026-10-03T11:46:55Z Provisional tree 12: 63% of quartets, in 0.55 s.
2026-10-03T11:47:10Z Provisional tree 13: 68% of quartets, in 0.62 s.
2026-10-03T11:47:24Z Provisional tree 14: 73% of quartets, in 0.60 s.
2026-10-03T11:47:39Z Provisional tree 15: 78% of quartets, in 0.65 s.
2026-10-03T11:47:54Z Provisional tree 16: 83% of quartets, in 0.62 s.
2026-10-03T11:48:08Z Provisional tree 17: 89% of quartets, in 0.61 s.
2026-10-03T11:48:25Z Provisional tree 18: 94% of quartets, in 0.63 s.
2026-10-03T11:48:38Z Provisional tree 19: 99% of quartets, in 0.63 s.
2026-10-03T11:48:41Z Amalgamation (wQFM-rs, w2c weights): 112757 weighted quartets, consistency score 16707.4817 of 40920.0000, in 0.3 s.
2026-10-03T11:48:41Z Support: 30 internal edges, S1 from 0.353018 to 1.000000; 33 taxa with a halo value below 0.6; in 0.0 s.
2026-10-03T11:48:41Z Bootstrap (S2): 100 replicates, Poisson(1) column weights, W2b weights inside.
2026-10-03T15:18:22Z Bootstrap (S2): 100 replicates; 30 internal edges, S2 from 0.000 to 1.000; split frequencies in 0.1 s.
2026-10-03T15:18:30Z Run finished. Root fingerprint: 33ac4eca60c8987a23f8534f3d90952023bb4fa6a5d4bc7e2228d16b31619306
