2026-10-09T11:40:41Z Started analysis of D:\q-maws\data\raw\ecoli\assembled-ecoli.
2026-10-09T11:40:42Z Ingest: 29 taxa, average length 4894999; MAW lengths 5 to 14.
2026-10-09T11:40:43Z MAW extraction: 29 taxa to do, 2 at a time, strand filter on.
2026-10-09T11:40:57Z   536: 1522012 MAWs
2026-10-09T11:40:57Z   APEC01: 1586558 MAWs
2026-10-09T11:41:10Z   ATCC8739: 1443661 MAWs
2026-10-09T11:41:10Z   B18BS512: 1308398 MAWs
2026-10-09T11:41:22Z   B4Sb227: 1291285 MAWs
2026-10-09T11:41:22Z   BW2952: 1390514 MAWs
2026-10-09T11:41:37Z   CB9615: 1673273 MAWs
2026-10-09T11:41:37Z   CFT073: 1625061 MAWs
2026-10-09T11:41:49Z   D1Sd197: 1210822 MAWs
2026-10-09T11:41:49Z   DH10B: 1392167 MAWs
2026-10-09T11:42:05Z   E234869: 1519918 MAWs
2026-10-09T11:42:05Z   E24377A: 1526158 MAWs
2026-10-09T11:42:20Z   ED1a: 1619557 MAWs
2026-10-09T11:42:20Z   EDL933: 1708440 MAWs
2026-10-09T11:42:33Z   F2a2457T: 1353005 MAWs
2026-10-09T11:42:33Z   F2a301: 1370351 MAWs
2026-10-09T11:42:45Z   F5b8401: 1360074 MAWs
2026-10-09T11:42:45Z   HS: 1407716 MAWs
2026-10-09T11:43:00Z   IAI1: 1453489 MAWs
2026-10-09T11:43:00Z   IAI39: 1559488 MAWs
2026-10-09T11:43:14Z   MG1655: 1414971 MAWs
2026-10-09T11:43:15Z   S88: 1541629 MAWs
2026-10-09T11:43:28Z   SE11: 1505647 MAWs
2026-10-09T11:43:28Z   SMS35: 1558465 MAWs
2026-10-09T11:43:45Z   SSSs046: 1387587 MAWs
2026-10-09T11:43:45Z   Sakai: 1719556 MAWs
2026-10-09T11:43:59Z   UMN026: 1598510 MAWs
2026-10-09T11:43:59Z   UTI89: 1560505 MAWs
2026-10-09T11:44:10Z   W3110: 1421754 MAWs
2026-10-09T11:44:15Z Selected MAW lengths: [11, 12, 13]
2026-10-09T11:44:19Z Full matrix: 29 taxa x 7374035 columns, estimated 123 MB (memory limit 961 MB).
2026-10-09T11:44:27Z M_full 29 x 7374035; M_ml 29 x 50000.
2026-10-09T11:44:35Z Quartet counting: 23751 quartets, 3 chunks of up to 11402 (calibration 3801 quartets per second; popcount X86Popcnt).
2026-10-09T11:45:15Z Quartet weighting: 23751 quartets, 1320 chunks of up to 18 (calibration 6 quartets per second; model pi1 = 0.500000, 100 resamples).
2026-10-09T11:47:45Z Provisional tree 1: 3% of quartets, in 1.04 s.
2026-10-09T11:50:46Z Provisional tree 2: 7% of quartets, in 0.80 s.
2026-10-09T11:53:49Z Provisional tree 3: 11% of quartets, in 0.81 s.
2026-10-09T11:56:50Z Provisional tree 4: 15% of quartets, in 0.90 s.
2026-10-09T11:59:53Z Provisional tree 5: 20% of quartets, in 0.88 s.
2026-10-09T12:02:56Z Provisional tree 6: 24% of quartets, in 0.92 s.
2026-10-09T12:06:03Z Provisional tree 7: 28% of quartets, in 2.64 s.
2026-10-09T12:09:05Z Provisional tree 8: 31% of quartets, in 0.92 s.
2026-10-09T12:12:07Z Provisional tree 9: 35% of quartets, in 1.66 s.
2026-10-09T12:15:12Z Provisional tree 10: 39% of quartets, in 2.53 s.
2026-10-09T12:18:15Z Provisional tree 11: 42% of quartets, in 1.08 s.
2026-10-09T12:21:19Z Provisional tree 12: 46% of quartets, in 1.33 s.
2026-10-09T12:24:24Z Provisional tree 13: 49% of quartets, in 3.35 s.
2026-10-09T12:27:27Z Provisional tree 14: 52% of quartets, in 1.80 s.
2026-10-09T12:30:29Z Provisional tree 15: 56% of quartets, in 1.31 s.
2026-10-09T12:33:32Z Provisional tree 16: 59% of quartets, in 1.72 s.
2026-10-09T12:36:35Z Provisional tree 17: 63% of quartets, in 2.88 s.
2026-10-09T12:39:41Z Provisional tree 18: 66% of quartets, in 2.36 s.
2026-10-09T12:42:45Z Provisional tree 19: 69% of quartets, in 1.43 s.
2026-10-09T12:45:49Z Provisional tree 20: 73% of quartets, in 2.16 s.
2026-10-09T12:49:00Z Provisional tree 21: 77% of quartets, in 5.57 s.
2026-10-09T12:52:06Z Provisional tree 22: 81% of quartets, in 2.68 s.
2026-10-09T12:55:09Z Provisional tree 23: 84% of quartets, in 2.31 s.
2026-10-09T12:58:12Z Provisional tree 24: 87% of quartets, in 1.94 s.
2026-10-09T13:01:18Z Provisional tree 25: 90% of quartets, in 2.51 s.
2026-10-09T13:04:22Z Provisional tree 26: 94% of quartets, in 2.55 s.
2026-10-09T13:07:23Z Provisional tree 27: 98% of quartets, in 1.02 s.
2026-10-09T13:09:43Z Amalgamation (wQFM-rs, w2c weights): 40030 weighted quartets, consistency score 16289.8083 of 23751.0000, in 0.7 s.
2026-10-09T13:09:43Z Support: 26 internal edges, S1 from 0.458200 to 0.987236; 0 taxa with a halo value below 0.6; in 0.3 s.
2026-10-09T13:09:59Z Run finished. Root fingerprint: a60c82be9eaa3f3206c5d9f520f8aee3d4b31408b217bc6349cc3288712056e4
