2026-10-05T03:51:55Z Started analysis of D:\q-maws\data\raw\sim_hgt\simulated-sim_hgt\hgt_500.
2026-10-05T03:51:56Z Ingest: 33 taxa, average length 2205064; MAW lengths 5 to 14.
2026-10-05T03:51:57Z MAW extraction: 33 taxa to do, 3 at a time, strand filter on.
2026-10-05T03:52:07Z   Species1: 567609 MAWs
2026-10-05T03:52:07Z   Species10: 751896 MAWs
2026-10-05T03:52:07Z   Species11: 642019 MAWs
2026-10-05T03:52:27Z   Species12: 549830 MAWs
2026-10-05T03:52:27Z   Species13: 566970 MAWs
2026-10-05T03:52:27Z   Species14: 638922 MAWs
2026-10-05T03:52:47Z   Species15: 565778 MAWs
2026-10-05T03:52:47Z   Species16: 738633 MAWs
2026-10-05T03:52:47Z   Species17: 731766 MAWs
2026-10-05T03:53:07Z   Species18: 610719 MAWs
2026-10-05T03:53:07Z   Species19: 749442 MAWs
2026-10-05T03:53:07Z   Species2: 651290 MAWs
2026-10-05T03:53:30Z   Species20: 800173 MAWs
2026-10-05T03:53:30Z   Species21: 618136 MAWs
2026-10-05T03:53:30Z   Species22: 621910 MAWs
2026-10-05T03:53:50Z   Species23: 738016 MAWs
2026-10-05T03:53:50Z   Species24: 668922 MAWs
2026-10-05T03:53:50Z   Species25: 823082 MAWs
2026-10-05T03:54:08Z   Species26: 607279 MAWs
2026-10-05T03:54:08Z   Species27: 564400 MAWs
2026-10-05T03:54:08Z   Species28: 632047 MAWs
2026-10-05T03:54:36Z   Species29: 820606 MAWs
2026-10-05T03:54:36Z   Species3: 765308 MAWs
2026-10-05T03:54:36Z   Species30: 818907 MAWs
2026-10-05T03:54:56Z   Species31: 649388 MAWs
2026-10-05T03:54:56Z   Species32: 606889 MAWs
2026-10-05T03:54:56Z   Species33: 767563 MAWs
2026-10-05T03:55:20Z   Species4: 695919 MAWs
2026-10-05T03:55:20Z   Species5: 587780 MAWs
2026-10-05T03:55:20Z   Species6: 817040 MAWs
2026-10-05T03:55:41Z   Species7: 763763 MAWs
2026-10-05T03:55:41Z   Species8: 756965 MAWs
2026-10-05T03:55:41Z   Species9: 718583 MAWs
2026-10-05T03:55:46Z Selected MAW lengths: [10, 11, 12]
2026-10-05T03:55:50Z Full matrix: 33 taxa x 8617194 columns, estimated 148 MB (memory limit 579 MB).
2026-10-05T03:55:59Z M_full 33 x 8617194; M_ml 33 x 50000.
2026-10-05T03:56:38Z Quartet counting: 40920 quartets, 10 chunks of up to 4092 (calibration 1364 quartets per second; popcount X86Popcnt).
2026-10-05T03:59:53Z Quartet weighting: 40920 quartets, 1077 chunks of up to 38 (calibration 13 quartets per second; model pi1 = 0.500000, 100 resamples).
2026-10-05T04:03:08Z Provisional tree 1: 1% of quartets, in 25.40 s.
2026-10-05T04:03:08Z Provisional tree took 25.4 s of a 209.6 s interval (over 10%); updating every 10% or 360 s from now on.
2026-10-05T04:09:24Z Provisional tree 2: 3% of quartets, in 12.23 s.
2026-10-05T04:14:48Z Provisional tree 3: 13% of quartets, in 3.80 s.
2026-10-05T04:18:55Z Provisional tree 4: 23% of quartets, in 1.71 s.
2026-10-05T04:22:50Z Provisional tree 5: 33% of quartets, in 1.84 s.
2026-10-05T04:27:07Z Provisional tree 6: 43% of quartets, in 2.04 s.
2026-10-05T04:33:13Z Provisional tree 7: 52% of quartets, in 4.42 s.
2026-10-05T04:36:32Z Provisional tree 8: 62% of quartets, in 1.31 s.
2026-10-05T04:38:41Z Provisional tree 9: 72% of quartets, in 1.31 s.
2026-10-05T04:40:43Z Provisional tree 10: 82% of quartets, in 1.00 s.
2026-10-05T04:42:38Z Provisional tree 11: 92% of quartets, in 1.13 s.
2026-10-05T04:43:56Z Amalgamation (wQFM-rs, w2c weights): 113667 weighted quartets, consistency score 16427.6567 of 40920.0000, in 0.6 s.
2026-10-05T04:43:56Z Support: 30 internal edges, S1 from 0.351971 to 1.000000; 33 taxa with a halo value below 0.6; in 0.1 s.
2026-10-05T04:43:57Z Bootstrap (S2): 100 replicates, Poisson(1) column weights, W2b weights inside.
2026-10-05T08:05:05Z Bootstrap (S2): 100 replicates; 30 internal edges, S2 from 0.000 to 1.000; split frequencies in 0.3 s.
2026-10-05T08:05:17Z Run finished. Root fingerprint: 15341f49286266accf0064d0fb1ab68c45ea7f22339ceb2cd36a9453a3274129
