2026-10-03T02:57:51Z Started analysis of D:\q-maws\results\controls\inputs\fish_shuffled.
2026-10-03T02:57:51Z Ingest: 25 taxa, average length 16618; MAW lengths 3 to 10.
2026-10-03T02:57:51Z MAW extraction: 25 taxa to do, 12 at a time, strand filter on.
2026-10-03T02:57:51Z   NC_009057: 3436 MAWs
2026-10-03T02:57:51Z   NC_009058: 3398 MAWs
2026-10-03T02:57:51Z   NC_009059: 3922 MAWs
2026-10-03T02:57:51Z   NC_009060: 4154 MAWs
2026-10-03T02:57:51Z   NC_009062: 3572 MAWs
2026-10-03T02:57:51Z   NC_009063: 3331 MAWs
2026-10-03T02:57:51Z   NC_009064: 3564 MAWs
2026-10-03T02:57:51Z   NC_009065: 3615 MAWs
2026-10-03T02:57:51Z   NC_009066: 4429 MAWs
2026-10-03T02:57:51Z   NC_009067: 3947 MAWs
2026-10-03T02:57:51Z   NC_009459: 3855 MAWs
2026-10-03T02:57:51Z   NC_010205: 4141 MAWs
2026-10-03T02:57:51Z   NC_011168: 3326 MAWs
2026-10-03T02:57:51Z   NC_011169: 3386 MAWs
2026-10-03T02:57:51Z   NC_011170: 3333 MAWs
2026-10-03T02:57:51Z   NC_011171: 3637 MAWs
2026-10-03T02:57:51Z   NC_011177: 3463 MAWs
2026-10-03T02:57:51Z   NC_011179: 3241 MAWs
2026-10-03T02:57:51Z   NC_012055: 3920 MAWs
2026-10-03T02:57:51Z   NC_013564: 3399 MAWs
2026-10-03T02:57:51Z   NC_013577: 3928 MAWs
2026-10-03T02:57:51Z   NC_013663: 3319 MAWs
2026-10-03T02:57:51Z   NC_013750: 3093 MAWs
2026-10-03T02:57:51Z   NC_018814: 3585 MAWs
2026-10-03T02:57:51Z   NC_018815: 3535 MAWs
2026-10-03T02:57:52Z Selected MAW lengths: [7, 8, 9]
2026-10-03T02:57:52Z Full matrix: 25 taxa x 49389 columns, estimated 1 MB (memory limit 1348 MB).
2026-10-03T02:57:52Z M_full 25 x 49389; M_ml 25 x 49389.
2026-10-03T02:57:52Z Quartet counting: 12650 quartets, 1 chunks of up to 12650 (calibration 3230420 quartets per second; popcount X86Popcnt).
2026-10-03T02:57:52Z Quartet weighting: 12650 quartets, 14 chunks of up to 911 (calibration 304 quartets per second; model pi1 = 0.500000, 100 resamples).
2026-10-03T02:58:33Z Amalgamation (wQFM-rs, w2c weights): 37950 weighted quartets, consistency score 4216.6667 of 12650.0000, in 0.1 s.
2026-10-03T02:58:33Z Support: 22 internal edges, S1 from 0.333333 to 0.333333; 25 taxa with a halo value below 0.6; in 0.0 s.
2026-10-03T02:58:33Z Bootstrap (S2): 100 replicates, Poisson(1) column weights, W2b weights inside.
2026-10-03T02:59:26Z Bootstrap (S2): 100 replicates; 22 internal edges, S2 from 0.000 to 0.020; split frequencies in 0.0 s.
2026-10-03T02:59:26Z Run finished. Root fingerprint: 2dfb5c0ffc203e5cb4d94ba028f9820b9f92028dbf7477119244f1020aaffe33
