2026-10-08T19:15:23Z Started analysis of D:\q-maws\data\raw\sim_hgt\simulated-sim_hgt\hgt_750.
2026-10-08T19:15:23Z Ingest: 33 taxa, average length 2238438; MAW lengths 5 to 14.
2026-10-08T19:15:24Z MAW extraction: 33 taxa to do, 4 at a time, strand filter on.
2026-10-08T19:15:41Z   Species1: 584429 MAWs
2026-10-08T19:15:41Z   Species10: 766756 MAWs
2026-10-08T19:15:41Z   Species11: 647079 MAWs
2026-10-08T19:15:41Z   Species12: 556744 MAWs
2026-10-08T19:16:04Z   Species13: 578021 MAWs
2026-10-08T19:16:04Z   Species14: 647409 MAWs
2026-10-08T19:16:04Z   Species15: 579536 MAWs
2026-10-08T19:16:04Z   Species16: 736479 MAWs
2026-10-08T19:16:30Z   Species17: 757339 MAWs
2026-10-08T19:16:30Z   Species18: 619054 MAWs
2026-10-08T19:16:30Z   Species19: 765531 MAWs
2026-10-08T19:16:30Z   Species2: 659802 MAWs
2026-10-08T19:16:56Z   Species20: 801051 MAWs
2026-10-08T19:16:56Z   Species21: 635326 MAWs
2026-10-08T19:16:56Z   Species22: 639684 MAWs
2026-10-08T19:16:56Z   Species23: 765637 MAWs
2026-10-08T19:17:22Z   Species24: 676238 MAWs
2026-10-08T19:17:22Z   Species25: 821912 MAWs
2026-10-08T19:17:22Z   Species26: 617735 MAWs
2026-10-08T19:17:22Z   Species27: 578347 MAWs
2026-10-08T19:17:50Z   Species28: 643064 MAWs
2026-10-08T19:17:50Z   Species29: 819437 MAWs
2026-10-08T19:17:50Z   Species3: 797763 MAWs
2026-10-08T19:17:50Z   Species30: 824688 MAWs
2026-10-08T19:18:18Z   Species31: 649312 MAWs
2026-10-08T19:18:18Z   Species32: 613379 MAWs
2026-10-08T19:18:18Z   Species33: 796792 MAWs
2026-10-08T19:18:18Z   Species4: 708283 MAWs
2026-10-08T19:18:49Z   Species5: 594716 MAWs
2026-10-08T19:18:49Z   Species6: 810698 MAWs
2026-10-08T19:18:49Z   Species7: 797274 MAWs
2026-10-08T19:18:49Z   Species8: 784920 MAWs
2026-10-08T19:19:09Z   Species9: 724523 MAWs
2026-10-08T19:19:24Z Selected MAW lengths: [10, 11, 12]
2026-10-08T19:19:37Z Full matrix: 33 taxa x 8732063 columns, estimated 150 MB (memory limit 730 MB).
2026-10-08T19:20:07Z M_full 33 x 8732063; M_ml 33 x 50000.
2026-10-08T19:20:29Z Quartet counting: 40920 quartets, 5 chunks of up to 8700 (calibration 2900 quartets per second; popcount X86Popcnt).
2026-10-08T19:21:04Z Quartet weighting: 40920 quartets, 999 chunks of up to 41 (calibration 14 quartets per second; model pi1 = 0.500000, 100 resamples).
2026-10-08T19:24:00Z Provisional tree 1: 3% of quartets, in 5.41 s.
2026-10-08T19:27:08Z Provisional tree 2: 6% of quartets, in 5.18 s.
2026-10-08T19:30:17Z Provisional tree 3: 9% of quartets, in 5.53 s.
2026-10-08T19:33:33Z Provisional tree 4: 12% of quartets, in 6.33 s.
2026-10-08T19:36:40Z Provisional tree 5: 15% of quartets, in 5.48 s.
2026-10-08T19:39:47Z Provisional tree 6: 17% of quartets, in 5.25 s.
2026-10-08T19:42:57Z Provisional tree 7: 20% of quartets, in 6.94 s.
2026-10-08T19:46:09Z Provisional tree 8: 23% of quartets, in 6.76 s.
2026-10-08T19:49:25Z Provisional tree 9: 25% of quartets, in 12.56 s.
2026-10-08T19:52:40Z Provisional tree 10: 27% of quartets, in 11.16 s.
2026-10-08T19:55:59Z Provisional tree 11: 29% of quartets, in 17.50 s.
2026-10-08T19:59:17Z Provisional tree 12: 30% of quartets, in 13.41 s.
2026-10-08T20:02:31Z Provisional tree 13: 32% of quartets, in 12.81 s.
2026-10-08T20:05:50Z Provisional tree 14: 34% of quartets, in 17.65 s.
2026-10-08T20:09:07Z Provisional tree 15: 35% of quartets, in 14.81 s.
2026-10-08T20:12:36Z Provisional tree 16: 37% of quartets, in 14.19 s.
2026-10-08T20:15:42Z Provisional tree 17: 40% of quartets, in 4.55 s.
2026-10-08T20:18:45Z Provisional tree 18: 44% of quartets, in 2.53 s.
2026-10-08T20:22:03Z Provisional tree 19: 49% of quartets, in 15.30 s.
2026-10-08T20:25:10Z Provisional tree 20: 54% of quartets, in 6.15 s.
2026-10-08T20:28:19Z Provisional tree 21: 56% of quartets, in 6.73 s.
2026-10-08T20:31:23Z Provisional tree 22: 61% of quartets, in 6.93 s.
2026-10-08T20:34:33Z Provisional tree 23: 66% of quartets, in 6.13 s.
2026-10-08T20:37:39Z Provisional tree 24: 70% of quartets, in 3.83 s.
2026-10-08T20:40:49Z Provisional tree 25: 74% of quartets, in 6.13 s.
2026-10-08T20:44:06Z Provisional tree 26: 79% of quartets, in 13.42 s.
2026-10-08T20:47:12Z Provisional tree 27: 83% of quartets, in 3.57 s.
2026-10-08T20:50:20Z Provisional tree 28: 87% of quartets, in 3.88 s.
2026-10-08T20:53:27Z Provisional tree 29: 90% of quartets, in 5.61 s.
2026-10-08T20:56:34Z Provisional tree 30: 95% of quartets, in 4.89 s.
2026-10-08T20:59:40Z Provisional tree 31: 98% of quartets, in 5.70 s.
2026-10-08T21:01:57Z Amalgamation (wQFM-rs, w2c weights): 114670 weighted quartets, consistency score 16062.3033 of 40920.0000, in 6.6 s.
2026-10-08T21:01:57Z Support: 30 internal edges, S1 from 0.347670 to 0.999742; 33 taxa with a halo value below 0.6; in 0.5 s.
2026-10-08T21:02:28Z Run finished. Root fingerprint: c3b311b0f3cb6eeb496b078f75bfeb75fa8a51069010176ce8cf07a8d63a590f
