2026-10-06T09:28:49Z Started analysis of D:\q-maws\data\raw\sim_hgt\simulated-sim_hgt\hgt_250.
2026-10-06T09:28:50Z Ingest: 33 taxa, average length 2124447; MAW lengths 5 to 14.
2026-10-06T09:28:50Z MAW extraction: 33 taxa to do, 7 at a time, strand filter on.
2026-10-06T09:29:09Z   Species1: 551724 MAWs
2026-10-06T09:29:09Z   Species10: 707253 MAWs
2026-10-06T09:29:09Z   Species11: 613835 MAWs
2026-10-06T09:29:09Z   Species12: 524467 MAWs
2026-10-06T09:29:09Z   Species13: 544273 MAWs
2026-10-06T09:29:09Z   Species14: 602916 MAWs
2026-10-06T09:29:09Z   Species15: 551655 MAWs
2026-10-06T09:29:52Z   Species16: 702399 MAWs
2026-10-06T09:29:52Z   Species17: 689201 MAWs
2026-10-06T09:29:52Z   Species18: 586948 MAWs
2026-10-06T09:29:53Z   Species19: 691952 MAWs
2026-10-06T09:29:53Z   Species2: 617482 MAWs
2026-10-06T09:29:53Z   Species20: 742598 MAWs
2026-10-06T09:29:53Z   Species21: 604488 MAWs
2026-10-06T09:30:24Z   Species22: 586915 MAWs
2026-10-06T09:30:24Z   Species23: 687105 MAWs
2026-10-06T09:30:24Z   Species24: 640966 MAWs
2026-10-06T09:30:24Z   Species25: 801602 MAWs
2026-10-06T09:30:24Z   Species26: 591431 MAWs
2026-10-06T09:30:24Z   Species27: 548933 MAWs
2026-10-06T09:30:24Z   Species28: 606308 MAWs
2026-10-06T09:30:57Z   Species29: 778166 MAWs
2026-10-06T09:30:57Z   Species3: 741533 MAWs
2026-10-06T09:30:57Z   Species30: 786623 MAWs
2026-10-06T09:30:57Z   Species31: 627280 MAWs
2026-10-06T09:30:57Z   Species32: 578929 MAWs
2026-10-06T09:30:58Z   Species33: 736482 MAWs
2026-10-06T09:30:58Z   Species4: 663505 MAWs
2026-10-06T09:31:25Z   Species5: 562050 MAWs
2026-10-06T09:31:25Z   Species6: 777926 MAWs
2026-10-06T09:31:25Z   Species7: 743783 MAWs
2026-10-06T09:31:25Z   Species8: 718657 MAWs
2026-10-06T09:31:25Z   Species9: 701488 MAWs
2026-10-06T09:31:33Z Selected MAW lengths: [10, 11, 12]
2026-10-06T09:31:40Z Full matrix: 33 taxa x 8367928 columns, estimated 144 MB (memory limit 1391 MB).
2026-10-06T09:31:55Z M_full 33 x 8367928; M_ml 33 x 50000.
2026-10-06T09:32:13Z Quartet counting: 40920 quartets, 5 chunks of up to 8848 (calibration 2949 quartets per second; popcount X86Popcnt).
2026-10-06T09:32:51Z Quartet weighting: 40920 quartets, 930 chunks of up to 44 (calibration 15 quartets per second; model pi1 = 0.500000, 100 resamples).
2026-10-06T09:35:04Z Provisional tree 1: 5% of quartets, in 1.23 s.
2026-10-06T09:37:03Z Provisional tree 2: 10% of quartets, in 1.42 s.
2026-10-06T09:38:53Z Provisional tree 3: 15% of quartets, in 1.59 s.
2026-10-06T09:40:50Z Provisional tree 4: 20% of quartets, in 1.77 s.
2026-10-06T09:42:42Z Provisional tree 5: 25% of quartets, in 1.69 s.
2026-10-06T09:44:37Z Provisional tree 6: 30% of quartets, in 1.77 s.
2026-10-06T09:46:30Z Provisional tree 7: 35% of quartets, in 1.80 s.
2026-10-06T09:48:16Z Provisional tree 8: 40% of quartets, in 1.80 s.
2026-10-06T09:50:21Z Provisional tree 9: 45% of quartets, in 1.94 s.
2026-10-06T09:52:08Z Provisional tree 10: 51% of quartets, in 1.98 s.
2026-10-06T09:53:56Z Provisional tree 11: 56% of quartets, in 2.03 s.
2026-10-06T09:55:46Z Provisional tree 12: 61% of quartets, in 2.08 s.
2026-10-06T09:57:36Z Provisional tree 13: 66% of quartets, in 2.16 s.
2026-10-06T09:59:35Z Provisional tree 14: 71% of quartets, in 2.12 s.
2026-10-06T10:01:22Z Provisional tree 15: 76% of quartets, in 2.07 s.
2026-10-06T10:03:19Z Provisional tree 16: 81% of quartets, in 2.11 s.
2026-10-06T10:05:04Z Provisional tree 17: 86% of quartets, in 2.20 s.
2026-10-06T10:06:50Z Provisional tree 18: 91% of quartets, in 2.44 s.
2026-10-06T10:09:03Z Provisional tree 19: 96% of quartets, in 2.78 s.
2026-10-06T10:12:50Z Provisional tree 20: 99% of quartets, in 3.67 s.
2026-10-06T10:13:24Z Amalgamation (wQFM-rs, w2c weights): 113446 weighted quartets, consistency score 16505.7700 of 40920.0000, in 1.5 s.
2026-10-06T10:13:24Z Support: 30 internal edges, S1 from 0.340968 to 0.999957; 33 taxa with a halo value below 0.6; in 0.3 s.
2026-10-06T10:13:35Z Run finished. Root fingerprint: 01e0b0b8120857b3b3f924ca67913d62fb94013e2b933f19fcbae2fc85e062f0
