2026-10-09T13:10:04Z Started analysis of D:\q-maws\data\raw\influenza_a\influenza_a.fasta.
2026-10-09T13:10:04Z Ingest: 38 taxa, average length 1406; MAW lengths 2 to 8.
2026-10-09T13:10:04Z MAW extraction: 38 taxa to do, 12 at a time, strand filter on.
2026-10-09T13:10:04Z   A/turkey/Ontario/FAV110-4/2009_H1N1_: 522 MAWs
2026-10-09T13:10:04Z   A/mallard/Nova_Scotia/00088/2010_H1N1_: 416 MAWs
2026-10-09T13:10:04Z   A/thick-billed_murre/Canada/1871/2011_H1N1_: 460 MAWs
2026-10-09T13:10:04Z   A/duck/Guangxi/030D/2009_H1N1_: 433 MAWs
2026-10-09T13:10:04Z   A/mallard/France/691/2002_H1N1_: 417 MAWs
2026-10-09T13:10:04Z   A/duck/Hokkaido/w73/2007_H1N1_: 446 MAWs
2026-10-09T13:10:04Z   A/pintail/Miyagi/1472/2008_H1N1_: 472 MAWs
2026-10-09T13:10:04Z   A/mallard/Korea/KNU_YP09/2009_H1N1_: 447 MAWs
2026-10-09T13:10:04Z   A/mallard/Maryland/352/2002_H1N1_: 495 MAWs
2026-10-09T13:10:04Z   A/mallard/Maryland/26/2003_H1N1_: 464 MAWs
2026-10-09T13:10:04Z   A/dunlin/Alaska/44421-660/2008_H1N1_: 404 MAWs
2026-10-09T13:10:04Z   A/mallard/Minnesota/Sg-00620/2008_H1N1_: 407 MAWs
2026-10-09T13:10:04Z   A/turkey/Virginia/4135/2014_H1N1_: 494 MAWs
2026-10-09T13:10:04Z   A/chicken/Eastern_China/XH222/2008_H5N1_: 385 MAWs
2026-10-09T13:10:04Z   A/duck/Eastern_China/JS017/2009_H5N1_: 367 MAWs
2026-10-09T13:10:04Z   A/chicken/Yunnan/chuxiong01/2005_H5N1_: 360 MAWs
2026-10-09T13:10:04Z   A/chicken/Germany/R3234/2007_H5N1_: 356 MAWs
2026-10-09T13:10:04Z   A/domestic_duck/Germany/R1772/2007_H5N1_: 350 MAWs
2026-10-09T13:10:04Z   A/wild_bird/Hong_Kong/07035-1/2011_H5N1_: 370 MAWs
2026-10-09T13:10:04Z   A/Chicken/Hong_Kong/822.1/01__H5N1_: 377 MAWs
2026-10-09T13:10:04Z   A/chicken/Miyazaki/10/2011_H5N1_: 350 MAWs
2026-10-09T13:10:04Z   A/chicken/Korea/es/2003_H5N1_: 349 MAWs
2026-10-09T13:10:04Z   A/mandarin_duck/Korea/K10-483/2010_H5N1_: 357 MAWs
2026-10-09T13:10:04Z   A/turkey/VA/505477-18/2007_H5N1_: 401 MAWs
2026-10-09T13:10:04Z   A/American_black_duck/NB/2538/2007_H7N3_: 401 MAWs
2026-10-09T13:10:04Z   A/American_black_duck/New_Brunswick/02490/2007_H7N3_: 395 MAWs
2026-10-09T13:10:04Z   A/American_green-winged_teal/California/44242-906/2007_H7N3_: 387 MAWs
2026-10-09T13:10:04Z   A/avian/Delaware_Bay/226/2006_H7N3_: 399 MAWs
2026-10-09T13:10:04Z   A/chicken/British_Columbia/GSC_human_B/04_H7N3_: 418 MAWs
2026-10-09T13:10:04Z   A/chicken/Rizhao/713/2013_H7N9_: 316 MAWs
2026-10-09T13:10:05Z   A/chicken/Jiangsu/1021/2013_H7N9_: 342 MAWs
2026-10-09T13:10:05Z   A/duck/Jiangxi/3096/2009_H7N9_: 355 MAWs
2026-10-09T13:10:05Z   A/wild_duck/Korea/SH19-47/2010_H7N9_: 332 MAWs
2026-10-09T13:10:05Z   A/turkey/Minnesota/1/1988_H7N9_: 356 MAWs
2026-10-09T13:10:05Z   A/mallard/Minnesota/AI09-3770/2009_H7N9_: 336 MAWs
2026-10-09T13:10:05Z   A/mallard/Postdam/178-4/1983_H2N2_: 456 MAWs
2026-10-09T13:10:05Z   A/duck/Hong_Kong/319/1978_H2N2_: 495 MAWs
2026-10-09T13:10:05Z   A/emperor_goose/Alaska/44297-260/2007_H2N2_: 446 MAWs
2026-10-09T13:10:05Z Selected MAW lengths: [5, 6, 7]
2026-10-09T13:10:05Z Full matrix: 38 taxa x 3559 columns, estimated 1 MB (memory limit 681 MB).
2026-10-09T13:10:05Z M_full 38 x 3559; M_ml 38 x 3559.
2026-10-09T13:10:05Z Quartet counting: 73815 quartets, 1 chunks of up to 73815 (calibration 6322126 quartets per second; popcount X86Popcnt).
2026-10-09T13:10:06Z Quartet weighting: 73815 quartets, 128 chunks of up to 577 (calibration 192 quartets per second; model pi1 = 0.500000, 100 resamples).
2026-10-09T13:11:49Z Provisional tree 1: 5% of quartets, in 4.24 s.
2026-10-09T13:13:42Z Provisional tree 2: 11% of quartets, in 2.74 s.
2026-10-09T13:15:26Z Provisional tree 3: 16% of quartets, in 2.77 s.
2026-10-09T13:17:12Z Provisional tree 4: 22% of quartets, in 3.76 s.
2026-10-09T13:19:11Z Provisional tree 5: 27% of quartets, in 3.75 s.
2026-10-09T13:21:09Z Provisional tree 6: 33% of quartets, in 3.47 s.
2026-10-09T13:23:09Z Provisional tree 7: 38% of quartets, in 3.79 s.
2026-10-09T13:25:05Z Provisional tree 8: 44% of quartets, in 3.17 s.
2026-10-09T13:27:00Z Provisional tree 9: 49% of quartets, in 4.13 s.
2026-10-09T13:28:56Z Provisional tree 10: 55% of quartets, in 4.17 s.
2026-10-09T13:30:46Z Provisional tree 11: 60% of quartets, in 3.68 s.
2026-10-09T13:32:29Z Provisional tree 12: 66% of quartets, in 3.79 s.
2026-10-09T13:35:24Z Provisional tree 13: 71% of quartets, in 6.92 s.
2026-10-09T13:38:59Z Provisional tree 14: 77% of quartets, in 6.84 s.
2026-10-09T13:42:24Z Provisional tree 15: 82% of quartets, in 5.19 s.
2026-10-09T13:45:02Z Provisional tree 16: 88% of quartets, in 4.52 s.
2026-10-09T13:46:53Z Provisional tree 17: 93% of quartets, in 4.96 s.
2026-10-09T13:48:46Z Provisional tree 18: 98% of quartets, in 4.57 s.
2026-10-09T13:49:17Z Amalgamation (wQFM-rs, w2c weights): 186639 weighted quartets, consistency score 51146.1900 of 73815.0000, in 0.7 s.
2026-10-09T13:49:17Z Support: 35 internal edges, S1 from 0.587614 to 0.998794; 1 taxa with a halo value below 0.6; in 0.1 s.
2026-10-09T13:49:17Z Bootstrap (S2): 100 replicates, Poisson(1) column weights, W2b weights inside.
2026-10-09T14:24:53Z Bootstrap (S2): 100 replicates; 35 internal edges, S2 from 0.000 to 1.000; split frequencies in 0.1 s.
2026-10-09T14:24:56Z Run finished. Root fingerprint: f2cfc7aa4c494d42e6e41224dcb56fb116a059fd1f092dfa9a3b7c3c2829fdc3
