2026-10-08T17:20:16Z Started analysis of D:\q-maws\data\raw\sim_hgt\simulated-sim_hgt\hgt_500.
2026-10-08T17:20:17Z Ingest: 33 taxa, average length 2205064; MAW lengths 5 to 14.
2026-10-08T17:20:17Z MAW extraction: 33 taxa to do, 5 at a time, strand filter on.
2026-10-08T17:20:36Z   Species1: 567609 MAWs
2026-10-08T17:20:36Z   Species10: 751896 MAWs
2026-10-08T17:20:36Z   Species11: 642019 MAWs
2026-10-08T17:20:36Z   Species12: 549830 MAWs
2026-10-08T17:20:36Z   Species13: 566970 MAWs
2026-10-08T17:21:04Z   Species14: 638922 MAWs
2026-10-08T17:21:04Z   Species15: 565778 MAWs
2026-10-08T17:21:04Z   Species16: 738633 MAWs
2026-10-08T17:21:04Z   Species17: 731766 MAWs
2026-10-08T17:21:04Z   Species18: 610719 MAWs
2026-10-08T17:21:32Z   Species19: 749442 MAWs
2026-10-08T17:21:32Z   Species2: 651290 MAWs
2026-10-08T17:21:33Z   Species20: 800173 MAWs
2026-10-08T17:21:33Z   Species21: 618136 MAWs
2026-10-08T17:21:33Z   Species22: 621910 MAWs
2026-10-08T17:22:04Z   Species23: 738016 MAWs
2026-10-08T17:22:04Z   Species24: 668922 MAWs
2026-10-08T17:22:04Z   Species25: 823082 MAWs
2026-10-08T17:22:04Z   Species26: 607279 MAWs
2026-10-08T17:22:04Z   Species27: 564400 MAWs
2026-10-08T17:22:39Z   Species28: 632047 MAWs
2026-10-08T17:22:39Z   Species29: 820606 MAWs
2026-10-08T17:22:40Z   Species3: 765308 MAWs
2026-10-08T17:22:40Z   Species30: 818907 MAWs
2026-10-08T17:22:40Z   Species31: 649388 MAWs
2026-10-08T17:23:09Z   Species32: 606889 MAWs
2026-10-08T17:23:09Z   Species33: 767563 MAWs
2026-10-08T17:23:09Z   Species4: 695919 MAWs
2026-10-08T17:23:09Z   Species5: 587780 MAWs
2026-10-08T17:23:09Z   Species6: 817040 MAWs
2026-10-08T17:23:32Z   Species7: 763763 MAWs
2026-10-08T17:23:32Z   Species8: 756965 MAWs
2026-10-08T17:23:32Z   Species9: 718583 MAWs
2026-10-08T17:23:44Z Selected MAW lengths: [10, 11, 12]
2026-10-08T17:23:55Z Full matrix: 33 taxa x 8617194 columns, estimated 148 MB (memory limit 919 MB).
2026-10-08T17:24:23Z M_full 33 x 8617194; M_ml 33 x 50000.
2026-10-08T17:24:43Z Quartet counting: 40920 quartets, 5 chunks of up to 9014 (calibration 3005 quartets per second; popcount X86Popcnt).
2026-10-08T17:25:17Z Quartet weighting: 40920 quartets, 910 chunks of up to 45 (calibration 15 quartets per second; model pi1 = 0.500000, 100 resamples).
2026-10-08T17:28:11Z Provisional tree 1: 3% of quartets, in 5.74 s.
2026-10-08T17:31:16Z Provisional tree 2: 5% of quartets, in 5.06 s.
2026-10-08T17:34:26Z Provisional tree 3: 8% of quartets, in 5.79 s.
2026-10-08T17:37:35Z Provisional tree 4: 11% of quartets, in 5.72 s.
2026-10-08T17:40:44Z Provisional tree 5: 14% of quartets, in 6.37 s.
2026-10-08T17:43:56Z Provisional tree 6: 17% of quartets, in 6.40 s.
2026-10-08T17:47:10Z Provisional tree 7: 20% of quartets, in 6.73 s.
2026-10-08T17:50:19Z Provisional tree 8: 23% of quartets, in 7.10 s.
2026-10-08T17:53:29Z Provisional tree 9: 25% of quartets, in 6.81 s.
2026-10-08T17:56:40Z Provisional tree 10: 28% of quartets, in 7.00 s.
2026-10-08T17:59:51Z Provisional tree 11: 31% of quartets, in 7.51 s.
2026-10-08T18:03:04Z Provisional tree 12: 34% of quartets, in 7.34 s.
2026-10-08T18:06:11Z Provisional tree 13: 37% of quartets, in 6.97 s.
2026-10-08T18:09:19Z Provisional tree 14: 40% of quartets, in 6.94 s.
2026-10-08T18:12:31Z Provisional tree 15: 44% of quartets, in 6.91 s.
2026-10-08T18:15:42Z Provisional tree 16: 47% of quartets, in 7.10 s.
2026-10-08T18:18:52Z Provisional tree 17: 49% of quartets, in 7.02 s.
2026-10-08T18:22:05Z Provisional tree 18: 52% of quartets, in 7.28 s.
2026-10-08T18:25:18Z Provisional tree 19: 56% of quartets, in 7.66 s.
2026-10-08T18:28:28Z Provisional tree 20: 59% of quartets, in 7.42 s.
2026-10-08T18:31:37Z Provisional tree 21: 62% of quartets, in 7.99 s.
2026-10-08T18:34:46Z Provisional tree 22: 65% of quartets, in 8.15 s.
2026-10-08T18:38:02Z Provisional tree 23: 68% of quartets, in 8.11 s.
2026-10-08T18:41:18Z Provisional tree 24: 70% of quartets, in 8.20 s.
2026-10-08T18:44:28Z Provisional tree 25: 73% of quartets, in 7.55 s.
2026-10-08T18:47:38Z Provisional tree 26: 76% of quartets, in 7.99 s.
2026-10-08T18:50:50Z Provisional tree 27: 79% of quartets, in 8.16 s.
2026-10-08T18:54:06Z Provisional tree 28: 82% of quartets, in 9.23 s.
2026-10-08T18:57:25Z Provisional tree 29: 85% of quartets, in 10.33 s.
2026-10-08T19:00:43Z Provisional tree 30: 88% of quartets, in 9.23 s.
2026-10-08T19:03:57Z Provisional tree 31: 91% of quartets, in 9.44 s.
2026-10-08T19:07:20Z Provisional tree 32: 94% of quartets, in 9.64 s.
2026-10-08T19:10:33Z Provisional tree 33: 97% of quartets, in 9.74 s.
2026-10-08T19:13:42Z Provisional tree 34: 99% of quartets, in 9.14 s.
2026-10-08T19:14:28Z Amalgamation (wQFM-rs, w2c weights): 113656 weighted quartets, consistency score 16426.8883 of 40920.0000, in 4.1 s.
2026-10-08T19:14:29Z Support: 30 internal edges, S1 from 0.340075 to 1.000000; 33 taxa with a halo value below 0.6; in 0.8 s.
2026-10-08T19:14:56Z Run finished. Root fingerprint: fce93b6e1474c2b2792cbec03b7893b7f08207cddc9b148640046bb13602b959
