2026-10-09T06:59:12Z Started analysis of D:\q-maws\data\raw\fish_mito\assembled-fish_mito.
2026-10-09T06:59:13Z Ingest: 25 taxa, average length 16618; MAW lengths 3 to 10.
2026-10-09T06:59:13Z MAW extraction: 25 taxa to do, 12 at a time, strand filter on.
2026-10-09T06:59:13Z   NC_009057: 3299 MAWs
2026-10-09T06:59:13Z   NC_009058: 3293 MAWs
2026-10-09T06:59:13Z   NC_009059: 4024 MAWs
2026-10-09T06:59:13Z   NC_009060: 4159 MAWs
2026-10-09T06:59:13Z   NC_009062: 3472 MAWs
2026-10-09T06:59:13Z   NC_009063: 3612 MAWs
2026-10-09T06:59:13Z   NC_009064: 3392 MAWs
2026-10-09T06:59:13Z   NC_009065: 3506 MAWs
2026-10-09T06:59:13Z   NC_009066: 4081 MAWs
2026-10-09T06:59:13Z   NC_009067: 3818 MAWs
2026-10-09T06:59:13Z   NC_009459: 3665 MAWs
2026-10-09T06:59:13Z   NC_010205: 4036 MAWs
2026-10-09T06:59:13Z   NC_011168: 3328 MAWs
2026-10-09T06:59:13Z   NC_011169: 3142 MAWs
2026-10-09T06:59:13Z   NC_011170: 3458 MAWs
2026-10-09T06:59:13Z   NC_011171: 3571 MAWs
2026-10-09T06:59:13Z   NC_011177: 3207 MAWs
2026-10-09T06:59:13Z   NC_011179: 3395 MAWs
2026-10-09T06:59:13Z   NC_012055: 3833 MAWs
2026-10-09T06:59:13Z   NC_013564: 3398 MAWs
2026-10-09T06:59:13Z   NC_013577: 3487 MAWs
2026-10-09T06:59:13Z   NC_013663: 3459 MAWs
2026-10-09T06:59:13Z   NC_013750: 3281 MAWs
2026-10-09T06:59:13Z   NC_018814: 3577 MAWs
2026-10-09T06:59:13Z   NC_018815: 3500 MAWs
2026-10-09T06:59:13Z Selected MAW lengths: [7, 8, 9]
2026-10-09T06:59:13Z Full matrix: 25 taxa x 36217 columns, estimated 1 MB (memory limit 695 MB).
2026-10-09T06:59:13Z M_full 25 x 36217; M_ml 25 x 36217.
2026-10-09T06:59:13Z Quartet counting: 12650 quartets, 1 chunks of up to 12650 (calibration 2687315 quartets per second; popcount X86Popcnt).
2026-10-09T06:59:14Z Quartet weighting: 12650 quartets, 25 chunks of up to 509 (calibration 170 quartets per second; model pi1 = 0.500000, 100 resamples).
2026-10-09T06:59:39Z Provisional tree 1: 8% of quartets, in 1.84 s.
2026-10-09T07:00:48Z Provisional tree 2: 16% of quartets, in 2.65 s.
2026-10-09T07:01:44Z Provisional tree 3: 24% of quartets, in 1.85 s.
2026-10-09T07:02:36Z Provisional tree 4: 32% of quartets, in 1.39 s.
2026-10-09T07:03:39Z Provisional tree 5: 40% of quartets, in 2.63 s.
2026-10-09T07:04:18Z Provisional tree 6: 48% of quartets, in 0.61 s.
2026-10-09T07:04:58Z Provisional tree 7: 56% of quartets, in 1.31 s.
2026-10-09T07:05:43Z Provisional tree 8: 64% of quartets, in 2.74 s.
2026-10-09T07:06:41Z Provisional tree 9: 72% of quartets, in 1.56 s.
2026-10-09T07:07:16Z Provisional tree 10: 80% of quartets, in 1.56 s.
2026-10-09T07:07:58Z Provisional tree 11: 89% of quartets, in 1.36 s.
2026-10-09T07:08:30Z Provisional tree 12: 97% of quartets, in 1.68 s.
2026-10-09T07:08:48Z Amalgamation (wQFM-rs, w2c weights): 35558 weighted quartets, consistency score 5473.8000 of 12650.0000, in 0.4 s.
2026-10-09T07:08:48Z Support: 22 internal edges, S1 from 0.374339 to 0.980086; 25 taxa with a halo value below 0.6; in 0.0 s.
2026-10-09T07:08:51Z Run finished. Root fingerprint: 9f7445aa91dd3450fd785faaeb96f2501ca7825a8fc9c037a72c22e6a0ecd910
