2026-10-08T07:59:53Z Started analysis of D:\q-maws\data\raw\ecoli_shigella_hgt\unsimulated-ecoli_shigella.
2026-10-08T07:59:54Z Ingest: 27 taxa, average length 4905896; MAW lengths 5 to 14.
2026-10-08T07:59:55Z MAW extraction: 27 taxa to do, 1 at a time, strand filter on.
2026-10-08T08:00:27Z   NC_000913: 1414971 MAWs
2026-10-08T08:01:13Z   NC_002655: 1708440 MAWs
2026-10-08T08:01:57Z   NC_002695: 1719556 MAWs
2026-10-08T08:02:39Z   NC_004337: 1370351 MAWs
2026-10-08T08:03:38Z   NC_004431: 1625061 MAWs
2026-10-08T08:04:16Z   NC_004741: 1353005 MAWs
2026-10-08T08:04:51Z   NC_007384: 1387587 MAWs
2026-10-08T08:05:22Z   NC_007606: 1210822 MAWs
2026-10-08T08:05:57Z   NC_007613: 1291285 MAWs
2026-10-08T08:06:31Z   NC_007779: 1421754 MAWs
2026-10-08T08:07:10Z   NC_007946: 1560505 MAWs
2026-10-08T08:07:46Z   NC_008253: 1522012 MAWs
2026-10-08T08:08:19Z   NC_008258: 1360074 MAWs
2026-10-08T08:08:59Z   NC_008563: 1586558 MAWs
2026-10-08T08:09:35Z   NC_009800: 1407716 MAWs
2026-10-08T08:10:12Z   NC_009801: 1526158 MAWs
2026-10-08T08:10:48Z   NC_010468: 1443661 MAWs
2026-10-08T08:11:27Z   NC_010498: 1558465 MAWs
2026-10-08T08:11:59Z   NC_010658: 1308398 MAWs
2026-10-08T08:12:36Z   NC_011415: 1505647 MAWs
2026-10-08T08:13:15Z   NC_011601: 1519918 MAWs
2026-10-08T08:13:51Z   NC_011741: 1453489 MAWs
2026-10-08T08:14:28Z   NC_011742: 1541629 MAWs
2026-10-08T08:15:06Z   NC_011745: 1619557 MAWs
2026-10-08T08:15:45Z   NC_011748: 1586124 MAWs
2026-10-08T08:16:24Z   NC_011750: 1559488 MAWs
2026-10-08T08:17:04Z   NC_011751: 1598510 MAWs
2026-10-08T08:17:20Z Selected MAW lengths: [11, 12, 13]
2026-10-08T08:17:35Z Full matrix: 27 taxa x 7362929 columns, estimated 121 MB (memory limit 1183 MB).
2026-10-08T08:18:08Z M_full 27 x 7362929; M_ml 27 x 50000.
2026-10-08T08:18:16Z Quartet counting: 17550 quartets, 2 chunks of up to 11392 (calibration 3797 quartets per second; popcount X86Popcnt).
2026-10-08T08:19:41Z Quartet weighting: 17550 quartets, 2508 chunks of up to 7 (calibration 2 quartets per second; model pi1 = 0.500000, 100 resamples).
2026-10-08T08:21:29Z Provisional tree 1: 1% of quartets, in 4.86 s.
2026-10-08T08:24:37Z Provisional tree 2: 1% of quartets, in 4.17 s.
2026-10-08T08:27:55Z Provisional tree 3: 2% of quartets, in 4.26 s.
2026-10-08T08:30:59Z Provisional tree 4: 3% of quartets, in 4.44 s.
2026-10-08T08:34:06Z Provisional tree 5: 4% of quartets, in 4.47 s.
2026-10-08T08:37:12Z Provisional tree 6: 5% of quartets, in 4.62 s.
2026-10-08T08:40:22Z Provisional tree 7: 6% of quartets, in 3.94 s.
2026-10-08T08:43:32Z Provisional tree 8: 7% of quartets, in 4.57 s.
2026-10-08T08:46:39Z Provisional tree 9: 8% of quartets, in 4.67 s.
2026-10-08T08:49:49Z Provisional tree 10: 9% of quartets, in 4.43 s.
2026-10-08T08:53:06Z Provisional tree 11: 9% of quartets, in 4.47 s.
2026-10-08T08:56:10Z Provisional tree 12: 10% of quartets, in 4.53 s.
2026-10-08T08:59:31Z Provisional tree 13: 11% of quartets, in 4.75 s.
2026-10-08T09:02:43Z Provisional tree 14: 12% of quartets, in 4.77 s.
2026-10-08T09:05:48Z Provisional tree 15: 13% of quartets, in 5.17 s.
2026-10-08T09:08:58Z Provisional tree 16: 14% of quartets, in 4.67 s.
2026-10-08T09:12:05Z Provisional tree 17: 15% of quartets, in 4.54 s.
2026-10-08T09:15:14Z Provisional tree 18: 16% of quartets, in 4.55 s.
2026-10-08T09:18:22Z Provisional tree 19: 17% of quartets, in 5.00 s.
2026-10-08T09:21:31Z Provisional tree 20: 18% of quartets, in 4.87 s.
2026-10-08T09:24:44Z Provisional tree 21: 18% of quartets, in 5.07 s.
2026-10-08T09:27:51Z Provisional tree 22: 20% of quartets, in 4.65 s.
2026-10-08T09:30:57Z Provisional tree 23: 21% of quartets, in 4.18 s.
2026-10-08T09:34:03Z Provisional tree 24: 21% of quartets, in 5.25 s.
2026-10-08T09:37:09Z Provisional tree 25: 22% of quartets, in 5.12 s.
2026-10-08T09:40:16Z Provisional tree 26: 23% of quartets, in 5.08 s.
2026-10-08T09:43:28Z Provisional tree 27: 24% of quartets, in 5.71 s.
2026-10-08T09:46:38Z Provisional tree 28: 25% of quartets, in 4.62 s.
2026-10-08T09:49:49Z Provisional tree 29: 26% of quartets, in 4.99 s.
2026-10-08T09:52:55Z Provisional tree 30: 27% of quartets, in 5.49 s.
2026-10-08T09:56:04Z Provisional tree 31: 28% of quartets, in 4.74 s.
2026-10-08T09:59:10Z Provisional tree 32: 29% of quartets, in 4.91 s.
2026-10-08T10:02:22Z Provisional tree 33: 29% of quartets, in 4.88 s.
2026-10-08T10:05:28Z Provisional tree 34: 30% of quartets, in 4.28 s.
2026-10-08T10:08:41Z Provisional tree 35: 31% of quartets, in 4.92 s.
2026-10-08T10:11:49Z Provisional tree 36: 32% of quartets, in 5.12 s.
2026-10-08T10:14:55Z Provisional tree 37: 33% of quartets, in 5.19 s.
2026-10-08T10:18:06Z Provisional tree 38: 34% of quartets, in 6.11 s.
2026-10-08T10:21:12Z Provisional tree 39: 35% of quartets, in 5.11 s.
2026-10-08T10:24:26Z Provisional tree 40: 36% of quartets, in 8.25 s.
2026-10-08T10:27:32Z Provisional tree 41: 37% of quartets, in 5.67 s.
2026-10-08T10:30:38Z Provisional tree 42: 38% of quartets, in 5.61 s.
2026-10-08T10:33:44Z Provisional tree 43: 39% of quartets, in 5.78 s.
2026-10-08T10:36:55Z Provisional tree 44: 40% of quartets, in 5.15 s.
2026-10-08T10:40:01Z Provisional tree 45: 41% of quartets, in 5.98 s.
2026-10-08T10:43:13Z Provisional tree 46: 42% of quartets, in 5.23 s.
2026-10-08T10:46:22Z Provisional tree 47: 42% of quartets, in 5.67 s.
2026-10-08T10:49:29Z Provisional tree 48: 43% of quartets, in 5.51 s.
2026-10-08T10:52:37Z Provisional tree 49: 44% of quartets, in 4.74 s.
2026-10-08T10:55:54Z Provisional tree 50: 45% of quartets, in 7.36 s.
2026-10-08T10:59:09Z Provisional tree 51: 46% of quartets, in 5.47 s.
2026-10-08T11:02:24Z Provisional tree 52: 47% of quartets, in 6.36 s.
2026-10-08T11:05:29Z Provisional tree 53: 49% of quartets, in 2.47 s.
2026-10-08T11:08:35Z Provisional tree 54: 51% of quartets, in 2.48 s.
2026-10-08T11:11:39Z Provisional tree 55: 54% of quartets, in 2.74 s.
2026-10-08T11:14:42Z Provisional tree 56: 56% of quartets, in 2.40 s.
2026-10-08T11:17:47Z Provisional tree 57: 59% of quartets, in 2.60 s.
2026-10-08T11:20:52Z Provisional tree 58: 61% of quartets, in 2.62 s.
2026-10-08T11:24:00Z Provisional tree 59: 63% of quartets, in 2.43 s.
2026-10-08T11:27:07Z Provisional tree 60: 65% of quartets, in 2.48 s.
2026-10-08T11:30:10Z Provisional tree 61: 68% of quartets, in 2.64 s.
2026-10-08T11:33:13Z Provisional tree 62: 70% of quartets, in 2.82 s.
2026-10-08T11:36:18Z Provisional tree 63: 72% of quartets, in 2.79 s.
2026-10-08T11:39:21Z Provisional tree 64: 75% of quartets, in 2.14 s.
2026-10-08T11:42:27Z Provisional tree 65: 77% of quartets, in 2.20 s.
2026-10-08T11:45:31Z Provisional tree 66: 80% of quartets, in 2.13 s.
2026-10-08T11:48:36Z Provisional tree 67: 82% of quartets, in 2.16 s.
2026-10-08T11:51:39Z Provisional tree 68: 85% of quartets, in 2.22 s.
2026-10-08T11:54:47Z Provisional tree 69: 87% of quartets, in 2.80 s.
2026-10-08T13:43:49Z Resuming run.
2026-10-08T13:46:55Z Provisional tree 70: 89% of quartets, in 1.79 s.
2026-10-08T13:49:57Z Provisional tree 71: 92% of quartets, in 1.78 s.
2026-10-08T13:53:02Z Provisional tree 72: 95% of quartets, in 2.31 s.
2026-10-08T13:56:05Z Provisional tree 73: 97% of quartets, in 2.23 s.
2026-10-08T13:59:07Z Provisional tree 74: 100% of quartets, in 2.34 s.
2026-10-08T13:59:14Z Amalgamation (wQFM-rs, w2c weights): 29181 weighted quartets, consistency score 12196.6283 of 17550.0000, in 0.8 s.
2026-10-08T13:59:15Z Support: 24 internal edges, S1 from 0.477667 to 0.988200; 0 taxa with a halo value below 0.6; in 0.7 s.
2026-10-08T13:59:34Z Run finished. Root fingerprint: 0e1ede73e12dbad8ef6a4461ac84d491c96d4b53777d8c4dd6d33025b3c553dc
