2026-10-07T07:32:01Z Started analysis of D:\q-maws\data\raw\sim_hgt\simulated-sim_hgt\hgt_750.
2026-10-07T07:32:03Z Ingest: 33 taxa, average length 2238438; MAW lengths 5 to 14.
2026-10-07T07:32:06Z MAW extraction: 33 taxa to do, 9 at a time, strand filter on.
2026-10-07T07:32:47Z   Species1: 584429 MAWs
2026-10-07T07:32:47Z   Species10: 766756 MAWs
2026-10-07T07:32:47Z   Species11: 647079 MAWs
2026-10-07T07:32:47Z   Species12: 556744 MAWs
2026-10-07T07:32:47Z   Species13: 578021 MAWs
2026-10-07T07:32:47Z   Species14: 647409 MAWs
2026-10-07T07:32:47Z   Species15: 579536 MAWs
2026-10-07T07:32:47Z   Species16: 736479 MAWs
2026-10-07T07:32:47Z   Species17: 757339 MAWs
2026-10-07T07:33:29Z   Species18: 619054 MAWs
2026-10-07T07:33:29Z   Species19: 765531 MAWs
2026-10-07T07:33:29Z   Species2: 659802 MAWs
2026-10-07T07:33:29Z   Species20: 801051 MAWs
2026-10-07T07:33:29Z   Species21: 635326 MAWs
2026-10-07T07:33:29Z   Species22: 639684 MAWs
2026-10-07T07:33:29Z   Species23: 765637 MAWs
2026-10-07T07:33:29Z   Species24: 676238 MAWs
2026-10-07T07:33:29Z   Species25: 821912 MAWs
2026-10-07T07:34:17Z   Species26: 617735 MAWs
2026-10-07T07:34:17Z   Species27: 578347 MAWs
2026-10-07T07:34:17Z   Species28: 643064 MAWs
2026-10-07T07:34:17Z   Species29: 819437 MAWs
2026-10-07T07:34:17Z   Species3: 797763 MAWs
2026-10-07T07:34:17Z   Species30: 824688 MAWs
2026-10-07T07:34:17Z   Species31: 649312 MAWs
2026-10-07T07:34:17Z   Species32: 613379 MAWs
2026-10-07T07:34:17Z   Species33: 796792 MAWs
2026-10-07T07:34:59Z   Species4: 708283 MAWs
2026-10-07T07:34:59Z   Species5: 594716 MAWs
2026-10-07T07:34:59Z   Species6: 810698 MAWs
2026-10-07T07:34:59Z   Species7: 797274 MAWs
2026-10-07T07:35:00Z   Species8: 784920 MAWs
2026-10-07T07:35:00Z   Species9: 724523 MAWs
2026-10-07T07:35:12Z Selected MAW lengths: [10, 11, 12]
2026-10-07T07:35:24Z Full matrix: 33 taxa x 8732063 columns, estimated 150 MB (memory limit 1373 MB).
2026-10-07T07:35:50Z M_full 33 x 8732063; M_ml 33 x 50000.
2026-10-07T07:36:22Z Quartet counting: 40920 quartets, 9 chunks of up to 5021 (calibration 1674 quartets per second; popcount X86Popcnt).
2026-10-07T07:37:46Z Quartet weighting: 40920 quartets, 1949 chunks of up to 21 (calibration 7 quartets per second; model pi1 = 0.500000, 100 resamples).
2026-10-07T07:40:29Z Provisional tree 1: 1% of quartets, in 5.41 s.
2026-10-07T07:43:35Z Provisional tree 2: 2% of quartets, in 4.08 s.
2026-10-07T07:46:40Z Provisional tree 3: 4% of quartets, in 4.20 s.
2026-10-07T07:49:46Z Provisional tree 4: 6% of quartets, in 4.55 s.
2026-10-07T07:52:54Z Provisional tree 5: 7% of quartets, in 4.63 s.
2026-10-07T07:56:01Z Provisional tree 6: 9% of quartets, in 4.60 s.
2026-10-07T07:59:08Z Provisional tree 7: 11% of quartets, in 4.69 s.
2026-10-07T08:02:19Z Provisional tree 8: 12% of quartets, in 5.21 s.
2026-10-07T08:05:36Z Provisional tree 9: 14% of quartets, in 5.76 s.
2026-10-07T08:08:53Z Provisional tree 10: 16% of quartets, in 5.35 s.
2026-10-07T08:12:01Z Provisional tree 11: 17% of quartets, in 5.21 s.
2026-10-07T08:15:15Z Provisional tree 12: 19% of quartets, in 3.68 s.
2026-10-07T08:18:25Z Provisional tree 13: 20% of quartets, in 8.89 s.
2026-10-07T08:21:32Z Provisional tree 14: 23% of quartets, in 6.30 s.
2026-10-07T08:24:36Z Provisional tree 15: 25% of quartets, in 4.08 s.
2026-10-07T08:27:45Z Provisional tree 16: 27% of quartets, in 5.31 s.
2026-10-07T08:30:51Z Provisional tree 17: 29% of quartets, in 4.63 s.
2026-10-07T08:33:59Z Provisional tree 18: 32% of quartets, in 5.12 s.
2026-10-07T08:37:05Z Provisional tree 19: 34% of quartets, in 4.37 s.
2026-10-07T08:40:15Z Provisional tree 20: 36% of quartets, in 6.81 s.
2026-10-07T08:43:21Z Provisional tree 21: 38% of quartets, in 4.62 s.
2026-10-07T08:46:34Z Provisional tree 22: 40% of quartets, in 6.94 s.
2026-10-07T08:49:40Z Provisional tree 23: 42% of quartets, in 5.01 s.
2026-10-07T08:52:44Z Provisional tree 24: 44% of quartets, in 4.17 s.
2026-10-07T08:55:50Z Provisional tree 25: 46% of quartets, in 4.17 s.
2026-10-07T08:58:54Z Provisional tree 26: 49% of quartets, in 4.11 s.
2026-10-07T09:02:01Z Provisional tree 27: 51% of quartets, in 4.22 s.
2026-10-07T09:05:08Z Provisional tree 28: 54% of quartets, in 5.22 s.
2026-10-07T09:08:16Z Provisional tree 29: 56% of quartets, in 4.29 s.
2026-10-07T09:11:21Z Provisional tree 30: 59% of quartets, in 4.29 s.
2026-10-07T09:14:31Z Provisional tree 31: 61% of quartets, in 4.50 s.
2026-10-07T09:17:36Z Provisional tree 32: 63% of quartets, in 4.25 s.
2026-10-07T09:20:45Z Provisional tree 33: 67% of quartets, in 3.31 s.
2026-10-07T09:23:53Z Provisional tree 34: 69% of quartets, in 4.37 s.
2026-10-07T09:27:01Z Provisional tree 35: 71% of quartets, in 4.65 s.
2026-10-07T09:30:07Z Provisional tree 36: 74% of quartets, in 4.66 s.
2026-10-07T09:33:14Z Provisional tree 37: 77% of quartets, in 5.37 s.
2026-10-07T10:32:34Z Resuming run.
2026-10-07T10:35:54Z Provisional tree 38: 80% of quartets, in 8.52 s.
2026-10-07T10:39:05Z Provisional tree 39: 82% of quartets, in 9.85 s.
2026-10-07T10:42:16Z Provisional tree 40: 84% of quartets, in 9.01 s.
2026-10-07T10:45:27Z Provisional tree 41: 87% of quartets, in 8.28 s.
2026-10-07T10:48:40Z Provisional tree 42: 89% of quartets, in 8.51 s.
2026-10-07T10:51:58Z Provisional tree 43: 91% of quartets, in 8.28 s.
2026-10-07T10:55:24Z Provisional tree 44: 93% of quartets, in 23.52 s.
2026-10-07T10:55:24Z Provisional tree took 23.5 s of a 206.4 s interval (over 10%); updating every 10% or 360 s from now on.
2026-10-07T11:01:38Z Provisional tree 45: 98% of quartets, in 9.85 s.
2026-10-07T11:03:31Z Amalgamation (wQFM-rs, w2c weights): 114676 weighted quartets, consistency score 16062.1050 of 40920.0000, in 4.6 s.
2026-10-07T11:03:32Z Support: 30 internal edges, S1 from 0.344803 to 0.999720; 33 taxa with a halo value below 0.6; in 0.8 s.
2026-10-07T11:03:46Z Run finished. Root fingerprint: 256f599a4c42569f4ac6c62d7553089a60a05456792326c45796921e96c8d9dd
