2026-10-05T20:33:03Z Started analysis of D:\q-maws\data\raw\sim_hgt\simulated-sim_hgt\hgt_1000.
2026-10-05T20:33:03Z Ingest: 33 taxa, average length 2213191; MAW lengths 5 to 14.
2026-10-05T20:33:04Z MAW extraction: 33 taxa to do, 5 at a time, strand filter on.
2026-10-05T20:33:11Z   Species1: 588001 MAWs
2026-10-05T20:33:11Z   Species10: 760622 MAWs
2026-10-05T20:33:11Z   Species11: 627652 MAWs
2026-10-05T20:33:11Z   Species12: 555905 MAWs
2026-10-05T20:33:11Z   Species13: 555299 MAWs
2026-10-05T20:33:20Z   Species14: 636293 MAWs
2026-10-05T20:33:20Z   Species15: 557629 MAWs
2026-10-05T20:33:20Z   Species16: 720100 MAWs
2026-10-05T20:33:20Z   Species17: 766511 MAWs
2026-10-05T20:33:20Z   Species18: 631556 MAWs
2026-10-05T20:33:29Z   Species19: 765152 MAWs
2026-10-05T20:33:29Z   Species2: 660884 MAWs
2026-10-05T20:33:30Z   Species20: 784769 MAWs
2026-10-05T20:33:30Z   Species21: 633945 MAWs
2026-10-05T20:33:30Z   Species22: 640758 MAWs
2026-10-05T20:33:39Z   Species23: 751801 MAWs
2026-10-05T20:33:39Z   Species24: 679584 MAWs
2026-10-05T20:33:39Z   Species25: 814197 MAWs
2026-10-05T20:33:39Z   Species26: 614784 MAWs
2026-10-05T20:33:39Z   Species27: 562738 MAWs
2026-10-05T20:33:49Z   Species28: 628159 MAWs
2026-10-05T20:33:49Z   Species29: 821485 MAWs
2026-10-05T20:33:49Z   Species3: 787010 MAWs
2026-10-05T20:33:49Z   Species30: 818654 MAWs
2026-10-05T20:33:49Z   Species31: 639073 MAWs
2026-10-05T20:33:58Z   Species32: 625498 MAWs
2026-10-05T20:33:58Z   Species33: 790780 MAWs
2026-10-05T20:33:58Z   Species4: 698744 MAWs
2026-10-05T20:33:58Z   Species5: 584501 MAWs
2026-10-05T20:33:58Z   Species6: 805472 MAWs
2026-10-05T20:34:05Z   Species7: 783836 MAWs
2026-10-05T20:34:05Z   Species8: 756030 MAWs
2026-10-05T20:34:05Z   Species9: 729426 MAWs
2026-10-05T20:34:09Z Selected MAW lengths: [10, 11, 12]
2026-10-05T20:34:13Z Full matrix: 33 taxa x 8619625 columns, estimated 148 MB (memory limit 984 MB).
2026-10-05T20:34:22Z M_full 33 x 8619625; M_ml 33 x 50000.
2026-10-05T20:34:35Z Quartet counting: 40920 quartets, 4 chunks of up to 11546 (calibration 3849 quartets per second; popcount X86Popcnt).
2026-10-05T20:34:56Z Quartet weighting: 40920 quartets, 553 chunks of up to 74 (calibration 25 quartets per second; model pi1 = 0.500000, 100 resamples).
2026-10-05T20:36:47Z Provisional tree 1: 5% of quartets, in 1.79 s.
2026-10-05T20:38:44Z Provisional tree 2: 10% of quartets, in 1.81 s.
2026-10-05T20:40:34Z Provisional tree 3: 15% of quartets, in 1.98 s.
2026-10-05T20:42:38Z Provisional tree 4: 20% of quartets, in 2.13 s.
2026-10-05T20:44:35Z Provisional tree 5: 25% of quartets, in 2.26 s.
2026-10-05T20:46:31Z Provisional tree 6: 30% of quartets, in 2.28 s.
2026-10-05T20:48:24Z Provisional tree 7: 35% of quartets, in 2.30 s.
2026-10-05T20:50:21Z Provisional tree 8: 41% of quartets, in 2.38 s.
2026-10-05T20:52:24Z Provisional tree 9: 46% of quartets, in 2.33 s.
2026-10-05T20:54:13Z Provisional tree 10: 51% of quartets, in 2.41 s.
2026-10-05T20:56:02Z Provisional tree 11: 56% of quartets, in 2.51 s.
2026-10-05T20:58:01Z Provisional tree 12: 61% of quartets, in 2.78 s.
2026-10-05T20:59:56Z Provisional tree 13: 66% of quartets, in 2.70 s.
2026-10-05T21:01:54Z Provisional tree 14: 71% of quartets, in 2.70 s.
2026-10-05T21:03:45Z Provisional tree 15: 76% of quartets, in 2.38 s.
2026-10-05T21:05:26Z Provisional tree 16: 81% of quartets, in 2.75 s.
2026-10-05T21:07:30Z Provisional tree 17: 86% of quartets, in 2.86 s.
2026-10-05T21:09:31Z Provisional tree 18: 91% of quartets, in 2.79 s.
2026-10-05T21:11:21Z Provisional tree 19: 96% of quartets, in 2.83 s.
2026-10-05T21:12:40Z Amalgamation (wQFM-rs, w2c weights): 114724 weighted quartets, consistency score 15991.1017 of 40920.0000, in 1.3 s.
2026-10-05T21:12:41Z Support: 30 internal edges, S1 from 0.340154 to 0.999957; 33 taxa with a halo value below 0.6; in 0.2 s.
2026-10-05T21:12:41Z Bootstrap (S2): 100 replicates, Poisson(1) column weights, W2b weights inside.
2026-10-06T03:31:06Z Resuming run.
2026-10-06T03:40:01Z Resuming run.
2026-10-06T04:44:49Z Bootstrap (S2): 100 replicates; 30 internal edges, S2 from 0.000 to 1.000; split frequencies in 0.1 s.
2026-10-06T04:44:57Z Run finished. Root fingerprint: c2640414d3113b0e10d49d7df7cb6d3231806148bb5082f0f27ced249b287288
