2026-10-06T04:45:56Z Started analysis of D:\q-maws\data\raw\ecoli_shigella_hgt\unsimulated-ecoli_shigella.
2026-10-06T04:45:57Z Ingest: 27 taxa, average length 4905896; MAW lengths 5 to 14.
2026-10-06T04:45:59Z MAW extraction: 27 taxa to do, 1 at a time, strand filter on.
2026-10-06T04:46:32Z   NC_000913: 1414971 MAWs
2026-10-06T04:47:04Z   NC_002655: 1708440 MAWs
2026-10-06T04:47:26Z   NC_002695: 1719556 MAWs
2026-10-06T04:47:57Z   NC_004337: 1370351 MAWs
2026-10-06T04:48:30Z   NC_004431: 1625061 MAWs
2026-10-06T04:48:43Z   NC_004741: 1353005 MAWs
2026-10-06T04:49:13Z   NC_007384: 1387587 MAWs
2026-10-06T04:49:41Z   NC_007606: 1210822 MAWs
2026-10-06T04:49:52Z   NC_007613: 1291285 MAWs
2026-10-06T04:50:03Z   NC_007779: 1421754 MAWs
2026-10-06T04:50:15Z   NC_007946: 1560505 MAWs
2026-10-06T04:50:27Z   NC_008253: 1522012 MAWs
2026-10-06T04:50:38Z   NC_008258: 1360074 MAWs
2026-10-06T04:50:50Z   NC_008563: 1586558 MAWs
2026-10-06T04:51:01Z   NC_009800: 1407716 MAWs
2026-10-06T04:51:14Z   NC_009801: 1526158 MAWs
2026-10-06T04:51:25Z   NC_010468: 1443661 MAWs
2026-10-06T04:51:37Z   NC_010498: 1558465 MAWs
2026-10-06T04:51:47Z   NC_010658: 1308398 MAWs
2026-10-06T04:51:59Z   NC_011415: 1505647 MAWs
2026-10-06T04:52:13Z   NC_011601: 1519918 MAWs
2026-10-06T04:52:25Z   NC_011741: 1453489 MAWs
2026-10-06T04:52:39Z   NC_011742: 1541629 MAWs
2026-10-06T04:52:51Z   NC_011745: 1619557 MAWs
2026-10-06T04:53:04Z   NC_011748: 1586124 MAWs
2026-10-06T04:53:16Z   NC_011750: 1559488 MAWs
2026-10-06T04:53:28Z   NC_011751: 1598510 MAWs
2026-10-06T04:53:34Z Selected MAW lengths: [11, 12, 13]
2026-10-06T04:53:40Z Full matrix: 27 taxa x 7362929 columns, estimated 121 MB (memory limit 424 MB).
2026-10-06T04:53:50Z M_full 27 x 7362929; M_ml 27 x 50000.
2026-10-06T04:53:55Z Quartet counting: 17550 quartets, 2 chunks of up to 14767 (calibration 4922 quartets per second; popcount X86Popcnt).
2026-10-06T04:54:48Z Quartet weighting: 17550 quartets, 1463 chunks of up to 12 (calibration 4 quartets per second; model pi1 = 0.500000, 100 resamples).
2026-10-06T04:57:12Z Provisional tree 1: 1% of quartets, in 1.23 s.
2026-10-06T05:00:19Z Provisional tree 2: 2% of quartets, in 1.26 s.
2026-10-06T05:03:29Z Provisional tree 3: 3% of quartets, in 1.15 s.
2026-10-06T05:06:34Z Provisional tree 4: 5% of quartets, in 1.12 s.
2026-10-06T05:09:36Z Provisional tree 5: 6% of quartets, in 1.20 s.
2026-10-06T05:12:38Z Provisional tree 6: 7% of quartets, in 1.28 s.
2026-10-06T05:15:40Z Provisional tree 7: 9% of quartets, in 1.20 s.
2026-10-06T05:18:50Z Provisional tree 8: 10% of quartets, in 5.35 s.
2026-10-06T05:21:57Z Provisional tree 9: 11% of quartets, in 1.15 s.
2026-10-06T05:25:04Z Provisional tree 10: 13% of quartets, in 1.26 s.
2026-10-06T05:28:09Z Provisional tree 11: 14% of quartets, in 1.11 s.
2026-10-06T05:31:18Z Provisional tree 12: 15% of quartets, in 1.29 s.
2026-10-06T05:34:23Z Provisional tree 13: 16% of quartets, in 1.32 s.
2026-10-06T05:37:31Z Provisional tree 14: 18% of quartets, in 1.28 s.
2026-10-06T05:40:41Z Provisional tree 15: 19% of quartets, in 1.36 s.
2026-10-06T05:43:49Z Provisional tree 16: 21% of quartets, in 1.50 s.
2026-10-06T05:46:59Z Provisional tree 17: 22% of quartets, in 1.31 s.
2026-10-06T05:50:05Z Provisional tree 18: 23% of quartets, in 1.40 s.
2026-10-06T05:53:13Z Provisional tree 19: 24% of quartets, in 1.33 s.
2026-10-06T05:56:17Z Provisional tree 20: 26% of quartets, in 1.34 s.
2026-10-06T05:59:25Z Provisional tree 21: 27% of quartets, in 1.32 s.
2026-10-06T06:02:33Z Provisional tree 22: 29% of quartets, in 1.29 s.
2026-10-06T06:05:43Z Provisional tree 23: 30% of quartets, in 1.37 s.
2026-10-06T06:08:49Z Provisional tree 24: 31% of quartets, in 1.37 s.
2026-10-06T06:11:51Z Provisional tree 25: 33% of quartets, in 1.35 s.
2026-10-06T06:15:01Z Provisional tree 26: 34% of quartets, in 1.38 s.
2026-10-06T06:18:11Z Provisional tree 27: 35% of quartets, in 1.39 s.
2026-10-06T06:21:15Z Provisional tree 28: 36% of quartets, in 1.40 s.
2026-10-06T06:24:22Z Provisional tree 29: 38% of quartets, in 1.74 s.
2026-10-06T06:27:34Z Provisional tree 30: 39% of quartets, in 1.42 s.
2026-10-06T06:30:35Z Provisional tree 31: 40% of quartets, in 1.33 s.
2026-10-06T06:33:39Z Provisional tree 32: 41% of quartets, in 1.65 s.
2026-10-06T06:36:46Z Provisional tree 33: 43% of quartets, in 1.60 s.
2026-10-06T06:39:49Z Provisional tree 34: 44% of quartets, in 1.52 s.
2026-10-06T06:42:56Z Provisional tree 35: 45% of quartets, in 1.56 s.
2026-10-06T06:45:58Z Provisional tree 36: 46% of quartets, in 1.55 s.
2026-10-06T06:49:01Z Provisional tree 37: 48% of quartets, in 1.52 s.
2026-10-06T06:52:19Z Provisional tree 38: 49% of quartets, in 1.97 s.
2026-10-06T06:56:53Z Provisional tree 39: 50% of quartets, in 1.04 s.
2026-10-06T06:59:59Z Provisional tree 40: 51% of quartets, in 1.71 s.
2026-10-06T07:03:03Z Provisional tree 41: 53% of quartets, in 1.48 s.
2026-10-06T07:06:08Z Provisional tree 42: 54% of quartets, in 1.48 s.
2026-10-06T07:09:20Z Provisional tree 43: 55% of quartets, in 1.37 s.
2026-10-06T07:12:27Z Provisional tree 44: 57% of quartets, in 1.52 s.
2026-10-06T07:15:46Z Provisional tree 45: 58% of quartets, in 1.67 s.
2026-10-06T07:18:56Z Provisional tree 46: 59% of quartets, in 1.72 s.
2026-10-06T07:22:08Z Provisional tree 47: 61% of quartets, in 1.74 s.
2026-10-06T07:25:13Z Provisional tree 48: 62% of quartets, in 1.54 s.
2026-10-06T07:28:26Z Provisional tree 49: 64% of quartets, in 1.62 s.
2026-10-06T07:31:34Z Provisional tree 50: 65% of quartets, in 1.76 s.
2026-10-06T07:34:39Z Provisional tree 51: 66% of quartets, in 1.63 s.
2026-10-06T07:37:43Z Provisional tree 52: 67% of quartets, in 1.58 s.
2026-10-06T07:40:55Z Provisional tree 53: 69% of quartets, in 1.21 s.
2026-10-06T07:43:57Z Provisional tree 54: 70% of quartets, in 1.13 s.
2026-10-06T07:47:03Z Provisional tree 55: 71% of quartets, in 1.59 s.
2026-10-06T07:50:05Z Provisional tree 56: 73% of quartets, in 1.62 s.
2026-10-06T07:53:08Z Provisional tree 57: 74% of quartets, in 1.63 s.
2026-10-06T07:56:12Z Provisional tree 58: 75% of quartets, in 1.63 s.
2026-10-06T07:59:19Z Provisional tree 59: 76% of quartets, in 1.62 s.
2026-10-06T08:02:32Z Provisional tree 60: 77% of quartets, in 1.56 s.
2026-10-06T08:05:44Z Provisional tree 61: 79% of quartets, in 1.54 s.
2026-10-06T08:08:52Z Provisional tree 62: 80% of quartets, in 1.58 s.
2026-10-06T08:11:58Z Provisional tree 63: 81% of quartets, in 1.66 s.
2026-10-06T08:15:05Z Provisional tree 64: 83% of quartets, in 1.66 s.
2026-10-06T08:18:17Z Provisional tree 65: 84% of quartets, in 1.68 s.
2026-10-06T08:21:22Z Provisional tree 66: 86% of quartets, in 1.15 s.
2026-10-06T08:24:26Z Provisional tree 67: 88% of quartets, in 1.33 s.
2026-10-06T08:27:28Z Provisional tree 68: 90% of quartets, in 1.14 s.
2026-10-06T08:30:33Z Provisional tree 69: 92% of quartets, in 1.17 s.
2026-10-06T08:33:37Z Provisional tree 70: 93% of quartets, in 1.19 s.
2026-10-06T08:36:44Z Provisional tree 71: 95% of quartets, in 1.24 s.
2026-10-06T08:39:48Z Provisional tree 72: 97% of quartets, in 1.19 s.
2026-10-06T08:42:56Z Provisional tree 73: 99% of quartets, in 1.21 s.
2026-10-06T08:44:17Z Amalgamation (wQFM-rs, w2c weights): 29202 weighted quartets, consistency score 12197.0983 of 17550.0000, in 0.4 s.
2026-10-06T08:44:18Z Support: 24 internal edges, S1 from 0.478311 to 0.988533; 0 taxa with a halo value below 0.6; in 0.2 s.
2026-10-06T08:44:45Z Run finished. Root fingerprint: df5d57d084f6f81e66b17328a4965c5c89198185b704b67ec2f604ba763a989d
