2026-10-08T04:07:15Z Started analysis of D:\q-maws\data\raw\sim_hgt\simulated-sim_hgt\hgt_750.
2026-10-08T04:07:16Z Ingest: 33 taxa, average length 2238438; MAW lengths 5 to 14.
2026-10-08T04:07:17Z MAW extraction: 33 taxa to do, 5 at a time, strand filter on.
2026-10-08T04:07:37Z   Species1: 584429 MAWs
2026-10-08T04:07:37Z   Species10: 766756 MAWs
2026-10-08T04:07:37Z   Species11: 647079 MAWs
2026-10-08T04:07:37Z   Species12: 556744 MAWs
2026-10-08T04:07:38Z   Species13: 578021 MAWs
2026-10-08T04:08:06Z   Species14: 647409 MAWs
2026-10-08T04:08:06Z   Species15: 579536 MAWs
2026-10-08T04:08:06Z   Species16: 736479 MAWs
2026-10-08T04:08:06Z   Species17: 757339 MAWs
2026-10-08T04:08:06Z   Species18: 619054 MAWs
2026-10-08T04:08:34Z   Species19: 765531 MAWs
2026-10-08T04:08:34Z   Species2: 659802 MAWs
2026-10-08T04:08:34Z   Species20: 801051 MAWs
2026-10-08T04:08:34Z   Species21: 635326 MAWs
2026-10-08T04:08:34Z   Species22: 639684 MAWs
2026-10-08T04:09:03Z   Species23: 765637 MAWs
2026-10-08T04:09:03Z   Species24: 676238 MAWs
2026-10-08T04:09:03Z   Species25: 821912 MAWs
2026-10-08T04:09:03Z   Species26: 617735 MAWs
2026-10-08T04:09:03Z   Species27: 578347 MAWs
2026-10-08T04:09:32Z   Species28: 643064 MAWs
2026-10-08T04:09:32Z   Species29: 819437 MAWs
2026-10-08T04:09:32Z   Species3: 797763 MAWs
2026-10-08T04:09:32Z   Species30: 824688 MAWs
2026-10-08T04:09:32Z   Species31: 649312 MAWs
2026-10-08T04:10:02Z   Species32: 613379 MAWs
2026-10-08T04:10:02Z   Species33: 796792 MAWs
2026-10-08T04:10:02Z   Species4: 708283 MAWs
2026-10-08T04:10:02Z   Species5: 594716 MAWs
2026-10-08T04:10:02Z   Species6: 810698 MAWs
2026-10-08T04:10:35Z   Species7: 797274 MAWs
2026-10-08T04:10:35Z   Species8: 784920 MAWs
2026-10-08T04:10:35Z   Species9: 724523 MAWs
2026-10-08T04:10:49Z Selected MAW lengths: [10, 11, 12]
2026-10-08T04:11:04Z Full matrix: 33 taxa x 8732063 columns, estimated 150 MB (memory limit 723 MB).
2026-10-08T04:11:35Z M_full 33 x 8732063; M_ml 33 x 50000.
2026-10-08T04:11:59Z Quartet counting: 40920 quartets, 6 chunks of up to 7957 (calibration 2652 quartets per second; popcount X86Popcnt).
2026-10-08T04:12:42Z Quartet weighting: 40920 quartets, 1516 chunks of up to 27 (calibration 9 quartets per second; model pi1 = 0.500000, 100 resamples).
2026-10-08T04:15:31Z Provisional tree 1: 2% of quartets, in 6.20 s.
2026-10-08T04:18:42Z Provisional tree 2: 4% of quartets, in 7.46 s.
2026-10-08T04:21:46Z Provisional tree 3: 6% of quartets, in 3.79 s.
2026-10-08T04:33:48Z Resuming run.
2026-10-08T04:34:51Z Provisional tree 4: 11% of quartets, in 2.25 s.
2026-10-08T04:36:57Z Provisional tree 5: 16% of quartets, in 2.26 s.
2026-10-08T04:38:41Z Provisional tree 6: 21% of quartets, in 2.57 s.
2026-10-08T04:40:57Z Provisional tree 7: 26% of quartets, in 3.20 s.
2026-10-08T04:43:27Z Provisional tree 8: 31% of quartets, in 3.88 s.
2026-10-08T04:46:10Z Provisional tree 9: 36% of quartets, in 3.85 s.
2026-10-08T04:48:43Z Provisional tree 10: 41% of quartets, in 2.90 s.
2026-10-08T04:51:29Z Provisional tree 11: 46% of quartets, in 3.35 s.
2026-10-08T04:54:02Z Provisional tree 12: 51% of quartets, in 3.15 s.
2026-10-08T04:56:56Z Provisional tree 13: 56% of quartets, in 3.70 s.
2026-10-08T04:59:47Z Provisional tree 14: 61% of quartets, in 3.98 s.
2026-10-08T05:02:39Z Provisional tree 15: 66% of quartets, in 4.21 s.
2026-10-08T05:05:31Z Provisional tree 16: 71% of quartets, in 8.54 s.
2026-10-08T05:08:43Z Provisional tree 17: 74% of quartets, in 7.82 s.
2026-10-08T05:11:53Z Provisional tree 18: 76% of quartets, in 9.05 s.
2026-10-08T05:15:08Z Provisional tree 19: 79% of quartets, in 13.59 s.
2026-10-08T05:18:19Z Provisional tree 20: 81% of quartets, in 8.63 s.
2026-10-08T05:22:21Z Provisional tree 21: 84% of quartets, in 50.73 s.
2026-10-08T05:22:21Z Provisional tree took 50.7 s of a 241.6 s interval (over 10%); updating every 10% or 360 s from now on.
2026-10-08T05:28:36Z Provisional tree 22: 89% of quartets, in 10.52 s.
2026-10-08T05:34:46Z Provisional tree 23: 94% of quartets, in 9.25 s.
2026-10-08T05:41:01Z Provisional tree 24: 99% of quartets, in 12.35 s.
2026-10-08T05:41:54Z Amalgamation (wQFM-rs, w2c weights): 114658 weighted quartets, consistency score 16062.1650 of 40920.0000, in 5.1 s.
2026-10-08T05:41:55Z Support: 30 internal edges, S1 from 0.347670 to 0.999763; 33 taxa with a halo value below 0.6; in 1.5 s.
2026-10-08T05:42:31Z Run finished. Root fingerprint: aaccecfb605afb46de1d0427f73cef9d3509bc37ffdec9b34959b673f34265bd
