2026-10-08T02:15:34Z Started analysis of D:\q-maws\data\raw\sim_hgt\simulated-sim_hgt\hgt_500.
2026-10-08T02:15:35Z Ingest: 33 taxa, average length 2205064; MAW lengths 5 to 14.
2026-10-08T02:15:36Z MAW extraction: 33 taxa to do, 1 at a time, strand filter on.
2026-10-08T02:15:40Z   Species1: 567609 MAWs
2026-10-08T02:15:47Z   Species10: 751896 MAWs
2026-10-08T02:15:52Z   Species11: 642019 MAWs
2026-10-08T02:15:58Z   Species12: 549830 MAWs
2026-10-08T02:16:04Z   Species13: 566970 MAWs
2026-10-08T02:16:11Z   Species14: 638922 MAWs
2026-10-08T02:16:17Z   Species15: 565778 MAWs
2026-10-08T02:16:24Z   Species16: 738633 MAWs
2026-10-08T02:16:32Z   Species17: 731766 MAWs
2026-10-08T02:16:40Z   Species18: 610719 MAWs
2026-10-08T02:16:47Z   Species19: 749442 MAWs
2026-10-08T02:16:54Z   Species2: 651290 MAWs
2026-10-08T02:17:02Z   Species20: 800173 MAWs
2026-10-08T02:17:09Z   Species21: 618136 MAWs
2026-10-08T02:17:15Z   Species22: 621910 MAWs
2026-10-08T02:17:22Z   Species23: 738016 MAWs
2026-10-08T02:17:29Z   Species24: 668922 MAWs
2026-10-08T02:17:38Z   Species25: 823082 MAWs
2026-10-08T02:17:45Z   Species26: 607279 MAWs
2026-10-08T02:17:51Z   Species27: 564400 MAWs
2026-10-08T02:17:56Z   Species28: 632047 MAWs
2026-10-08T02:18:06Z   Species29: 820606 MAWs
2026-10-08T02:18:14Z   Species3: 765308 MAWs
2026-10-08T02:18:22Z   Species30: 818907 MAWs
2026-10-08T02:18:29Z   Species31: 649388 MAWs
2026-10-08T02:18:36Z   Species32: 606889 MAWs
2026-10-08T02:18:43Z   Species33: 767563 MAWs
2026-10-08T02:18:49Z   Species4: 695919 MAWs
2026-10-08T02:18:55Z   Species5: 587780 MAWs
2026-10-08T02:19:02Z   Species6: 817040 MAWs
2026-10-08T02:19:09Z   Species7: 763763 MAWs
2026-10-08T02:19:17Z   Species8: 756965 MAWs
2026-10-08T02:19:25Z   Species9: 718583 MAWs
2026-10-08T02:19:30Z Selected MAW lengths: [10, 11, 12]
2026-10-08T02:19:35Z Full matrix: 33 taxa x 8617194 columns, estimated 148 MB (memory limit 1456 MB).
2026-10-08T02:19:46Z M_full 33 x 8617194; M_ml 33 x 50000.
2026-10-08T02:20:01Z Quartet counting: 40920 quartets, 5 chunks of up to 9811 (calibration 3270 quartets per second; popcount X86Popcnt).
2026-10-08T02:20:31Z Quartet weighting: 40920 quartets, 803 chunks of up to 51 (calibration 17 quartets per second; model pi1 = 0.500000, 100 resamples).
2026-10-08T02:23:15Z Provisional tree 1: 5% of quartets, in 2.22 s.
2026-10-08T02:26:24Z Provisional tree 2: 9% of quartets, in 6.15 s.
2026-10-08T02:29:32Z Provisional tree 3: 11% of quartets, in 5.98 s.
2026-10-08T02:32:39Z Provisional tree 4: 14% of quartets, in 6.01 s.
2026-10-08T02:35:46Z Provisional tree 5: 17% of quartets, in 6.84 s.
2026-10-08T02:38:55Z Provisional tree 6: 20% of quartets, in 5.96 s.
2026-10-08T02:42:09Z Provisional tree 7: 24% of quartets, in 7.11 s.
2026-10-08T02:45:17Z Provisional tree 8: 26% of quartets, in 6.89 s.
2026-10-08T02:48:24Z Provisional tree 9: 29% of quartets, in 6.28 s.
2026-10-08T02:51:37Z Provisional tree 10: 32% of quartets, in 6.34 s.
2026-10-08T02:54:44Z Provisional tree 11: 35% of quartets, in 6.68 s.
2026-10-08T02:57:53Z Provisional tree 12: 38% of quartets, in 7.05 s.
2026-10-08T03:01:05Z Provisional tree 13: 41% of quartets, in 7.58 s.
2026-10-08T03:04:25Z Provisional tree 14: 44% of quartets, in 6.99 s.
2026-10-08T03:07:33Z Provisional tree 15: 47% of quartets, in 7.40 s.
2026-10-08T03:10:42Z Provisional tree 16: 50% of quartets, in 7.53 s.
2026-10-08T03:13:58Z Provisional tree 17: 53% of quartets, in 6.99 s.
2026-10-08T03:17:13Z Provisional tree 18: 55% of quartets, in 7.76 s.
2026-10-08T03:20:25Z Provisional tree 19: 58% of quartets, in 8.20 s.
2026-10-08T03:23:39Z Provisional tree 20: 61% of quartets, in 8.04 s.
2026-10-08T03:26:48Z Provisional tree 21: 64% of quartets, in 7.93 s.
2026-10-08T03:30:06Z Provisional tree 22: 67% of quartets, in 7.47 s.
2026-10-08T03:33:17Z Provisional tree 23: 70% of quartets, in 8.15 s.
2026-10-08T03:36:26Z Provisional tree 24: 73% of quartets, in 8.56 s.
2026-10-08T03:39:44Z Provisional tree 25: 76% of quartets, in 8.56 s.
2026-10-08T03:42:55Z Provisional tree 26: 79% of quartets, in 6.06 s.
2026-10-08T03:46:07Z Provisional tree 27: 82% of quartets, in 7.45 s.
2026-10-08T03:49:17Z Provisional tree 28: 85% of quartets, in 9.07 s.
2026-10-08T03:52:26Z Provisional tree 29: 87% of quartets, in 8.80 s.
2026-10-08T03:55:42Z Provisional tree 30: 90% of quartets, in 8.87 s.
2026-10-08T03:58:54Z Provisional tree 31: 93% of quartets, in 9.57 s.
2026-10-08T04:02:08Z Provisional tree 32: 96% of quartets, in 9.55 s.
2026-10-08T04:05:22Z Provisional tree 33: 99% of quartets, in 9.25 s.
2026-10-08T04:06:16Z Amalgamation (wQFM-rs, w2c weights): 113671 weighted quartets, consistency score 16427.3433 of 40920.0000, in 4.7 s.
2026-10-08T04:06:17Z Support: 30 internal edges, S1 from 0.349111 to 1.000000; 33 taxa with a halo value below 0.6; in 0.9 s.
2026-10-08T04:06:49Z Run finished. Root fingerprint: 82484eb5c848a575914d42fa2b361e38821f16add832824e1220a1ac6185f3f7
