2026-10-03T15:18:38Z Started analysis of D:\q-maws\data\raw\sim_hgt\simulated-sim_hgt\hgt_250.
2026-10-03T15:18:39Z Ingest: 33 taxa, average length 2124447; MAW lengths 5 to 14.
2026-10-03T15:18:39Z MAW extraction: 33 taxa to do, 4 at a time, strand filter on.
2026-10-03T15:18:45Z   Species1: 551724 MAWs
2026-10-03T15:18:45Z   Species10: 707253 MAWs
2026-10-03T15:18:45Z   Species11: 613835 MAWs
2026-10-03T15:18:45Z   Species12: 524467 MAWs
2026-10-03T15:18:51Z   Species13: 544273 MAWs
2026-10-03T15:18:51Z   Species14: 602916 MAWs
2026-10-03T15:18:51Z   Species15: 551655 MAWs
2026-10-03T15:18:52Z   Species16: 702399 MAWs
2026-10-03T15:18:58Z   Species17: 689201 MAWs
2026-10-03T15:18:58Z   Species18: 586948 MAWs
2026-10-03T15:18:58Z   Species19: 691952 MAWs
2026-10-03T15:18:58Z   Species2: 617482 MAWs
2026-10-03T15:19:05Z   Species20: 742598 MAWs
2026-10-03T15:19:05Z   Species21: 604488 MAWs
2026-10-03T15:19:05Z   Species22: 586915 MAWs
2026-10-03T15:19:05Z   Species23: 687105 MAWs
2026-10-03T15:19:12Z   Species24: 640966 MAWs
2026-10-03T15:19:13Z   Species25: 801602 MAWs
2026-10-03T15:19:13Z   Species26: 591431 MAWs
2026-10-03T15:19:13Z   Species27: 548933 MAWs
2026-10-03T15:19:20Z   Species28: 606308 MAWs
2026-10-03T15:19:20Z   Species29: 778166 MAWs
2026-10-03T15:19:20Z   Species3: 741533 MAWs
2026-10-03T15:19:20Z   Species30: 786623 MAWs
2026-10-03T15:19:27Z   Species31: 627280 MAWs
2026-10-03T15:19:27Z   Species32: 578929 MAWs
2026-10-03T15:19:27Z   Species33: 736482 MAWs
2026-10-03T15:19:27Z   Species4: 663505 MAWs
2026-10-03T15:19:34Z   Species5: 562050 MAWs
2026-10-03T15:19:34Z   Species6: 777926 MAWs
2026-10-03T15:19:34Z   Species7: 743783 MAWs
2026-10-03T15:19:34Z   Species8: 718657 MAWs
2026-10-03T15:19:40Z   Species9: 701488 MAWs
2026-10-03T15:19:44Z Selected MAW lengths: [10, 11, 12]
2026-10-03T15:19:47Z Full matrix: 33 taxa x 8367928 columns, estimated 144 MB (memory limit 850 MB).
2026-10-03T15:19:56Z M_full 33 x 8367928; M_ml 33 x 50000.
2026-10-03T15:20:08Z Quartet counting: 40920 quartets, 4 chunks of up to 12155 (calibration 4052 quartets per second; popcount X86Popcnt).
2026-10-03T15:20:29Z Quartet weighting: 40920 quartets, 585 chunks of up to 70 (calibration 23 quartets per second; model pi1 = 0.500000, 100 resamples).
2026-10-03T15:22:33Z Provisional tree 1: 5% of quartets, in 1.95 s.
2026-10-03T15:24:35Z Provisional tree 2: 10% of quartets, in 2.70 s.
2026-10-03T15:26:29Z Provisional tree 3: 15% of quartets, in 1.92 s.
2026-10-03T15:28:36Z Provisional tree 4: 21% of quartets, in 2.10 s.
2026-10-03T15:30:35Z Provisional tree 5: 26% of quartets, in 2.13 s.
2026-10-03T15:32:31Z Provisional tree 6: 31% of quartets, in 2.17 s.
2026-10-03T15:34:36Z Provisional tree 7: 36% of quartets, in 2.29 s.
2026-10-03T15:36:39Z Provisional tree 8: 41% of quartets, in 2.19 s.
2026-10-03T15:38:43Z Provisional tree 9: 46% of quartets, in 2.16 s.
2026-10-03T15:40:45Z Provisional tree 10: 51% of quartets, in 2.28 s.
2026-10-03T15:42:41Z Provisional tree 11: 56% of quartets, in 2.26 s.
2026-10-03T15:44:53Z Provisional tree 12: 62% of quartets, in 2.31 s.
2026-10-03T15:46:51Z Provisional tree 13: 67% of quartets, in 2.50 s.
2026-10-03T15:48:44Z Provisional tree 14: 72% of quartets, in 2.50 s.
2026-10-03T15:50:40Z Provisional tree 15: 77% of quartets, in 2.51 s.
2026-10-03T15:52:41Z Provisional tree 16: 82% of quartets, in 2.59 s.
2026-10-03T15:54:50Z Provisional tree 17: 87% of quartets, in 2.70 s.
2026-10-03T15:57:00Z Provisional tree 18: 92% of quartets, in 2.79 s.
2026-10-03T15:58:47Z Provisional tree 19: 98% of quartets, in 2.81 s.
2026-10-03T15:59:47Z Amalgamation (wQFM-rs, w2c weights): 113449 weighted quartets, consistency score 16505.8567 of 40920.0000, in 1.5 s.
2026-10-03T15:59:48Z Support: 30 internal edges, S1 from 0.338194 to 0.999935; 33 taxa with a halo value below 0.6; in 0.2 s.
2026-10-03T15:59:48Z Bootstrap (S2): 100 replicates, Poisson(1) column weights, W2b weights inside.
2026-10-04T18:53:45Z Resuming run.
2026-10-05T03:08:46Z Resuming run.
2026-10-05T03:51:38Z Bootstrap (S2): 100 replicates; 30 internal edges, S2 from 0.000 to 1.000; split frequencies in 0.2 s.
2026-10-05T03:51:49Z Run finished. Root fingerprint: 47190db6119363a82d088179a12efcd9a36c0c2ab341fa239d2c9367c7fde385
