2026-10-06T10:13:41Z Started analysis of D:\q-maws\data\raw\sim_hgt\simulated-sim_hgt\hgt_500.
2026-10-06T10:13:42Z Ingest: 33 taxa, average length 2205064; MAW lengths 5 to 14.
2026-10-06T10:13:42Z MAW extraction: 33 taxa to do, 4 at a time, strand filter on.
2026-10-06T10:13:55Z   Species1: 567609 MAWs
2026-10-06T10:13:55Z   Species10: 751896 MAWs
2026-10-06T10:13:55Z   Species11: 642019 MAWs
2026-10-06T10:13:55Z   Species12: 549830 MAWs
2026-10-06T10:14:12Z   Species13: 566970 MAWs
2026-10-06T10:14:12Z   Species14: 638922 MAWs
2026-10-06T10:14:12Z   Species15: 565778 MAWs
2026-10-06T10:14:12Z   Species16: 738633 MAWs
2026-10-06T10:14:25Z   Species17: 731766 MAWs
2026-10-06T10:14:25Z   Species18: 610719 MAWs
2026-10-06T10:14:25Z   Species19: 749442 MAWs
2026-10-06T10:14:26Z   Species2: 651290 MAWs
2026-10-06T10:14:39Z   Species20: 800173 MAWs
2026-10-06T10:14:39Z   Species21: 618136 MAWs
2026-10-06T10:14:39Z   Species22: 621910 MAWs
2026-10-06T10:14:39Z   Species23: 738016 MAWs
2026-10-06T10:14:51Z   Species24: 668922 MAWs
2026-10-06T10:14:51Z   Species25: 823082 MAWs
2026-10-06T10:14:51Z   Species26: 607279 MAWs
2026-10-06T10:14:51Z   Species27: 564400 MAWs
2026-10-06T10:15:04Z   Species28: 632047 MAWs
2026-10-06T10:15:04Z   Species29: 820606 MAWs
2026-10-06T10:15:04Z   Species3: 765308 MAWs
2026-10-06T10:15:04Z   Species30: 818907 MAWs
2026-10-06T10:15:18Z   Species31: 649388 MAWs
2026-10-06T10:15:18Z   Species32: 606889 MAWs
2026-10-06T10:15:19Z   Species33: 767563 MAWs
2026-10-06T10:15:19Z   Species4: 695919 MAWs
2026-10-06T10:15:33Z   Species5: 587780 MAWs
2026-10-06T10:15:33Z   Species6: 817040 MAWs
2026-10-06T10:15:33Z   Species7: 763763 MAWs
2026-10-06T10:15:33Z   Species8: 756965 MAWs
2026-10-06T10:15:39Z   Species9: 718583 MAWs
2026-10-06T10:15:42Z Selected MAW lengths: [10, 11, 12]
2026-10-06T10:15:46Z Full matrix: 33 taxa x 8617194 columns, estimated 148 MB (memory limit 999 MB).
2026-10-06T10:15:55Z M_full 33 x 8617194; M_ml 33 x 50000.
2026-10-06T10:16:09Z Quartet counting: 40920 quartets, 5 chunks of up to 10197 (calibration 3399 quartets per second; popcount X86Popcnt).
2026-10-06T10:16:31Z Quartet weighting: 40920 quartets, 731 chunks of up to 56 (calibration 19 quartets per second; model pi1 = 0.500000, 100 resamples).
2026-10-06T10:18:45Z Provisional tree 1: 5% of quartets, in 1.61 s.
2026-10-06T10:20:52Z Provisional tree 2: 10% of quartets, in 1.40 s.
2026-10-06T10:23:36Z Provisional tree 3: 15% of quartets, in 1.83 s.
2026-10-06T10:38:16Z Resuming run.
2026-10-06T10:38:29Z Provisional tree 4: 20% of quartets, in 0.88 s.
2026-10-06T10:41:21Z Provisional tree 5: 25% of quartets, in 10.41 s.
2026-10-06T10:44:16Z Provisional tree 6: 30% of quartets, in 2.07 s.
2026-10-06T10:46:18Z Provisional tree 7: 35% of quartets, in 2.39 s.
2026-10-06T10:48:20Z Provisional tree 8: 41% of quartets, in 1.71 s.
2026-10-06T10:50:35Z Provisional tree 9: 46% of quartets, in 2.24 s.
2026-10-06T10:52:53Z Provisional tree 10: 51% of quartets, in 1.97 s.
2026-10-06T10:54:52Z Provisional tree 11: 56% of quartets, in 2.39 s.
2026-10-06T10:57:12Z Provisional tree 12: 61% of quartets, in 2.23 s.
2026-10-06T10:59:19Z Provisional tree 13: 66% of quartets, in 2.23 s.
2026-10-06T11:01:30Z Provisional tree 14: 71% of quartets, in 2.42 s.
2026-10-06T11:03:45Z Provisional tree 15: 76% of quartets, in 2.46 s.
2026-10-06T11:06:06Z Provisional tree 16: 81% of quartets, in 2.55 s.
2026-10-06T11:08:26Z Provisional tree 17: 86% of quartets, in 2.60 s.
2026-10-06T11:10:36Z Provisional tree 18: 91% of quartets, in 2.73 s.
2026-10-06T11:12:47Z Provisional tree 19: 96% of quartets, in 2.82 s.
2026-10-06T11:14:36Z Amalgamation (wQFM-rs, w2c weights): 113650 weighted quartets, consistency score 16426.9800 of 40920.0000, in 1.5 s.
2026-10-06T11:14:36Z Support: 30 internal edges, S1 from 0.340029 to 1.000000; 33 taxa with a halo value below 0.6; in 0.2 s.
2026-10-06T11:14:44Z Run finished. Root fingerprint: c44b6a0d03b86f6ac1fca45254c20c20f1050267a98ae787da80c8a5715dbf94
