2026-10-03T08:05:34Z Started analysis of D:\q-maws\data\raw\ecoli\assembled-ecoli.
2026-10-03T08:05:36Z Ingest: 29 taxa, average length 4894999; MAW lengths 5 to 14.
2026-10-03T08:05:37Z MAW extraction: 29 taxa to do, 1 at a time, strand filter on.
2026-10-03T08:05:44Z   536: 1522012 MAWs
2026-10-03T08:05:51Z   APEC01: 1586558 MAWs
2026-10-03T08:05:57Z   ATCC8739: 1443661 MAWs
2026-10-03T08:06:03Z   B18BS512: 1308398 MAWs
2026-10-03T08:06:08Z   B4Sb227: 1291285 MAWs
2026-10-03T08:06:14Z   BW2952: 1390514 MAWs
2026-10-03T08:06:22Z   CB9615: 1673273 MAWs
2026-10-03T08:06:29Z   CFT073: 1625061 MAWs
2026-10-03T08:06:34Z   D1Sd197: 1210822 MAWs
2026-10-03T08:06:40Z   DH10B: 1392167 MAWs
2026-10-03T08:06:46Z   E234869: 1519918 MAWs
2026-10-03T08:06:53Z   E24377A: 1526158 MAWs
2026-10-03T08:06:59Z   ED1a: 1619557 MAWs
2026-10-03T08:07:06Z   EDL933: 1708440 MAWs
2026-10-03T08:07:12Z   F2a2457T: 1353005 MAWs
2026-10-03T08:07:18Z   F2a301: 1370351 MAWs
2026-10-03T08:07:24Z   F5b8401: 1360074 MAWs
2026-10-03T08:07:31Z   HS: 1407716 MAWs
2026-10-03T08:07:37Z   IAI1: 1453489 MAWs
2026-10-03T08:07:44Z   IAI39: 1559488 MAWs
2026-10-03T08:07:50Z   MG1655: 1414971 MAWs
2026-10-03T08:07:56Z   S88: 1541629 MAWs
2026-10-03T08:08:03Z   SE11: 1505647 MAWs
2026-10-03T08:08:09Z   SMS35: 1558465 MAWs
2026-10-03T08:08:14Z   SSSs046: 1387587 MAWs
2026-10-03T08:08:21Z   Sakai: 1719556 MAWs
2026-10-03T08:08:27Z   UMN026: 1598510 MAWs
2026-10-03T08:08:35Z   UTI89: 1560505 MAWs
2026-10-03T08:08:42Z   W3110: 1421754 MAWs
2026-10-03T08:08:44Z Selected MAW lengths: [11, 12, 13]
2026-10-03T08:08:45Z Full matrix: 29 taxa x 7374035 columns, estimated 123 MB (memory limit 880 MB).
2026-10-03T08:08:49Z M_full 29 x 7374035; M_ml 29 x 50000.
2026-10-03T08:08:53Z Quartet counting: 23751 quartets, 1 chunks of up to 23751 (calibration 7977 quartets per second; popcount X86Popcnt).
2026-10-03T08:09:01Z Quartet weighting: 23751 quartets, 197 chunks of up to 121 (calibration 40 quartets per second; model pi1 = 0.500000, 100 resamples).
2026-10-03T08:09:52Z Provisional tree 1: 5% of quartets, in 0.59 s.
2026-10-03T08:10:46Z Provisional tree 2: 10% of quartets, in 0.33 s.
2026-10-03T08:11:40Z Provisional tree 3: 15% of quartets, in 0.32 s.
2026-10-03T08:12:35Z Provisional tree 4: 20% of quartets, in 0.34 s.
2026-10-03T08:13:30Z Provisional tree 5: 25% of quartets, in 0.46 s.
2026-10-03T08:14:25Z Provisional tree 6: 31% of quartets, in 0.36 s.
2026-10-03T08:15:22Z Provisional tree 7: 36% of quartets, in 0.42 s.
2026-10-03T08:16:18Z Provisional tree 8: 41% of quartets, in 0.33 s.
2026-10-03T08:17:13Z Provisional tree 9: 46% of quartets, in 0.37 s.
2026-10-03T08:18:07Z Provisional tree 10: 51% of quartets, in 0.39 s.
2026-10-03T08:19:00Z Provisional tree 11: 56% of quartets, in 0.36 s.
2026-10-03T08:19:53Z Provisional tree 12: 61% of quartets, in 0.36 s.
2026-10-03T08:20:50Z Provisional tree 13: 66% of quartets, in 0.37 s.
2026-10-03T08:21:46Z Provisional tree 14: 71% of quartets, in 0.39 s.
2026-10-03T08:22:41Z Provisional tree 15: 76% of quartets, in 1.35 s.
2026-10-03T08:23:57Z Provisional tree 16: 82% of quartets, in 0.52 s.
2026-10-03T08:24:55Z Provisional tree 17: 87% of quartets, in 0.41 s.
2026-10-03T08:25:55Z Provisional tree 18: 92% of quartets, in 0.53 s.
2026-10-03T08:27:09Z Provisional tree 19: 97% of quartets, in 0.53 s.
2026-10-03T08:27:47Z Amalgamation (wQFM-rs, w2c weights): 40028 weighted quartets, consistency score 16208.9333 of 23751.0000, in 0.1 s.
2026-10-03T08:27:47Z Support: 26 internal edges, S1 from 0.602656 to 0.987208; 0 taxa with a halo value below 0.6; in 0.0 s.
2026-10-03T08:27:47Z Bootstrap (S2): 100 replicates, Poisson(1) column weights, W2b weights inside.
2026-10-03T09:53:15Z Bootstrap (S2): 100 replicates; 26 internal edges, S2 from 0.000 to 1.000; split frequencies in 0.1 s.
2026-10-03T09:53:20Z Run finished. Root fingerprint: 36e7569de82dc87b84b126b29ca50dd0135b7b824a9cd53ddf6eda6d5dba0247
