2026-10-03T11:42:00Z Started analysis of D:\q-maws\data\raw\yersinia_hgt\unsimulated-yersinia.
2026-10-03T11:42:01Z Ingest: 8 taxa, average length 4605552; MAW lengths 5 to 14.
2026-10-03T11:42:01Z MAW extraction: 8 taxa to do, 3 at a time, strand filter on.
2026-10-03T11:42:10Z   AAKT020000: 1466539 MAWs
2026-10-03T11:42:10Z   BX936398: 1371812 MAWs
2026-10-03T11:42:10Z   NC_003143: 1412928 MAWs
2026-10-03T11:42:19Z   NC_004088: 1390660 MAWs
2026-10-03T11:42:19Z   NC_005810: 1391817 MAWs
2026-10-03T11:42:19Z   NC_008149: 1366997 MAWs
2026-10-03T11:42:26Z   NC_008150: 1393425 MAWs
2026-10-03T11:42:26Z   NC_009381: 1371806 MAWs
2026-10-03T11:42:26Z Selected MAW lengths: [11, 12, 13]
2026-10-03T11:42:27Z Full matrix: 8 taxa x 2921358 columns, estimated 41 MB (memory limit 1392 MB).
2026-10-03T11:42:27Z M_full 8 x 2921358; M_ml 8 x 50000.
2026-10-03T11:42:27Z Quartet counting: 70 quartets, 1 chunks of up to 70 (calibration 42471 quartets per second; popcount X86Popcnt).
2026-10-03T11:42:28Z Quartet weighting: 70 quartets, 1 chunks of up to 70 (calibration 283 quartets per second; model pi1 = 0.500000, 100 resamples).
2026-10-03T11:42:28Z Amalgamation (wQFM-rs, w2c weights): 96 weighted quartets, consistency score 60.8967 of 70.0000, in 0.0 s.
2026-10-03T11:42:28Z Support: 5 internal edges, S1 from 0.830000 to 0.971111; 0 taxa with a halo value below 0.6; in 0.0 s.
2026-10-03T11:42:28Z Bootstrap (S2): 100 replicates, Poisson(1) column weights, W2b weights inside.
2026-10-03T11:42:32Z Resuming run.
2026-10-03T11:42:45Z Bootstrap (S2): 100 replicates; 5 internal edges, S2 from 0.000 to 1.000; split frequencies in 0.0 s.
2026-10-03T11:42:46Z Run finished. Root fingerprint: 537c28c5b2afcfa2aedf6a1f24b3c2987e635ceefc3b8241d3f31c8b194a560e
