2026-10-06T22:29:18Z Started analysis of D:\q-maws\data\raw\sim_hgt\simulated-sim_hgt\hgt_0.
2026-10-06T22:29:18Z Ingest: 33 taxa, average length 2180698; MAW lengths 5 to 14.
2026-10-06T22:29:19Z MAW extraction: 33 taxa to do, 6 at a time, strand filter on.
2026-10-06T22:29:33Z   Species1: 546275 MAWs
2026-10-06T22:29:33Z   Species10: 706324 MAWs
2026-10-06T22:29:33Z   Species11: 630655 MAWs
2026-10-06T22:29:33Z   Species12: 531113 MAWs
2026-10-06T22:29:33Z   Species13: 565503 MAWs
2026-10-06T22:29:33Z   Species14: 620762 MAWs
2026-10-06T22:29:52Z   Species15: 559621 MAWs
2026-10-06T22:29:52Z   Species16: 726989 MAWs
2026-10-06T22:29:52Z   Species17: 720161 MAWs
2026-10-06T22:29:52Z   Species18: 577241 MAWs
2026-10-06T22:29:52Z   Species19: 716422 MAWs
2026-10-06T22:29:52Z   Species2: 634692 MAWs
2026-10-06T22:30:13Z   Species20: 745008 MAWs
2026-10-06T22:30:13Z   Species21: 607573 MAWs
2026-10-06T22:30:13Z   Species22: 593582 MAWs
2026-10-06T22:30:13Z   Species23: 712057 MAWs
2026-10-06T22:30:13Z   Species24: 659857 MAWs
2026-10-06T22:30:13Z   Species25: 793495 MAWs
2026-10-06T22:30:33Z   Species26: 595178 MAWs
2026-10-06T22:30:33Z   Species27: 558917 MAWs
2026-10-06T22:30:33Z   Species28: 617209 MAWs
2026-10-06T22:30:33Z   Species29: 781148 MAWs
2026-10-06T22:30:33Z   Species3: 742989 MAWs
2026-10-06T22:30:33Z   Species30: 780307 MAWs
2026-10-06T22:30:57Z   Species31: 634930 MAWs
2026-10-06T22:30:57Z   Species32: 588621 MAWs
2026-10-06T22:30:57Z   Species33: 740090 MAWs
2026-10-06T22:30:57Z   Species4: 687407 MAWs
2026-10-06T22:30:57Z   Species5: 574279 MAWs
2026-10-06T22:30:57Z   Species6: 775784 MAWs
2026-10-06T22:31:11Z   Species7: 751886 MAWs
2026-10-06T22:31:11Z   Species8: 736731 MAWs
2026-10-06T22:31:11Z   Species9: 721868 MAWs
2026-10-06T22:31:17Z Selected MAW lengths: [10, 11, 12]
2026-10-06T22:31:25Z Full matrix: 33 taxa x 8571894 columns, estimated 147 MB (memory limit 1059 MB).
2026-10-06T22:31:44Z M_full 33 x 8571894; M_ml 33 x 50000.
2026-10-06T22:32:06Z Quartet counting: 40920 quartets, 6 chunks of up to 8012 (calibration 2671 quartets per second; popcount X86Popcnt).
2026-10-06T22:32:50Z Quartet weighting: 40920 quartets, 1320 chunks of up to 31 (calibration 10 quartets per second; model pi1 = 0.500000, 100 resamples).
2026-10-06T22:35:43Z Provisional tree 1: 2% of quartets, in 2.65 s.
2026-10-06T22:38:49Z Provisional tree 2: 5% of quartets, in 2.61 s.
2026-10-06T22:41:53Z Provisional tree 3: 8% of quartets, in 2.97 s.
2026-10-06T22:44:59Z Provisional tree 4: 11% of quartets, in 3.11 s.
2026-10-06T22:48:03Z Provisional tree 5: 13% of quartets, in 3.19 s.
2026-10-06T22:51:13Z Provisional tree 6: 16% of quartets, in 3.21 s.
2026-10-06T22:54:19Z Provisional tree 7: 19% of quartets, in 3.33 s.
2026-10-06T22:57:23Z Provisional tree 8: 21% of quartets, in 3.33 s.
2026-10-06T23:00:31Z Provisional tree 9: 24% of quartets, in 3.38 s.
2026-10-06T23:03:42Z Provisional tree 10: 27% of quartets, in 3.44 s.
2026-10-06T23:06:48Z Provisional tree 11: 29% of quartets, in 3.56 s.
2026-10-06T23:09:57Z Provisional tree 12: 32% of quartets, in 3.69 s.
2026-10-06T23:13:02Z Provisional tree 13: 35% of quartets, in 2.66 s.
2026-10-06T23:16:09Z Provisional tree 14: 39% of quartets, in 2.61 s.
2026-10-06T23:19:12Z Provisional tree 15: 44% of quartets, in 2.47 s.
2026-10-06T23:22:17Z Provisional tree 16: 49% of quartets, in 2.44 s.
2026-10-06T23:25:22Z Provisional tree 17: 53% of quartets, in 2.44 s.
2026-10-06T23:28:27Z Provisional tree 18: 57% of quartets, in 2.53 s.
2026-10-06T23:31:30Z Provisional tree 19: 62% of quartets, in 2.50 s.
2026-10-06T23:34:36Z Provisional tree 20: 66% of quartets, in 3.82 s.
2026-10-06T23:37:42Z Provisional tree 21: 69% of quartets, in 3.81 s.
2026-10-06T23:40:49Z Provisional tree 22: 71% of quartets, in 3.80 s.
2026-10-06T23:43:54Z Provisional tree 23: 74% of quartets, in 3.90 s.
2026-10-06T23:47:00Z Provisional tree 24: 77% of quartets, in 3.81 s.
2026-10-06T23:50:05Z Provisional tree 25: 79% of quartets, in 4.12 s.
2026-10-06T23:53:10Z Provisional tree 26: 82% of quartets, in 4.05 s.
2026-10-06T23:56:18Z Provisional tree 27: 84% of quartets, in 4.34 s.
2026-10-06T23:59:23Z Provisional tree 28: 87% of quartets, in 4.41 s.
2026-10-07T00:02:33Z Provisional tree 29: 90% of quartets, in 4.24 s.
2026-10-07T00:05:39Z Provisional tree 30: 93% of quartets, in 4.88 s.
2026-10-07T00:08:47Z Provisional tree 31: 96% of quartets, in 6.14 s.
2026-10-07T00:11:56Z Provisional tree 32: 98% of quartets, in 5.90 s.
2026-10-07T00:13:33Z Amalgamation (wQFM-rs, w2c weights): 112754 weighted quartets, consistency score 16707.9550 of 40920.0000, in 2.0 s.
2026-10-07T00:13:33Z Support: 30 internal edges, S1 from 0.352961 to 1.000000; 33 taxa with a halo value below 0.6; in 0.3 s.
2026-10-07T00:13:50Z Run finished. Root fingerprint: 2e2d5b89fc45e3361baafeb0cc825ee1b036d2c3efcb450a3f8bb23c31f9f4d6
