2026-10-07T12:44:21Z Started analysis of D:\q-maws\data\raw\ecoli_shigella_hgt\unsimulated-ecoli_shigella.
2026-10-07T12:44:22Z Ingest: 27 taxa, average length 4905896; MAW lengths 5 to 14.
2026-10-07T12:44:23Z MAW extraction: 27 taxa to do, 2 at a time, strand filter on.
2026-10-07T12:45:15Z   NC_000913: 1414971 MAWs
2026-10-07T12:45:15Z   NC_002655: 1708440 MAWs
2026-10-07T12:46:10Z   NC_002695: 1719556 MAWs
2026-10-07T12:46:10Z   NC_004337: 1370351 MAWs
2026-10-07T12:47:00Z   NC_004431: 1625061 MAWs
2026-10-07T12:47:00Z   NC_004741: 1353005 MAWs
2026-10-07T12:47:40Z   NC_007384: 1387587 MAWs
2026-10-07T12:47:40Z   NC_007606: 1210822 MAWs
2026-10-07T12:48:18Z   NC_007613: 1291285 MAWs
2026-10-07T12:48:18Z   NC_007779: 1421754 MAWs
2026-10-07T12:49:01Z   NC_007946: 1560505 MAWs
2026-10-07T12:49:01Z   NC_008253: 1522012 MAWs
2026-10-07T12:49:42Z   NC_008258: 1360074 MAWs
2026-10-07T12:49:42Z   NC_008563: 1586558 MAWs
2026-10-07T12:50:24Z   NC_009800: 1407716 MAWs
2026-10-07T12:50:24Z   NC_009801: 1526158 MAWs
2026-10-07T12:51:07Z   NC_010468: 1443661 MAWs
2026-10-07T12:51:07Z   NC_010498: 1558465 MAWs
2026-10-07T12:51:47Z   NC_010658: 1308398 MAWs
2026-10-07T12:51:47Z   NC_011415: 1505647 MAWs
2026-10-07T12:52:28Z   NC_011601: 1519918 MAWs
2026-10-07T12:52:28Z   NC_011741: 1453489 MAWs
2026-10-07T12:53:11Z   NC_011742: 1541629 MAWs
2026-10-07T12:53:11Z   NC_011745: 1619557 MAWs
2026-10-07T12:53:54Z   NC_011748: 1586124 MAWs
2026-10-07T12:53:54Z   NC_011750: 1559488 MAWs
2026-10-07T12:54:33Z   NC_011751: 1598510 MAWs
2026-10-07T12:54:49Z Selected MAW lengths: [11, 12, 13]
2026-10-07T12:55:04Z Full matrix: 27 taxa x 7362929 columns, estimated 121 MB (memory limit 928 MB).
2026-10-07T12:55:35Z M_full 27 x 7362929; M_ml 27 x 50000.
2026-10-07T12:55:43Z Quartet counting: 17550 quartets, 2 chunks of up to 11690 (calibration 3897 quartets per second; popcount X86Popcnt).
2026-10-07T12:57:25Z Quartet weighting: 17550 quartets, 2925 chunks of up to 6 (calibration 2 quartets per second; model pi1 = 0.500000, 100 resamples).
2026-10-07T12:59:05Z Provisional tree 1: 0% of quartets, in 4.74 s.
2026-10-07T13:02:11Z Provisional tree 2: 1% of quartets, in 4.72 s.
2026-10-07T13:05:18Z Provisional tree 3: 2% of quartets, in 4.70 s.
2026-10-07T13:08:27Z Provisional tree 4: 3% of quartets, in 4.44 s.
2026-10-07T13:11:36Z Provisional tree 5: 4% of quartets, in 4.52 s.
2026-10-07T13:14:42Z Provisional tree 6: 5% of quartets, in 4.77 s.
2026-10-07T13:17:49Z Provisional tree 7: 6% of quartets, in 4.89 s.
2026-10-07T13:21:10Z Provisional tree 8: 6% of quartets, in 4.76 s.
2026-10-07T13:24:15Z Provisional tree 9: 7% of quartets, in 4.17 s.
2026-10-07T13:27:21Z Provisional tree 10: 8% of quartets, in 4.59 s.
2026-10-07T13:30:30Z Provisional tree 11: 9% of quartets, in 4.83 s.
2026-10-07T13:33:36Z Provisional tree 12: 10% of quartets, in 4.83 s.
2026-10-07T13:36:45Z Provisional tree 13: 10% of quartets, in 4.89 s.
2026-10-07T13:39:50Z Provisional tree 14: 11% of quartets, in 4.93 s.
2026-10-07T13:42:56Z Provisional tree 15: 12% of quartets, in 5.11 s.
2026-10-07T13:46:07Z Provisional tree 16: 13% of quartets, in 4.87 s.
2026-10-07T13:49:12Z Provisional tree 17: 14% of quartets, in 5.06 s.
2026-10-07T13:52:18Z Provisional tree 18: 15% of quartets, in 5.24 s.
2026-10-07T13:55:34Z Provisional tree 19: 15% of quartets, in 5.00 s.
2026-10-07T13:58:45Z Provisional tree 20: 16% of quartets, in 5.18 s.
2026-10-07T14:02:00Z Provisional tree 21: 17% of quartets, in 5.28 s.
2026-10-07T14:05:09Z Provisional tree 22: 18% of quartets, in 4.67 s.
2026-10-07T14:08:16Z Provisional tree 23: 19% of quartets, in 5.13 s.
2026-10-07T14:11:23Z Provisional tree 24: 20% of quartets, in 5.15 s.
2026-10-07T14:14:31Z Provisional tree 25: 21% of quartets, in 5.26 s.
2026-10-07T14:17:37Z Provisional tree 26: 21% of quartets, in 5.34 s.
2026-10-07T14:20:47Z Provisional tree 27: 22% of quartets, in 5.38 s.
2026-10-07T14:23:53Z Provisional tree 28: 23% of quartets, in 4.80 s.
2026-10-07T14:27:04Z Provisional tree 29: 24% of quartets, in 5.35 s.
2026-10-07T14:30:16Z Provisional tree 30: 25% of quartets, in 5.40 s.
2026-10-07T14:33:29Z Provisional tree 31: 25% of quartets, in 5.56 s.
2026-10-07T14:36:38Z Provisional tree 32: 26% of quartets, in 5.04 s.
2026-10-07T14:39:49Z Provisional tree 33: 27% of quartets, in 5.57 s.
2026-10-07T14:43:01Z Provisional tree 34: 28% of quartets, in 5.32 s.
2026-10-07T14:46:09Z Provisional tree 35: 29% of quartets, in 5.53 s.
2026-10-07T14:49:16Z Provisional tree 36: 30% of quartets, in 4.92 s.
2026-10-07T14:52:22Z Provisional tree 37: 31% of quartets, in 5.05 s.
2026-10-07T14:55:31Z Provisional tree 38: 32% of quartets, in 5.63 s.
2026-10-07T14:58:38Z Provisional tree 39: 33% of quartets, in 5.37 s.
2026-10-07T15:01:46Z Provisional tree 40: 33% of quartets, in 5.74 s.
2026-10-07T15:04:58Z Provisional tree 41: 34% of quartets, in 5.62 s.
2026-10-07T15:08:04Z Provisional tree 42: 35% of quartets, in 4.96 s.
2026-10-07T15:11:11Z Provisional tree 43: 36% of quartets, in 6.93 s.
2026-10-07T17:50:08Z Resuming run.
2026-10-07T17:53:15Z Provisional tree 44: 38% of quartets, in 1.75 s.
2026-10-07T17:56:16Z Provisional tree 45: 41% of quartets, in 1.16 s.
2026-10-07T17:59:18Z Provisional tree 46: 44% of quartets, in 1.18 s.
2026-10-07T18:02:20Z Provisional tree 47: 47% of quartets, in 1.15 s.
2026-10-07T18:05:26Z Provisional tree 48: 50% of quartets, in 2.88 s.
2026-10-07T18:08:31Z Provisional tree 49: 52% of quartets, in 2.41 s.
2026-10-07T18:11:33Z Provisional tree 50: 54% of quartets, in 2.32 s.
2026-10-07T18:14:35Z Provisional tree 51: 57% of quartets, in 1.90 s.
2026-10-07T18:17:41Z Provisional tree 52: 59% of quartets, in 3.63 s.
2026-10-07T18:20:45Z Provisional tree 53: 61% of quartets, in 2.47 s.
2026-10-07T18:23:57Z Provisional tree 54: 63% of quartets, in 5.43 s.
2026-10-07T18:27:07Z Provisional tree 55: 64% of quartets, in 5.87 s.
2026-10-07T18:30:18Z Provisional tree 56: 64% of quartets, in 5.80 s.
2026-10-07T18:33:25Z Provisional tree 57: 65% of quartets, in 5.19 s.
2026-10-07T18:36:32Z Provisional tree 58: 66% of quartets, in 5.90 s.
2026-10-07T18:39:40Z Provisional tree 59: 67% of quartets, in 6.00 s.
2026-10-07T18:42:50Z Provisional tree 60: 68% of quartets, in 6.06 s.
2026-10-07T18:46:04Z Provisional tree 61: 69% of quartets, in 6.94 s.
2026-10-07T18:49:15Z Provisional tree 62: 69% of quartets, in 6.16 s.
2026-10-07T18:52:25Z Provisional tree 63: 70% of quartets, in 5.83 s.
2026-10-07T18:55:39Z Provisional tree 64: 71% of quartets, in 6.05 s.
2026-10-07T18:58:49Z Provisional tree 65: 72% of quartets, in 6.13 s.
2026-10-07T19:02:01Z Provisional tree 66: 73% of quartets, in 5.96 s.
2026-10-07T19:05:25Z Provisional tree 67: 73% of quartets, in 8.66 s.
2026-10-07T19:08:33Z Provisional tree 68: 74% of quartets, in 5.78 s.
2026-10-07T19:11:54Z Provisional tree 69: 75% of quartets, in 6.04 s.
2026-10-07T19:15:05Z Provisional tree 70: 76% of quartets, in 6.03 s.
2026-10-07T19:18:11Z Provisional tree 71: 77% of quartets, in 5.28 s.
2026-10-07T19:21:20Z Provisional tree 72: 78% of quartets, in 5.53 s.
2026-10-07T19:24:29Z Provisional tree 73: 79% of quartets, in 6.22 s.
2026-10-07T19:27:35Z Provisional tree 74: 79% of quartets, in 4.78 s.
2026-10-07T19:30:47Z Provisional tree 75: 80% of quartets, in 6.61 s.
2026-10-07T19:34:13Z Provisional tree 76: 81% of quartets, in 5.41 s.
2026-10-07T19:37:21Z Provisional tree 77: 82% of quartets, in 5.38 s.
2026-10-07T19:40:39Z Provisional tree 78: 83% of quartets, in 6.24 s.
2026-10-07T19:43:47Z Provisional tree 79: 83% of quartets, in 6.09 s.
2026-10-07T19:47:04Z Provisional tree 80: 84% of quartets, in 9.39 s.
2026-10-07T19:50:14Z Provisional tree 81: 85% of quartets, in 8.26 s.
2026-10-07T19:53:25Z Provisional tree 82: 86% of quartets, in 8.92 s.
2026-10-07T19:56:33Z Provisional tree 83: 87% of quartets, in 7.57 s.
2026-10-07T19:59:50Z Provisional tree 84: 88% of quartets, in 10.57 s.
2026-10-07T20:03:07Z Provisional tree 85: 88% of quartets, in 13.68 s.
2026-10-07T20:06:27Z Provisional tree 86: 89% of quartets, in 10.64 s.
2026-10-07T20:09:42Z Provisional tree 87: 90% of quartets, in 13.13 s.
2026-10-07T20:12:54Z Provisional tree 88: 91% of quartets, in 8.81 s.
2026-10-07T20:16:01Z Provisional tree 89: 92% of quartets, in 6.58 s.
2026-10-07T20:19:09Z Provisional tree 90: 93% of quartets, in 7.25 s.
2026-10-07T20:22:32Z Provisional tree 91: 93% of quartets, in 15.55 s.
2026-10-07T20:26:03Z Provisional tree 92: 93% of quartets, in 18.81 s.
2026-10-07T20:29:29Z Provisional tree 93: 94% of quartets, in 17.75 s.
2026-10-07T20:32:57Z Provisional tree 94: 94% of quartets, in 17.38 s.
2026-10-07T20:36:39Z Provisional tree 95: 95% of quartets, in 19.67 s.
2026-10-07T20:40:06Z Provisional tree 96: 96% of quartets, in 21.30 s.
2026-10-07T20:40:06Z Provisional tree took 21.3 s of a 207.1 s interval (over 10%); updating every 10% or 360 s from now on.
2026-10-07T20:46:43Z Provisional tree 97: 96% of quartets, in 26.40 s.
2026-10-07T20:53:17Z Provisional tree 98: 97% of quartets, in 28.02 s.
2026-10-07T20:59:31Z Provisional tree 99: 98% of quartets, in 8.17 s.
2026-10-07T21:05:43Z Provisional tree 100: 100% of quartets, in 10.07 s.
2026-10-07T21:06:00Z Amalgamation (wQFM-rs, w2c weights): 29167 weighted quartets, consistency score 12143.3317 of 17550.0000, in 2.7 s.
2026-10-07T21:06:01Z Support: 24 internal edges, S1 from 0.506371 to 0.988333; 0 taxa with a halo value below 0.6; in 1.6 s.
2026-10-07T21:06:35Z Run finished. Root fingerprint: 065baca10ef8dffe0b820105f33f263587a0fd1a378a5b45680cd1cac33161c8
