IQ-TREE multicore version 2.4.0 for Linux x86 64-bit built Feb  7 2025
Developed by Bui Quang Minh, Nguyen Lam Tung, Olga Chernomor, Heiko Schmidt,
Dominik Schrempf, Michael Woodhams, Ly Trong Nhan, Thomas Wong

Host:    runnervm8df0l (AVX512, FMA3, 15 GB RAM)
Command: iqtree2 -s /home/runner/work/_temp/external/run_sim_hgt_1000/ml_maws_matrix.phy -st BIN -m MFP+ASC -bb 1000 -nt 4 --prefix /home/runner/work/_temp/external/run_sim_hgt_1000/ml_maws_iqtree -redo
Seed:    408022 (Using SPRNG - Scalable Parallel Random Number Generator)
Time:    Mon Oct  5 18:53:06 2026
Kernel:  AVX+FMA - 4 threads (4 CPU cores detected)

Reading alignment file /home/runner/work/_temp/external/run_sim_hgt_1000/ml_maws_matrix.phy ... Phylip format detected
Alignment most likely contains binary sequences
Alignment has 33 sequences with 50000 columns, 29675 distinct patterns
50000 parsimony-informative, 0 singleton sites, 0 constant sites
           Gap/Ambiguity  Composition  p-value
Analyzing sequences: done in 0.000603914 secs using 596.6% CPU
   1  Species1     0.00%    failed      0.00%
   2  Species10    0.00%    failed      0.00%
   3  Species11    0.00%    failed      0.00%
   4  Species12    0.00%    failed      0.00%
   5  Species13    0.00%    passed     95.17%
   6  Species14    0.00%    failed      0.00%
   7  Species15    0.00%    failed      0.00%
   8  Species16    0.00%    failed      0.00%
   9  Species17    0.00%    passed     11.83%
  10  Species18    0.00%    failed      0.00%
  11  Species19    0.00%    passed     91.42%
  12  Species2     0.00%    failed      0.00%
  13  Species20    0.00%    failed      0.00%
  14  Species21    0.00%    failed      0.00%
  15  Species22    0.00%    failed      0.00%
  16  Species23    0.00%    failed      0.00%
  17  Species24    0.00%    passed     71.00%
  18  Species25    0.00%    failed      0.03%
  19  Species26    0.00%    passed     69.49%
  20  Species27    0.00%    failed      0.00%
  21  Species28    0.00%    failed      0.00%
  22  Species29    0.00%    failed      0.00%
  23  Species3     0.00%    failed      0.00%
  24  Species30    0.00%    failed      0.00%
  25  Species31    0.00%    failed      0.00%
  26  Species32    0.00%    failed      0.00%
  27  Species33    0.00%    failed      0.00%
  28  Species4     0.00%    failed      0.00%
  29  Species5     0.00%    passed     56.77%
  30  Species6     0.00%    failed      0.01%
  31  Species7     0.00%    failed      0.00%
  32  Species8     0.00%    failed      0.00%
  33  Species9     0.00%    failed      4.51%
****  TOTAL        0.00%  27 sequences failed composition chi2 test (p-value<5%; df=1)

Creating fast initial parsimony tree by random order stepwise addition...
0.022 seconds, parsimony score: 408333 (based on 50000 sites)
Perform fast likelihood tree search using GTR2+ASC model...
Estimate model parameters (epsilon = 5.000)
Perform nearest neighbor interchange...
Estimate model parameters (epsilon = 1.000)
1. Initial log-likelihood: -1024682.509
Optimal log-likelihood: -1024682.334
State frequencies:  0: 0.665  1: 0.335
Parameters optimization took 1 rounds (0.035 sec)
Time for fast ML tree search: 1.613 seconds

NOTE: ModelFinder requires 281 MB RAM!
ModelFinder will test up to 22 binary models (sample size: 50000 epsilon: 0.100) ...
 No. Model         -LnL         df  AIC          AICc         BIC
  1  GTR2+FO+ASC   1024682.318  64  2049492.636  2049492.802  2050057.102
  2  GTR2+FO+ASC+G4 1024676.386  65  2049482.771  2049482.943  2050056.057
  3  GTR2+FO+ASC+R2 1024676.776  66  2049485.551  2049485.728  2050067.656
  4  GTR2+FO+ASC+R3 1024675.649  68  2049487.298  2049487.486  2050087.043
 12  JC2+FQ+ASC    1062039.543  63  2124205.086  2124205.247  2124760.732
 13  JC2+FQ+ASC+G4 1062097.312  64  2124322.625  2124322.791  2124887.090
Akaike Information Criterion:           GTR2+FO+ASC+G4
Corrected Akaike Information Criterion: GTR2+FO+ASC+G4
Bayesian Information Criterion:         GTR2+FO+ASC+G4
Best-fit model: GTR2+FO+ASC+G4 chosen according to BIC

All model information printed to /home/runner/work/_temp/external/run_sim_hgt_1000/ml_maws_iqtree.model.gz
CPU time for ModelFinder: 29.158 seconds (0h:0m:29s)
Wall-clock time for ModelFinder: 7.411 seconds (0h:0m:7s)
Generating 1000 samples for ultrafast bootstrap (seed: 408022)...

NOTE: 180 MB RAM (0 GB) is required!
Estimate model parameters (epsilon = 0.100)
1. Initial log-likelihood: -1067166.856
2. Current log-likelihood: -1031510.916
3. Current log-likelihood: -1031504.614
4. Current log-likelihood: -1031503.809
5. Current log-likelihood: -1031503.501
6. Current log-likelihood: -1031503.317
Optimal log-likelihood: -1031503.182
State frequencies:  0: 0.664  1: 0.336
Gamma shape alpha: 58.532
Parameters optimization took 6 rounds (1.244 sec)
Wrote distance file to... 
Computing ML distances based on estimated model parameters...
Calculating distance matrix: done in 0.0115046 secs using 421.9% CPU
Computing ML distances took 0.013123 sec (of wall-clock time) 0.053135 sec (of CPU time)
WARNING: Some pairwise ML distances are too long (saturated)
Setting up auxiliary I and S matrices: done in 0.0018518 secs using 221.7% CPU
Computing RapidNJ tree took 0.013290 sec (of wall-clock time) 0.017548 sec (of CPU time)
Log-likelihood of RapidNJ tree: -1024666.899
--------------------------------------------------------------------
|             INITIALIZING CANDIDATE TREE SET                      |
--------------------------------------------------------------------
Generating 98 parsimony trees... 0.712 second
Computing log-likelihood of 98 initial trees ... 5.308 seconds
Current best score: -1024666.899

Do NNI search on 20 best initial trees
Estimate model parameters (epsilon = 0.100)
BETTER TREE FOUND at iteration 1: -1024658.955
Iteration 10 / LogL: -1024708.896 / Time: 0h:1m:29s
Iteration 20 / LogL: -1024661.564 / Time: 0h:2m:32s
Finish initializing candidate tree set (20)
Current best tree score: -1024658.955 / CPU time: 140.317
Number of iterations: 20
--------------------------------------------------------------------
|               OPTIMIZING CANDIDATE TREE SET                      |
--------------------------------------------------------------------
Iteration 30 / LogL: -1024660.778 / Time: 0h:3m:24s (0h:8m:3s left)
Iteration 40 / LogL: -1024664.526 / Time: 0h:4m:9s (0h:6m:19s left)
Iteration 50 / LogL: -1029130.825 / Time: 0h:4m:57s (0h:5m:1s left)
Log-likelihood cutoff on original alignment: -1024684.032
Iteration 60 / LogL: -1025755.426 / Time: 0h:5m:38s (0h:3m:50s left)
Iteration 70 / LogL: -1031914.832 / Time: 0h:6m:24s (0h:2m:49s left)
Iteration 80 / LogL: -1024662.358 / Time: 0h:7m:12s (0h:1m:52s left)
Iteration 90 / LogL: -1024668.530 / Time: 0h:7m:54s (0h:0m:57s left)
Iteration 100 / LogL: -1024662.381 / Time: 0h:8m:32s (0h:0m:5s left)
Log-likelihood cutoff on original alignment: -1024679.459
NOTE: Bootstrap correlation coefficient of split occurrence frequencies: 0.921
NOTE: UFBoot does not converge, continue at least 100 more iterations
Iteration 110 / LogL: -1024659.308 / Time: 0h:9m:17s (0h:7m:33s left)
Estimate model parameters (epsilon = 0.100)
BETTER TREE FOUND at iteration 114: -1024658.903
Iteration 120 / LogL: -1025020.626 / Time: 0h:10m:7s (0h:7m:54s left)
Iteration 130 / LogL: -1024867.279 / Time: 0h:10m:54s (0h:7m:1s left)
Iteration 140 / LogL: -1024666.460 / Time: 0h:11m:41s (0h:6m:9s left)
WARNING: NNI search needs unusual large number of steps (33) to converge!
Iteration 150 / LogL: -1027518.422 / Time: 0h:12m:41s (0h:5m:23s left)
Log-likelihood cutoff on original alignment: -1024679.459
WARNING: NNI search needs unusual large number of steps (33) to converge!
Iteration 160 / LogL: -1024865.380 / Time: 0h:13m:27s (0h:4m:31s left)
Iteration 170 / LogL: -1024659.776 / Time: 0h:14m:22s (0h:3m:42s left)
Iteration 180 / LogL: -1024663.995 / Time: 0h:15m:4s (0h:2m:50s left)
Iteration 190 / LogL: -1024660.920 / Time: 0h:15m:58s (0h:2m:0s left)
Iteration 200 / LogL: -1029653.393 / Time: 0h:16m:39s (0h:1m:9s left)
Log-likelihood cutoff on original alignment: -1024679.459
NOTE: Bootstrap correlation coefficient of split occurrence frequencies: 0.926
NOTE: UFBoot does not converge, continue at least 100 more iterations
WARNING: NNI search needs unusual large number of steps (33) to converge!
Iteration 210 / LogL: -1027318.310 / Time: 0h:17m:28s (0h:7m:28s left)
Iteration 220 / LogL: -1029019.763 / Time: 0h:18m:11s (0h:6m:36s left)
Iteration 230 / LogL: -1024668.320 / Time: 0h:19m:8s (0h:5m:48s left)
Iteration 240 / LogL: -1024659.135 / Time: 0h:20m:2s (0h:5m:0s left)
Iteration 250 / LogL: -1025764.167 / Time: 0h:20m:51s (0h:4m:9s left)
Log-likelihood cutoff on original alignment: -1024679.459
Estimate model parameters (epsilon = 0.100)
BETTER TREE FOUND at iteration 251: -1024658.539
BETTER TREE FOUND at iteration 256: -1024658.536
Iteration 260 / LogL: -1029377.806 / Time: 0h:21m:44s (0h:8m:0s left)
Iteration 270 / LogL: -1024665.472 / Time: 0h:22m:33s (0h:7m:10s left)
Iteration 280 / LogL: -1024873.878 / Time: 0h:23m:19s (0h:6m:19s left)
WARNING: NNI search needs unusual large number of steps (33) to converge!
Iteration 290 / LogL: -1024666.726 / Time: 0h:24m:16s (0h:5m:30s left)
Iteration 300 / LogL: -1024664.280 / Time: 0h:25m:3s (0h:4m:40s left)
Log-likelihood cutoff on original alignment: -1024675.933
NOTE: Bootstrap correlation coefficient of split occurrence frequencies: 0.951
NOTE: UFBoot does not converge, continue at least 100 more iterations
Iteration 310 / LogL: -1024662.430 / Time: 0h:26m:0s (0h:7m:32s left)
Iteration 320 / LogL: -1024658.594 / Time: 0h:26m:51s (0h:6m:42s left)
Iteration 330 / LogL: -1025096.001 / Time: 0h:27m:48s (0h:5m:53s left)
Iteration 340 / LogL: -1024664.739 / Time: 0h:28m:42s (0h:5m:3s left)
Iteration 350 / LogL: -1024664.619 / Time: 0h:29m:30s (0h:4m:12s left)
Log-likelihood cutoff on original alignment: -1024675.933
Iteration 360 / LogL: -1024769.095 / Time: 0h:30m:11s (0h:3m:21s left)
Iteration 370 / LogL: -1024660.200 / Time: 0h:31m:7s (0h:2m:31s left)
Iteration 380 / LogL: -1024671.554 / Time: 0h:31m:44s (0h:1m:40s left)
Iteration 390 / LogL: -1027553.372 / Time: 0h:32m:22s (0h:0m:49s left)
Iteration 400 / LogL: -1024658.930 / Time: 0h:33m:10s (0h:0m:0s left)
Log-likelihood cutoff on original alignment: -1024675.933
NOTE: Bootstrap correlation coefficient of split occurrence frequencies: 0.934
NOTE: UFBoot does not converge, continue at least 100 more iterations
Iteration 410 / LogL: -1025664.789 / Time: 0h:33m:45s (0h:7m:24s left)
Iteration 420 / LogL: -1024867.482 / Time: 0h:34m:27s (0h:6m:33s left)
BETTER TREE FOUND at iteration 430: -1024658.530
Iteration 430 / LogL: -1024658.530 / Time: 0h:35m:2s (0h:8m:8s left)
Iteration 440 / LogL: -1024672.460 / Time: 0h:35m:47s (0h:7m:18s left)
Iteration 450 / LogL: -1024862.471 / Time: 0h:36m:26s (0h:6m:28s left)
Log-likelihood cutoff on original alignment: -1024675.933
Iteration 460 / LogL: -1024866.179 / Time: 0h:37m:12s (0h:5m:39s left)
Iteration 470 / LogL: -1024664.112 / Time: 0h:37m:57s (0h:4m:50s left)
Iteration 480 / LogL: -1024668.204 / Time: 0h:38m:36s (0h:4m:0s left)
WARNING: NNI search needs unusual large number of steps (33) to converge!
Iteration 490 / LogL: -1024669.956 / Time: 0h:39m:28s (0h:3m:13s left)
Iteration 500 / LogL: -1024662.759 / Time: 0h:40m:8s (0h:2m:24s left)
Log-likelihood cutoff on original alignment: -1024675.933
NOTE: Bootstrap correlation coefficient of split occurrence frequencies: 0.929
NOTE: UFBoot does not converge, continue at least 100 more iterations
Iteration 510 / LogL: -1024680.056 / Time: 0h:40m:54s (0h:7m:12s left)
Iteration 520 / LogL: -1032640.463 / Time: 0h:41m:43s (0h:6m:24s left)
Iteration 530 / LogL: -1029123.247 / Time: 0h:42m:31s (0h:5m:36s left)
Iteration 540 / LogL: -1024866.920 / Time: 0h:43m:14s (0h:4m:47s left)
Iteration 550 / LogL: -1024662.297 / Time: 0h:44m:3s (0h:4m:0s left)
Log-likelihood cutoff on original alignment: -1024675.933
Iteration 560 / LogL: -1024666.342 / Time: 0h:44m:50s (0h:3m:11s left)
Iteration 570 / LogL: -1024668.239 / Time: 0h:45m:32s (0h:2m:23s left)
Iteration 580 / LogL: -1024674.318 / Time: 0h:46m:10s (0h:1m:35s left)
WARNING: NNI search needs unusual large number of steps (33) to converge!
Iteration 590 / LogL: -1024658.890 / Time: 0h:46m:50s (0h:0m:47s left)
Iteration 600 / LogL: -1025699.829 / Time: 0h:47m:38s (0h:0m:0s left)
Log-likelihood cutoff on original alignment: -1024675.933
NOTE: Bootstrap correlation coefficient of split occurrence frequencies: 0.953
NOTE: UFBoot does not converge, continue at least 100 more iterations
WARNING: NNI search needs unusual large number of steps (33) to converge!
Iteration 610 / LogL: -1024672.045 / Time: 0h:48m:21s (0h:7m:7s left)
Iteration 620 / LogL: -1024659.624 / Time: 0h:49m:5s (0h:6m:19s left)
WARNING: NNI search needs unusual large number of steps (33) to converge!
Iteration 630 / LogL: -1029381.279 / Time: 0h:49m:54s (0h:5m:32s left)
Iteration 640 / LogL: -1027924.915 / Time: 0h:50m:43s (0h:4m:45s left)
Iteration 650 / LogL: -1024659.433 / Time: 0h:51m:32s (0h:3m:57s left)
Log-likelihood cutoff on original alignment: -1024675.933
Iteration 660 / LogL: -1028328.994 / Time: 0h:52m:12s (0h:3m:9s left)
Iteration 670 / LogL: -1024659.254 / Time: 0h:52m:50s (0h:2m:21s left)
Iteration 680 / LogL: -1024661.655 / Time: 0h:53m:29s (0h:1m:34s left)
Iteration 690 / LogL: -1025748.360 / Time: 0h:54m:11s (0h:0m:47s left)
BETTER TREE FOUND at iteration 694: -1024658.530
Iteration 700 / LogL: -1025095.804 / Time: 0h:54m:45s (0h:7m:20s left)
Log-likelihood cutoff on original alignment: -1024675.933
NOTE: Bootstrap correlation coefficient of split occurrence frequencies: 0.960
NOTE: UFBoot does not converge, continue at least 100 more iterations
Iteration 710 / LogL: -1024865.360 / Time: 0h:55m:34s (0h:7m:2s left)
Iteration 720 / LogL: -1029619.948 / Time: 0h:56m:18s (0h:6m:15s left)
WARNING: NNI search needs unusual large number of steps (33) to converge!
Iteration 730 / LogL: -1025752.054 / Time: 0h:57m:2s (0h:5m:27s left)
WARNING: NNI search needs unusual large number of steps (33) to converge!
Iteration 740 / LogL: -1024661.446 / Time: 0h:57m:50s (0h:4m:41s left)
Iteration 750 / LogL: -1027681.417 / Time: 0h:58m:33s (0h:3m:54s left)
Log-likelihood cutoff on original alignment: -1024675.933
Iteration 760 / LogL: -1027718.568 / Time: 0h:59m:14s (0h:3m:6s left)
Iteration 770 / LogL: -1024663.448 / Time: 0h:59m:55s (0h:2m:19s left)
Iteration 780 / LogL: -1027925.190 / Time: 1h:0m:33s (0h:1m:33s left)
Iteration 790 / LogL: -1025122.067 / Time: 1h:1m:9s (0h:0m:46s left)
Iteration 800 / LogL: -1024666.582 / Time: 1h:1m:54s (0h:0m:0s left)
Log-likelihood cutoff on original alignment: -1024675.573
NOTE: Bootstrap correlation coefficient of split occurrence frequencies: 0.960
NOTE: UFBoot does not converge, continue at least 100 more iterations
WARNING: NNI search needs unusual large number of steps (33) to converge!
Iteration 810 / LogL: -1027724.713 / Time: 1h:2m:40s (0h:6m:57s left)
Iteration 820 / LogL: -1026325.717 / Time: 1h:3m:22s (0h:6m:10s left)
WARNING: NNI search needs unusual large number of steps (33) to converge!
Iteration 830 / LogL: -1024662.057 / Time: 1h:3m:58s (0h:5m:23s left)
Iteration 840 / LogL: -1029373.505 / Time: 1h:4m:45s (0h:4m:37s left)
Iteration 850 / LogL: -1024677.218 / Time: 1h:5m:33s (0h:3m:51s left)
Log-likelihood cutoff on original alignment: -1024675.573
Iteration 860 / LogL: -1036837.250 / Time: 1h:6m:14s (0h:3m:4s left)
Iteration 870 / LogL: -1025063.683 / Time: 1h:6m:53s (0h:2m:18s left)
Iteration 880 / LogL: -1032237.351 / Time: 1h:7m:33s (0h:1m:32s left)
Iteration 890 / LogL: -1032379.018 / Time: 1h:8m:15s (0h:0m:45s left)
Iteration 900 / LogL: -1024666.290 / Time: 1h:9m:4s (0h:0m:0s left)
Log-likelihood cutoff on original alignment: -1024675.573
NOTE: Bootstrap correlation coefficient of split occurrence frequencies: 0.971
NOTE: UFBoot does not converge, continue at least 100 more iterations
Iteration 910 / LogL: -1024867.114 / Time: 1h:9m:51s (0h:6m:54s left)
Iteration 920 / LogL: -1024660.165 / Time: 1h:10m:37s (0h:6m:8s left)
Iteration 930 / LogL: -1024659.872 / Time: 1h:11m:18s (0h:5m:21s left)
BETTER TREE FOUND at iteration 938: -1024658.529
Iteration 940 / LogL: -1028727.510 / Time: 1h:12m:0s (0h:7m:30s left)
Iteration 950 / LogL: -1024658.832 / Time: 1h:12m:39s (0h:6m:43s left)
Log-likelihood cutoff on original alignment: -1024675.573
Iteration 960 / LogL: -1024662.308 / Time: 1h:13m:22s (0h:5m:57s left)
Iteration 970 / LogL: -1024658.556 / Time: 1h:14m:7s (0h:5m:11s left)
Iteration 980 / LogL: -1026327.899 / Time: 1h:15m:1s (0h:4m:26s left)
Iteration 990 / LogL: -1024874.050 / Time: 1h:15m:43s (0h:3m:40s left)
Iteration 1000 / LogL: -1024669.611 / Time: 1h:16m:26s (0h:2m:54s left)
Log-likelihood cutoff on original alignment: -1024675.573
NOTE: Bootstrap correlation coefficient of split occurrence frequencies: 0.974
NOTE: UFBoot does not converge, continue at least 100 more iterations
WARNING: bootstrap analysis did not converge. You should rerun with higher number of iterations (-nm option)
TREE SEARCH COMPLETED AFTER 1001 ITERATIONS / Time: 1h:16m:33s

--------------------------------------------------------------------
|                    FINALIZING TREE SEARCH                        |
--------------------------------------------------------------------
Performs final model parameters optimization
Estimate model parameters (epsilon = 0.010)
1. Initial log-likelihood: -1024658.529
Optimal log-likelihood: -1024658.528
State frequencies:  0: 0.665  1: 0.335
Gamma shape alpha: 46.502
Parameters optimization took 1 rounds (0.153 sec)
BEST SCORE FOUND : -1024658.528
Creating bootstrap support values...
Split supports printed to NEXUS file /home/runner/work/_temp/external/run_sim_hgt_1000/ml_maws_iqtree.splits.nex
Total tree length: 90.475

Total number of iterations: 1001
CPU time used for tree search: 18227.513 sec (5h:3m:47s)
Wall-clock time used for tree search: 4581.967 sec (1h:16m:21s)
Total CPU time used: 18273.869 sec (5h:4m:33s)
Total wall-clock time used: 4594.179 sec (1h:16m:34s)

Computing bootstrap consensus tree...
Reading input file /home/runner/work/_temp/external/run_sim_hgt_1000/ml_maws_iqtree.splits.nex...
33 taxa and 1430 splits.
Consensus tree written to /home/runner/work/_temp/external/run_sim_hgt_1000/ml_maws_iqtree.contree
Reading input trees file /home/runner/work/_temp/external/run_sim_hgt_1000/ml_maws_iqtree.contree
Log-likelihood of consensus tree: -1027522.236

Analysis results written to: 
  IQ-TREE report:                /home/runner/work/_temp/external/run_sim_hgt_1000/ml_maws_iqtree.iqtree
  Maximum-likelihood tree:       /home/runner/work/_temp/external/run_sim_hgt_1000/ml_maws_iqtree.treefile
  Likelihood distances:          /home/runner/work/_temp/external/run_sim_hgt_1000/ml_maws_iqtree.mldist

Ultrafast bootstrap approximation results written to:
  Split support values:          /home/runner/work/_temp/external/run_sim_hgt_1000/ml_maws_iqtree.splits.nex
  Consensus tree:                /home/runner/work/_temp/external/run_sim_hgt_1000/ml_maws_iqtree.contree
  Screen log file:               /home/runner/work/_temp/external/run_sim_hgt_1000/ml_maws_iqtree.log

Date and Time: Mon Oct  5 20:09:43 2026
