2026-10-06T08:44:55Z Started analysis of D:\q-maws\data\raw\sim_hgt\simulated-sim_hgt\hgt_0.
2026-10-06T08:44:56Z Ingest: 33 taxa, average length 2180698; MAW lengths 5 to 14.
2026-10-06T08:44:56Z MAW extraction: 33 taxa to do, 7 at a time, strand filter on.
2026-10-06T08:45:14Z   Species1: 546275 MAWs
2026-10-06T08:45:14Z   Species10: 706324 MAWs
2026-10-06T08:45:14Z   Species11: 630655 MAWs
2026-10-06T08:45:14Z   Species12: 531113 MAWs
2026-10-06T08:45:14Z   Species13: 565503 MAWs
2026-10-06T08:45:14Z   Species14: 620762 MAWs
2026-10-06T08:45:14Z   Species15: 559621 MAWs
2026-10-06T08:45:38Z   Species16: 726989 MAWs
2026-10-06T08:45:38Z   Species17: 720161 MAWs
2026-10-06T08:45:38Z   Species18: 577241 MAWs
2026-10-06T08:45:38Z   Species19: 716422 MAWs
2026-10-06T08:45:38Z   Species2: 634692 MAWs
2026-10-06T08:45:38Z   Species20: 745008 MAWs
2026-10-06T08:45:38Z   Species21: 607573 MAWs
2026-10-06T08:46:09Z   Species22: 593582 MAWs
2026-10-06T08:46:09Z   Species23: 712057 MAWs
2026-10-06T08:46:09Z   Species24: 659857 MAWs
2026-10-06T08:46:09Z   Species25: 793495 MAWs
2026-10-06T08:46:10Z   Species26: 595178 MAWs
2026-10-06T08:46:10Z   Species27: 558917 MAWs
2026-10-06T08:46:10Z   Species28: 617209 MAWs
2026-10-06T08:46:40Z   Species29: 781148 MAWs
2026-10-06T08:46:40Z   Species3: 742989 MAWs
2026-10-06T08:46:40Z   Species30: 780307 MAWs
2026-10-06T08:46:40Z   Species31: 634930 MAWs
2026-10-06T08:46:40Z   Species32: 588621 MAWs
2026-10-06T08:46:41Z   Species33: 740090 MAWs
2026-10-06T08:46:41Z   Species4: 687407 MAWs
2026-10-06T08:47:13Z   Species5: 574279 MAWs
2026-10-06T08:47:14Z   Species6: 775784 MAWs
2026-10-06T08:47:14Z   Species7: 751886 MAWs
2026-10-06T08:47:14Z   Species8: 736731 MAWs
2026-10-06T08:47:14Z   Species9: 721868 MAWs
2026-10-06T08:47:18Z Selected MAW lengths: [10, 11, 12]
2026-10-06T08:47:22Z Full matrix: 33 taxa x 8571894 columns, estimated 147 MB (memory limit 1193 MB).
2026-10-06T08:47:30Z M_full 33 x 8571894; M_ml 33 x 50000.
2026-10-06T08:47:44Z Quartet counting: 40920 quartets, 4 chunks of up to 10515 (calibration 3505 quartets per second; popcount X86Popcnt).
2026-10-06T08:48:11Z Quartet weighting: 40920 quartets, 836 chunks of up to 49 (calibration 16 quartets per second; model pi1 = 0.500000, 100 resamples).
2026-10-06T08:51:05Z Provisional tree 1: 5% of quartets, in 1.29 s.
2026-10-06T08:54:12Z Provisional tree 2: 9% of quartets, in 3.77 s.
2026-10-06T08:56:49Z Provisional tree 3: 14% of quartets, in 2.13 s.
2026-10-06T08:58:42Z Provisional tree 4: 19% of quartets, in 1.49 s.
2026-10-06T09:00:45Z Provisional tree 5: 24% of quartets, in 1.45 s.
2026-10-06T09:02:37Z Provisional tree 6: 29% of quartets, in 1.40 s.
2026-10-06T09:04:22Z Provisional tree 7: 34% of quartets, in 1.49 s.
2026-10-06T09:06:07Z Provisional tree 8: 39% of quartets, in 1.59 s.
2026-10-06T09:07:57Z Provisional tree 9: 44% of quartets, in 1.57 s.
2026-10-06T09:09:52Z Provisional tree 10: 49% of quartets, in 1.56 s.
2026-10-06T09:11:33Z Provisional tree 11: 54% of quartets, in 1.74 s.
2026-10-06T09:13:27Z Provisional tree 12: 59% of quartets, in 1.81 s.
2026-10-06T09:15:14Z Provisional tree 13: 64% of quartets, in 1.82 s.
2026-10-06T09:17:02Z Provisional tree 14: 69% of quartets, in 1.68 s.
2026-10-06T09:18:48Z Provisional tree 15: 74% of quartets, in 1.70 s.
2026-10-06T09:20:52Z Provisional tree 16: 79% of quartets, in 1.65 s.
2026-10-06T09:22:44Z Provisional tree 17: 84% of quartets, in 1.72 s.
2026-10-06T09:24:28Z Provisional tree 18: 89% of quartets, in 1.75 s.
2026-10-06T09:26:24Z Provisional tree 19: 94% of quartets, in 1.83 s.
2026-10-06T09:28:18Z Provisional tree 20: 99% of quartets, in 1.85 s.
2026-10-06T09:28:34Z Amalgamation (wQFM-rs, w2c weights): 112746 weighted quartets, consistency score 16708.1317 of 40920.0000, in 1.1 s.
2026-10-06T09:28:34Z Support: 30 internal edges, S1 from 0.352989 to 1.000000; 33 taxa with a halo value below 0.6; in 0.2 s.
2026-10-06T09:28:43Z Run finished. Root fingerprint: ea01d6e3dd504199104f8d73afd876c39de7740a1fca8999921df30b98c1eabf
