IQ-TREE multicore version 2.4.0 for Linux x86 64-bit built Feb  7 2025
Developed by Bui Quang Minh, Nguyen Lam Tung, Olga Chernomor, Heiko Schmidt,
Dominik Schrempf, Michael Woodhams, Ly Trong Nhan, Thomas Wong

Host:    runnervm8df0l (AVX512, FMA3, 15 GB RAM)
Command: iqtree2 -s /home/runner/work/_temp/external/run_sim_hgt_500/ml_maws_matrix.phy -st BIN -m MFP+ASC -bb 1000 -nt 4 --prefix /home/runner/work/_temp/external/run_sim_hgt_500/ml_maws_iqtree -redo
Seed:    550269 (Using SPRNG - Scalable Parallel Random Number Generator)
Time:    Mon Oct  5 18:52:52 2026
Kernel:  AVX+FMA - 4 threads (4 CPU cores detected)

Reading alignment file /home/runner/work/_temp/external/run_sim_hgt_500/ml_maws_matrix.phy ... Phylip format detected
Alignment most likely contains binary sequences
Alignment has 33 sequences with 50000 columns, 29604 distinct patterns
50000 parsimony-informative, 0 singleton sites, 0 constant sites
           Gap/Ambiguity  Composition  p-value
Analyzing sequences: done in 0.0018196 secs using 430.2% CPU
   1  Species1     0.00%    failed      0.00%
   2  Species10    0.00%    failed      0.00%
   3  Species11    0.00%    failed      0.00%
   4  Species12    0.00%    failed      0.00%
   5  Species13    0.00%    failed      0.00%
   6  Species14    0.00%    failed      0.00%
   7  Species15    0.00%    failed      0.00%
   8  Species16    0.00%    failed      0.00%
   9  Species17    0.00%    failed      0.00%
  10  Species18    0.00%    failed      0.00%
  11  Species19    0.00%    failed      4.75%
  12  Species2     0.00%    failed      0.00%
  13  Species20    0.00%    failed      0.00%
  14  Species21    0.00%    failed      0.00%
  15  Species22    0.00%    failed      0.00%
  16  Species23    0.00%    failed      0.00%
  17  Species24    0.00%    failed      0.00%
  18  Species25    0.00%    failed      0.00%
  19  Species26    0.00%    passed     78.01%
  20  Species27    0.00%    failed      0.00%
  21  Species28    0.00%    failed      0.00%
  22  Species29    0.00%    failed      0.00%
  23  Species3     0.00%    failed      0.00%
  24  Species30    0.00%    failed      0.00%
  25  Species31    0.00%    failed      0.00%
  26  Species32    0.00%    failed      0.00%
  27  Species33    0.00%    failed      0.00%
  28  Species4     0.00%    failed      0.00%
  29  Species5     0.00%    passed     10.68%
  30  Species6     0.00%    failed      0.00%
  31  Species7     0.00%    failed      0.00%
  32  Species8     0.00%    failed      0.00%
  33  Species9     0.00%    failed      0.00%
****  TOTAL        0.00%  31 sequences failed composition chi2 test (p-value<5%; df=1)

Creating fast initial parsimony tree by random order stepwise addition...
0.032 seconds, parsimony score: 400750 (based on 50000 sites)
Perform fast likelihood tree search using GTR2+ASC model...
Estimate model parameters (epsilon = 5.000)
Perform nearest neighbor interchange...
Estimate model parameters (epsilon = 1.000)
1. Initial log-likelihood: -1015353.607
Optimal log-likelihood: -1015353.475
State frequencies:  0: 0.669  1: 0.331
Parameters optimization took 1 rounds (0.042 sec)
Time for fast ML tree search: 2.441 seconds

NOTE: ModelFinder requires 280 MB RAM!
ModelFinder will test up to 22 binary models (sample size: 50000 epsilon: 0.100) ...
 No. Model         -LnL         df  AIC          AICc         BIC
  1  GTR2+FO+ASC   1015353.353  64  2030834.705  2030834.872  2031399.171
  2  GTR2+FO+ASC+G4 1015334.346  65  2030798.692  2030798.864  2031371.978
  3  GTR2+FO+ASC+R2 1015334.169  66  2030800.338  2030800.515  2031382.443
  4  GTR2+FO+ASC+R3 1015332.973  68  2030801.947  2030802.135  2031401.692
 13  JC2+FQ+ASC+G4 1049464.614  64  2099057.229  2099057.395  2099621.695
Akaike Information Criterion:           GTR2+FO+ASC+G4
Corrected Akaike Information Criterion: GTR2+FO+ASC+G4
Bayesian Information Criterion:         GTR2+FO+ASC+G4
Best-fit model: GTR2+FO+ASC+G4 chosen according to BIC

All model information printed to /home/runner/work/_temp/external/run_sim_hgt_500/ml_maws_iqtree.model.gz
CPU time for ModelFinder: 45.020 seconds (0h:0m:45s)
Wall-clock time for ModelFinder: 11.404 seconds (0h:0m:11s)
Generating 1000 samples for ultrafast bootstrap (seed: 550269)...

NOTE: 180 MB RAM (0 GB) is required!
Estimate model parameters (epsilon = 0.100)
1. Initial log-likelihood: -1053084.852
2. Current log-likelihood: -1017377.690
3. Current log-likelihood: -1016891.126
4. Current log-likelihood: -1016699.523
5. Current log-likelihood: -1016696.578
6. Current log-likelihood: -1016695.481
7. Current log-likelihood: -1016694.929
8. Current log-likelihood: -1016694.611
Optimal log-likelihood: -1016694.465
State frequencies:  0: 0.670  1: 0.330
Gamma shape alpha: 29.026
Parameters optimization took 8 rounds (1.911 sec)
Wrote distance file to... 
Computing ML distances based on estimated model parameters...
Calculating distance matrix: done in 0.0144102 secs using 413.7% CPU
Computing ML distances took 0.017812 sec (of wall-clock time) 0.072004 sec (of CPU time)
WARNING: Some pairwise ML distances are too long (saturated)
Setting up auxiliary I and S matrices: done in 0.000293699 secs using 207.4% CPU
Computing RapidNJ tree took 0.012261 sec (of wall-clock time) 0.010521 sec (of CPU time)
Log-likelihood of RapidNJ tree: -1015174.640
--------------------------------------------------------------------
|             INITIALIZING CANDIDATE TREE SET                      |
--------------------------------------------------------------------
Generating 98 parsimony trees... 0.931 second
Computing log-likelihood of 98 initial trees ... 6.864 seconds
Current best score: -1015174.640

Do NNI search on 20 best initial trees
Estimate model parameters (epsilon = 0.100)
BETTER TREE FOUND at iteration 1: -1015157.669
Estimate model parameters (epsilon = 0.100)
BETTER TREE FOUND at iteration 4: -1015155.964
Iteration 10 / LogL: -1015202.347 / Time: 0h:1m:38s
Iteration 20 / LogL: -1015184.043 / Time: 0h:2m:51s
Finish initializing candidate tree set (20)
Current best tree score: -1015155.964 / CPU time: 154.227
Number of iterations: 20
--------------------------------------------------------------------
|               OPTIMIZING CANDIDATE TREE SET                      |
--------------------------------------------------------------------
Estimate model parameters (epsilon = 0.100)
BETTER TREE FOUND at iteration 26: -1015155.449
Iteration 30 / LogL: -1015179.665 / Time: 0h:3m:49s (0h:12m:1s left)
Estimate model parameters (epsilon = 0.100)
BETTER TREE FOUND at iteration 35: -1015155.352
Estimate model parameters (epsilon = 0.100)
BETTER TREE FOUND at iteration 39: -1015155.157
Iteration 40 / LogL: -1015969.090 / Time: 0h:4m:54s (0h:11m:59s left)
Estimate model parameters (epsilon = 0.100)
BETTER TREE FOUND at iteration 46: -1015152.389
Iteration 50 / LogL: -1015154.829 / Time: 0h:5m:52s (0h:11m:8s left)
Log-likelihood cutoff on original alignment: -1015175.660
Iteration 60 / LogL: -1015156.358 / Time: 0h:7m:0s (0h:9m:56s left)
Iteration 70 / LogL: -1021199.566 / Time: 0h:7m:50s (0h:8m:25s left)
Iteration 80 / LogL: -1020543.011 / Time: 0h:8m:47s (0h:7m:11s left)
Iteration 90 / LogL: -1015156.423 / Time: 0h:9m:50s (0h:6m:4s left)
Iteration 100 / LogL: -1024435.021 / Time: 0h:10m:54s (0h:4m:58s left)
Log-likelihood cutoff on original alignment: -1015176.569
NOTE: Bootstrap correlation coefficient of split occurrence frequencies: 0.959
NOTE: UFBoot does not converge, continue at least 100 more iterations
Iteration 110 / LogL: -1015467.820 / Time: 0h:11m:39s (0h:9m:28s left)
Iteration 120 / LogL: -1015569.609 / Time: 0h:12m:42s (0h:8m:25s left)
Iteration 130 / LogL: -1015154.957 / Time: 0h:13m:47s (0h:7m:22s left)
Iteration 140 / LogL: -1015169.187 / Time: 0h:14m:44s (0h:6m:16s left)
Iteration 150 / LogL: -1015418.122 / Time: 0h:15m:30s (0h:5m:8s left)
Log-likelihood cutoff on original alignment: -1015176.569
Iteration 160 / LogL: -1022102.281 / Time: 0h:16m:21s (0h:4m:4s left)
Iteration 170 / LogL: -1020789.567 / Time: 0h:17m:6s (0h:3m:0s left)
Iteration 180 / LogL: -1015158.571 / Time: 0h:17m:56s (0h:1m:58s left)
Iteration 190 / LogL: -1018780.462 / Time: 0h:18m:55s (0h:0m:59s left)
Iteration 200 / LogL: -1015173.489 / Time: 0h:19m:50s (0h:0m:0s left)
Log-likelihood cutoff on original alignment: -1015176.807
NOTE: Bootstrap correlation coefficient of split occurrence frequencies: 0.950
NOTE: UFBoot does not converge, continue at least 100 more iterations
Iteration 210 / LogL: -1015177.280 / Time: 0h:20m:49s (0h:8m:53s left)
Iteration 220 / LogL: -1018667.777 / Time: 0h:21m:42s (0h:7m:51s left)
Iteration 230 / LogL: -1015165.410 / Time: 0h:22m:35s (0h:6m:50s left)
Iteration 240 / LogL: -1015163.133 / Time: 0h:23m:25s (0h:5m:49s left)
Iteration 250 / LogL: -1015196.509 / Time: 0h:24m:16s (0h:4m:50s left)
Log-likelihood cutoff on original alignment: -1015176.807
Iteration 260 / LogL: -1015163.599 / Time: 0h:25m:12s (0h:3m:51s left)
Iteration 270 / LogL: -1018653.956 / Time: 0h:25m:59s (0h:2m:52s left)
Iteration 280 / LogL: -1018667.851 / Time: 0h:26m:54s (0h:1m:54s left)
Iteration 290 / LogL: -1020525.542 / Time: 0h:27m:53s (0h:0m:57s left)
Iteration 300 / LogL: -1015154.976 / Time: 0h:29m:9s (0h:0m:0s left)
Log-likelihood cutoff on original alignment: -1015176.807
NOTE: Bootstrap correlation coefficient of split occurrence frequencies: 0.956
NOTE: UFBoot does not converge, continue at least 100 more iterations
Iteration 310 / LogL: -1020227.496 / Time: 0h:29m:55s (0h:8m:39s left)
Iteration 320 / LogL: -1015184.309 / Time: 0h:30m:44s (0h:7m:39s left)
WARNING: NNI search needs unusual large number of steps (33) to converge!
Iteration 330 / LogL: -1015599.756 / Time: 0h:31m:38s (0h:6m:41s left)
Estimate model parameters (epsilon = 0.100)
BETTER TREE FOUND at iteration 336: -1015147.770
Iteration 340 / LogL: -1015171.947 / Time: 0h:32m:33s (0h:9m:9s left)
Iteration 350 / LogL: -1015165.689 / Time: 0h:33m:17s (0h:8m:9s left)
Log-likelihood cutoff on original alignment: -1015176.807
Iteration 360 / LogL: -1016282.548 / Time: 0h:34m:4s (0h:7m:10s left)
Iteration 370 / LogL: -1015582.623 / Time: 0h:34m:44s (0h:6m:10s left)
Iteration 380 / LogL: -1015151.272 / Time: 0h:35m:49s (0h:5m:15s left)
Iteration 390 / LogL: -1015152.405 / Time: 0h:36m:52s (0h:4m:20s left)
Iteration 400 / LogL: -1016646.822 / Time: 0h:37m:50s (0h:3m:23s left)
Log-likelihood cutoff on original alignment: -1015176.807
NOTE: Bootstrap correlation coefficient of split occurrence frequencies: 0.690
NOTE: UFBoot does not converge, continue at least 100 more iterations
Iteration 410 / LogL: -1015152.744 / Time: 0h:38m:49s (0h:8m:30s left)
Iteration 420 / LogL: -1015169.110 / Time: 0h:39m:40s (0h:7m:32s left)
Iteration 430 / LogL: -1015154.892 / Time: 0h:40m:33s (0h:6m:35s left)
Iteration 440 / LogL: -1017009.893 / Time: 0h:41m:30s (0h:5m:38s left)
Iteration 450 / LogL: -1017292.227 / Time: 0h:42m:13s (0h:4m:40s left)
Log-likelihood cutoff on original alignment: -1015176.807
Iteration 460 / LogL: -1015158.269 / Time: 0h:43m:13s (0h:3m:45s left)
Iteration 470 / LogL: -1015157.724 / Time: 0h:44m:7s (0h:2m:48s left)
Iteration 480 / LogL: -1015163.251 / Time: 0h:44m:58s (0h:1m:52s left)
Iteration 490 / LogL: -1020965.406 / Time: 0h:45m:50s (0h:0m:56s left)
Iteration 500 / LogL: -1016217.129 / Time: 0h:46m:36s (0h:0m:0s left)
Log-likelihood cutoff on original alignment: -1015176.807
NOTE: Bootstrap correlation coefficient of split occurrence frequencies: 0.688
NOTE: UFBoot does not converge, continue at least 100 more iterations
Iteration 510 / LogL: -1017264.561 / Time: 0h:47m:36s (0h:8m:23s left)
Iteration 520 / LogL: -1015152.341 / Time: 0h:48m:35s (0h:7m:27s left)
Iteration 530 / LogL: -1015156.221 / Time: 0h:49m:21s (0h:6m:30s left)
Iteration 540 / LogL: -1015167.786 / Time: 0h:50m:18s (0h:5m:34s left)
Iteration 550 / LogL: -1016870.726 / Time: 0h:51m:17s (0h:4m:39s left)
Log-likelihood cutoff on original alignment: -1015176.807
Iteration 560 / LogL: -1015156.292 / Time: 0h:52m:6s (0h:3m:42s left)
Iteration 570 / LogL: -1015157.981 / Time: 0h:52m:55s (0h:2m:46s left)
Iteration 580 / LogL: -1017016.311 / Time: 0h:53m:47s (0h:1m:51s left)
Iteration 590 / LogL: -1015149.983 / Time: 0h:54m:48s (0h:0m:55s left)
Iteration 600 / LogL: -1020549.868 / Time: 0h:55m:43s (0h:0m:0s left)
Log-likelihood cutoff on original alignment: -1015176.807
NOTE: Bootstrap correlation coefficient of split occurrence frequencies: 0.734
NOTE: UFBoot does not converge, continue at least 100 more iterations
Iteration 610 / LogL: -1015154.154 / Time: 0h:56m:51s (0h:8m:22s left)
Iteration 620 / LogL: -1015167.530 / Time: 0h:57m:43s (0h:7m:26s left)
Iteration 630 / LogL: -1015158.613 / Time: 0h:58m:41s (0h:6m:30s left)
Iteration 640 / LogL: -1015157.031 / Time: 0h:59m:38s (0h:5m:34s left)
Iteration 650 / LogL: -1015170.609 / Time: 1h:0m:38s (0h:4m:39s left)
Log-likelihood cutoff on original alignment: -1015176.807
Iteration 660 / LogL: -1015169.953 / Time: 1h:1m:29s (0h:3m:43s left)
Iteration 670 / LogL: -1016377.208 / Time: 1h:2m:28s (0h:2m:47s left)
Iteration 680 / LogL: -1017009.025 / Time: 1h:3m:21s (0h:1m:51s left)
Iteration 690 / LogL: -1015169.692 / Time: 1h:4m:20s (0h:0m:55s left)
WARNING: NNI search needs unusual large number of steps (33) to converge!
Iteration 700 / LogL: -1015209.102 / Time: 1h:5m:12s (0h:0m:0s left)
Log-likelihood cutoff on original alignment: -1015176.807
NOTE: Bootstrap correlation coefficient of split occurrence frequencies: 0.882
NOTE: UFBoot does not converge, continue at least 100 more iterations
Iteration 710 / LogL: -1016229.441 / Time: 1h:6m:12s (0h:8m:22s left)
Iteration 720 / LogL: -1015159.521 / Time: 1h:7m:4s (0h:7m:26s left)
Estimate model parameters (epsilon = 0.100)
BETTER TREE FOUND at iteration 721: -1015147.501
Iteration 730 / LogL: -1015173.894 / Time: 1h:8m:3s (0h:8m:28s left)
Iteration 740 / LogL: -1015158.222 / Time: 1h:9m:8s (0h:7m:33s left)
Iteration 750 / LogL: -1015159.116 / Time: 1h:10m:13s (0h:6m:38s left)
Log-likelihood cutoff on original alignment: -1015176.569
Iteration 760 / LogL: -1015164.533 / Time: 1h:11m:18s (0h:5m:42s left)
Iteration 770 / LogL: -1015152.388 / Time: 1h:12m:9s (0h:4m:46s left)
WARNING: NNI search needs unusual large number of steps (33) to converge!
Iteration 780 / LogL: -1015164.807 / Time: 1h:13m:0s (0h:3m:49s left)
Estimate model parameters (epsilon = 0.100)
BETTER TREE FOUND at iteration 785: -1015146.006
Iteration 790 / LogL: -1015164.140 / Time: 1h:14m:1s (0h:8m:53s left)
Iteration 800 / LogL: -1015573.840 / Time: 1h:14m:58s (0h:7m:57s left)
Log-likelihood cutoff on original alignment: -1015176.569
NOTE: Bootstrap correlation coefficient of split occurrence frequencies: 0.864
NOTE: UFBoot does not converge, continue at least 100 more iterations
Iteration 810 / LogL: -1018645.126 / Time: 1h:15m:58s (0h:8m:25s left)
Iteration 820 / LogL: -1015919.790 / Time: 1h:16m:51s (0h:7m:29s left)
Iteration 830 / LogL: -1019071.935 / Time: 1h:17m:53s (0h:6m:33s left)
Iteration 840 / LogL: -1015553.578 / Time: 1h:18m:41s (0h:5m:36s left)
Iteration 850 / LogL: -1015149.814 / Time: 1h:19m:30s (0h:4m:40s left)
Log-likelihood cutoff on original alignment: -1015176.569
WARNING: NNI search needs unusual large number of steps (33) to converge!
Iteration 860 / LogL: -1015157.725 / Time: 1h:20m:23s (0h:3m:44s left)
Iteration 870 / LogL: -1017030.220 / Time: 1h:21m:24s (0h:2m:48s left)
Iteration 880 / LogL: -1015403.299 / Time: 1h:22m:18s (0h:1m:52s left)
Iteration 890 / LogL: -1015156.411 / Time: 1h:23m:20s (0h:0m:56s left)
Iteration 900 / LogL: -1015164.633 / Time: 1h:24m:19s (0h:0m:0s left)
Log-likelihood cutoff on original alignment: -1015176.569
NOTE: Bootstrap correlation coefficient of split occurrence frequencies: 0.881
NOTE: UFBoot does not converge, continue at least 100 more iterations
Iteration 910 / LogL: -1015155.437 / Time: 1h:25m:8s (0h:8m:24s left)
Iteration 920 / LogL: -1015159.422 / Time: 1h:26m:6s (0h:7m:28s left)
Iteration 930 / LogL: -1015249.895 / Time: 1h:26m:56s (0h:6m:32s left)
Iteration 940 / LogL: -1015155.108 / Time: 1h:27m:52s (0h:5m:36s left)
WARNING: NNI search needs unusual large number of steps (33) to converge!
Iteration 950 / LogL: -1015157.988 / Time: 1h:28m:47s (0h:4m:40s left)
Log-likelihood cutoff on original alignment: -1015176.569
Iteration 960 / LogL: -1015555.645 / Time: 1h:29m:44s (0h:3m:44s left)
Estimate model parameters (epsilon = 0.100)
BETTER TREE FOUND at iteration 964: -1015145.864
Iteration 970 / LogL: -1015156.125 / Time: 1h:30m:42s (0h:8m:46s left)
Iteration 980 / LogL: -1015156.944 / Time: 1h:31m:27s (0h:7m:49s left)
Iteration 990 / LogL: -1015225.647 / Time: 1h:32m:31s (0h:6m:54s left)
Iteration 1000 / LogL: -1015158.683 / Time: 1h:33m:28s (0h:5m:58s left)
Log-likelihood cutoff on original alignment: -1015176.569
NOTE: Bootstrap correlation coefficient of split occurrence frequencies: 0.857
NOTE: UFBoot does not converge, continue at least 100 more iterations
WARNING: bootstrap analysis did not converge. You should rerun with higher number of iterations (-nm option)
TREE SEARCH COMPLETED AFTER 1001 ITERATIONS / Time: 1h:33m:33s

--------------------------------------------------------------------
|                    FINALIZING TREE SEARCH                        |
--------------------------------------------------------------------
Performs final model parameters optimization
Estimate model parameters (epsilon = 0.010)
1. Initial log-likelihood: -1015145.864
Optimal log-likelihood: -1015145.848
State frequencies:  0: 0.669  1: 0.331
Gamma shape alpha: 29.111
Parameters optimization took 1 rounds (0.172 sec)
BEST SCORE FOUND : -1015145.848
Creating bootstrap support values...
Split supports printed to NEXUS file /home/runner/work/_temp/external/run_sim_hgt_500/ml_maws_iqtree.splits.nex
Total tree length: 82.013

Total number of iterations: 1001
CPU time used for tree search: 22283.340 sec (6h:11m:23s)
Wall-clock time used for tree search: 5596.278 sec (1h:33m:16s)
Total CPU time used: 22351.611 sec (6h:12m:31s)
Total wall-clock time used: 5614.046 sec (1h:33m:34s)

Computing bootstrap consensus tree...
Reading input file /home/runner/work/_temp/external/run_sim_hgt_500/ml_maws_iqtree.splits.nex...
33 taxa and 837 splits.
Consensus tree written to /home/runner/work/_temp/external/run_sim_hgt_500/ml_maws_iqtree.contree
Reading input trees file /home/runner/work/_temp/external/run_sim_hgt_500/ml_maws_iqtree.contree
Log-likelihood of consensus tree: -1015528.428

Analysis results written to: 
  IQ-TREE report:                /home/runner/work/_temp/external/run_sim_hgt_500/ml_maws_iqtree.iqtree
  Maximum-likelihood tree:       /home/runner/work/_temp/external/run_sim_hgt_500/ml_maws_iqtree.treefile
  Likelihood distances:          /home/runner/work/_temp/external/run_sim_hgt_500/ml_maws_iqtree.mldist

Ultrafast bootstrap approximation results written to:
  Split support values:          /home/runner/work/_temp/external/run_sim_hgt_500/ml_maws_iqtree.splits.nex
  Consensus tree:                /home/runner/work/_temp/external/run_sim_hgt_500/ml_maws_iqtree.contree
  Screen log file:               /home/runner/work/_temp/external/run_sim_hgt_500/ml_maws_iqtree.log

Date and Time: Mon Oct  5 20:26:30 2026
