2026-10-09T07:08:56Z Started analysis of D:\q-maws\data\raw\ecoli\assembled-ecoli.
2026-10-09T07:08:58Z Ingest: 29 taxa, average length 4894999; MAW lengths 5 to 14.
2026-10-09T07:08:59Z MAW extraction: 29 taxa to do, 1 at a time, strand filter on.
2026-10-09T07:09:09Z   536: 1522012 MAWs
2026-10-09T07:09:19Z   APEC01: 1586558 MAWs
2026-10-09T07:09:30Z   ATCC8739: 1443661 MAWs
2026-10-09T07:09:41Z   B18BS512: 1308398 MAWs
2026-10-09T07:09:54Z   B4Sb227: 1291285 MAWs
2026-10-09T07:10:06Z   BW2952: 1390514 MAWs
2026-10-09T07:10:20Z   CB9615: 1673273 MAWs
2026-10-09T07:10:37Z   CFT073: 1625061 MAWs
2026-10-09T07:10:51Z   D1Sd197: 1210822 MAWs
2026-10-09T07:11:06Z   DH10B: 1392167 MAWs
2026-10-09T07:11:19Z   E234869: 1519918 MAWs
2026-10-09T07:11:34Z   E24377A: 1526158 MAWs
2026-10-09T07:11:52Z   ED1a: 1619557 MAWs
2026-10-09T07:12:13Z   EDL933: 1708440 MAWs
2026-10-09T07:12:28Z   F2a2457T: 1353005 MAWs
2026-10-09T07:12:43Z   F2a301: 1370351 MAWs
2026-10-09T07:13:00Z   F5b8401: 1360074 MAWs
2026-10-09T07:13:21Z   HS: 1407716 MAWs
2026-10-09T07:13:39Z   IAI1: 1453489 MAWs
2026-10-09T07:14:00Z   IAI39: 1559488 MAWs
2026-10-09T07:14:14Z   MG1655: 1414971 MAWs
2026-10-09T07:14:28Z   S88: 1541629 MAWs
2026-10-09T07:14:45Z   SE11: 1505647 MAWs
2026-10-09T07:15:01Z   SMS35: 1558465 MAWs
2026-10-09T07:15:15Z   SSSs046: 1387587 MAWs
2026-10-09T07:15:30Z   Sakai: 1719556 MAWs
2026-10-09T07:15:47Z   UMN026: 1598510 MAWs
2026-10-09T07:16:11Z   UTI89: 1560505 MAWs
2026-10-09T07:16:25Z   W3110: 1421754 MAWs
2026-10-09T07:16:32Z Selected MAW lengths: [11, 12, 13]
2026-10-09T07:16:41Z Full matrix: 29 taxa x 7374035 columns, estimated 123 MB (memory limit 697 MB).
2026-10-09T07:16:52Z M_full 29 x 7374035; M_ml 29 x 50000.
2026-10-09T07:17:03Z Quartet counting: 23751 quartets, 4 chunks of up to 7531 (calibration 2510 quartets per second; popcount X86Popcnt).
2026-10-09T07:18:34Z Quartet weighting: 23751 quartets, 3393 chunks of up to 7 (calibration 2 quartets per second; model pi1 = 0.500000, 100 resamples).
2026-10-09T07:20:20Z Provisional tree 1: 1% of quartets, in 3.82 s.
2026-10-09T07:23:26Z Provisional tree 2: 2% of quartets, in 1.37 s.
2026-10-09T07:26:29Z Provisional tree 3: 5% of quartets, in 1.46 s.
2026-10-09T07:29:32Z Provisional tree 4: 6% of quartets, in 3.07 s.
2026-10-09T07:32:35Z Provisional tree 5: 7% of quartets, in 2.27 s.
2026-10-09T07:35:38Z Provisional tree 6: 8% of quartets, in 2.52 s.
2026-10-09T07:38:55Z Provisional tree 7: 9% of quartets, in 13.43 s.
2026-10-09T07:42:01Z Provisional tree 8: 10% of quartets, in 3.37 s.
2026-10-09T07:45:18Z Provisional tree 9: 11% of quartets, in 16.46 s.
2026-10-09T07:48:28Z Provisional tree 10: 11% of quartets, in 5.26 s.
2026-10-09T07:51:31Z Provisional tree 11: 12% of quartets, in 2.39 s.
2026-10-09T07:54:37Z Provisional tree 12: 13% of quartets, in 2.43 s.
2026-10-09T07:57:42Z Provisional tree 13: 16% of quartets, in 3.95 s.
2026-10-09T08:01:04Z Provisional tree 14: 17% of quartets, in 19.64 s.
2026-10-09T08:04:24Z Provisional tree 15: 20% of quartets, in 17.70 s.
2026-10-09T08:08:03Z Provisional tree 16: 21% of quartets, in 33.43 s.
2026-10-09T08:08:03Z Provisional tree took 33.4 s of a 219.2 s interval (over 10%); updating every 10% or 360 s from now on.
2026-10-09T08:14:07Z Provisional tree 17: 24% of quartets, in 2.39 s.
2026-10-09T08:20:11Z Provisional tree 18: 29% of quartets, in 1.95 s.
2026-10-09T08:26:14Z Provisional tree 19: 34% of quartets, in 1.68 s.
2026-10-09T08:32:16Z Provisional tree 20: 38% of quartets, in 1.91 s.
2026-10-09T08:38:18Z Provisional tree 21: 43% of quartets, in 1.46 s.
2026-10-09T08:45:01Z Provisional tree 22: 49% of quartets, in 42.69 s.
2026-10-09T08:45:01Z Provisional tree took 42.7 s of a 403.3 s interval (over 10%); updating every 20% or 720 s from now on.
2026-10-09T08:57:16Z Provisional tree 23: 59% of quartets, in 10.18 s.
2026-10-09T09:09:21Z Provisional tree 24: 69% of quartets, in 3.17 s.
2026-10-09T09:21:23Z Provisional tree 25: 79% of quartets, in 2.04 s.
2026-10-09T09:33:27Z Provisional tree 26: 89% of quartets, in 3.73 s.
2026-10-09T09:45:34Z Provisional tree 27: 96% of quartets, in 3.08 s.
2026-10-09T09:49:35Z Amalgamation (wQFM-rs, w2c weights): 40013 weighted quartets, consistency score 16211.2183 of 23751.0000, in 1.1 s.
2026-10-09T09:49:36Z Support: 26 internal edges, S1 from 0.602221 to 0.987436; 0 taxa with a halo value below 0.6; in 0.8 s.
2026-10-09T09:49:53Z Run finished. Root fingerprint: 2f12b22ae7bb08e19a4883b73481eef33c5c3370e22fe304f4b28477bd4fd05e
