2026-10-08T21:02:41Z Started analysis of D:\q-maws\data\raw\sim_hgt\simulated-sim_hgt\hgt_1000.
2026-10-08T21:02:43Z Ingest: 33 taxa, average length 2213191; MAW lengths 5 to 14.
2026-10-08T21:02:43Z MAW extraction: 33 taxa to do, 3 at a time, strand filter on.
2026-10-08T21:03:02Z   Species1: 588001 MAWs
2026-10-08T21:03:02Z   Species10: 760622 MAWs
2026-10-08T21:03:02Z   Species11: 627652 MAWs
2026-10-08T21:03:21Z   Species12: 555905 MAWs
2026-10-08T21:03:21Z   Species13: 555299 MAWs
2026-10-08T21:03:21Z   Species14: 636293 MAWs
2026-10-08T21:03:46Z   Species15: 557629 MAWs
2026-10-08T21:03:46Z   Species16: 720100 MAWs
2026-10-08T21:03:46Z   Species17: 766511 MAWs
2026-10-08T21:04:10Z   Species18: 631556 MAWs
2026-10-08T21:04:10Z   Species19: 765152 MAWs
2026-10-08T21:04:10Z   Species2: 660884 MAWs
2026-10-08T21:04:31Z   Species20: 784769 MAWs
2026-10-08T21:04:31Z   Species21: 633945 MAWs
2026-10-08T21:04:31Z   Species22: 640758 MAWs
2026-10-08T21:04:59Z   Species23: 751801 MAWs
2026-10-08T21:04:59Z   Species24: 679584 MAWs
2026-10-08T21:04:59Z   Species25: 814197 MAWs
2026-10-08T21:05:13Z   Species26: 614784 MAWs
2026-10-08T21:05:13Z   Species27: 562738 MAWs
2026-10-08T21:05:13Z   Species28: 628159 MAWs
2026-10-08T21:05:33Z   Species29: 821485 MAWs
2026-10-08T21:05:33Z   Species3: 787010 MAWs
2026-10-08T21:05:33Z   Species30: 818654 MAWs
2026-10-08T21:05:56Z   Species31: 639073 MAWs
2026-10-08T21:05:56Z   Species32: 625498 MAWs
2026-10-08T21:05:56Z   Species33: 790780 MAWs
2026-10-08T21:06:11Z   Species4: 698744 MAWs
2026-10-08T21:06:11Z   Species5: 584501 MAWs
2026-10-08T21:06:11Z   Species6: 805472 MAWs
2026-10-08T21:06:26Z   Species7: 783836 MAWs
2026-10-08T21:06:26Z   Species8: 756030 MAWs
2026-10-08T21:06:26Z   Species9: 729426 MAWs
2026-10-08T21:06:33Z Selected MAW lengths: [10, 11, 12]
2026-10-08T21:06:39Z Full matrix: 33 taxa x 8619625 columns, estimated 148 MB (memory limit 574 MB).
2026-10-08T21:06:55Z M_full 33 x 8619625; M_ml 33 x 50000.
2026-10-08T21:07:23Z Quartet counting: 40920 quartets, 8 chunks of up to 5421 (calibration 1807 quartets per second; popcount X86Popcnt).
2026-10-08T21:08:03Z Quartet weighting: 40920 quartets, 758 chunks of up to 54 (calibration 18 quartets per second; model pi1 = 0.500000, 100 resamples).
2026-10-08T21:10:59Z Provisional tree 1: 4% of quartets, in 3.76 s.
2026-10-08T21:13:24Z Provisional tree 2: 10% of quartets, in 2.05 s.
2026-10-08T21:15:17Z Provisional tree 3: 15% of quartets, in 1.91 s.
2026-10-08T21:17:14Z Provisional tree 4: 20% of quartets, in 5.08 s.
2026-10-08T21:19:04Z Provisional tree 5: 25% of quartets, in 2.08 s.
2026-10-08T21:20:56Z Provisional tree 6: 30% of quartets, in 8.55 s.
2026-10-08T21:22:54Z Provisional tree 7: 35% of quartets, in 2.37 s.
2026-10-08T21:24:42Z Provisional tree 8: 40% of quartets, in 2.33 s.
2026-10-08T21:26:34Z Provisional tree 9: 45% of quartets, in 2.44 s.
2026-10-08T21:28:20Z Provisional tree 10: 50% of quartets, in 2.64 s.
2026-10-08T21:30:02Z Provisional tree 11: 55% of quartets, in 2.64 s.
2026-10-08T21:31:42Z Provisional tree 12: 60% of quartets, in 2.69 s.
2026-10-08T21:33:33Z Provisional tree 13: 65% of quartets, in 2.61 s.
2026-10-08T21:35:23Z Provisional tree 14: 70% of quartets, in 2.98 s.
2026-10-08T21:37:09Z Provisional tree 15: 75% of quartets, in 2.87 s.
2026-10-08T21:38:45Z Provisional tree 16: 80% of quartets, in 2.42 s.
2026-10-08T21:40:32Z Provisional tree 17: 85% of quartets, in 3.17 s.
2026-10-08T21:42:28Z Provisional tree 18: 90% of quartets, in 3.22 s.
2026-10-08T21:44:20Z Provisional tree 19: 95% of quartets, in 2.84 s.
2026-10-08T21:46:23Z Provisional tree 20: 100% of quartets, in 2.83 s.
2026-10-08T21:46:28Z Amalgamation (wQFM-rs, w2c weights): 114695 weighted quartets, consistency score 15991.6067 of 40920.0000, in 1.4 s.
2026-10-08T21:46:28Z Support: 30 internal edges, S1 from 0.340502 to 0.999978; 33 taxa with a halo value below 0.6; in 0.3 s.
2026-10-08T21:46:38Z Run finished. Root fingerprint: c623efd3a10a64618031b239baca087e9aa2f5a652f710f6a1fe2992e6a2d800
