2026-10-08T21:52:20Z Started analysis of D:\q-maws\data\raw\ecoli\assembled-ecoli.
2026-10-08T21:52:21Z Ingest: 29 taxa, average length 4894999; MAW lengths 5 to 14.
2026-10-08T21:52:22Z MAW extraction: 29 taxa to do, 2 at a time, strand filter on.
2026-10-08T21:52:36Z   536: 1522012 MAWs
2026-10-08T21:52:36Z   APEC01: 1586558 MAWs
2026-10-08T21:52:50Z   ATCC8739: 1443661 MAWs
2026-10-08T21:52:50Z   B18BS512: 1308398 MAWs
2026-10-08T21:53:03Z   B4Sb227: 1291285 MAWs
2026-10-08T21:53:03Z   BW2952: 1390514 MAWs
2026-10-08T21:53:18Z   CB9615: 1673273 MAWs
2026-10-08T21:53:18Z   CFT073: 1625061 MAWs
2026-10-08T21:53:31Z   D1Sd197: 1210822 MAWs
2026-10-08T21:53:31Z   DH10B: 1392167 MAWs
2026-10-08T21:53:45Z   E234869: 1519918 MAWs
2026-10-08T21:53:45Z   E24377A: 1526158 MAWs
2026-10-08T21:54:01Z   ED1a: 1619557 MAWs
2026-10-08T21:54:01Z   EDL933: 1708440 MAWs
2026-10-08T21:54:13Z   F2a2457T: 1353005 MAWs
2026-10-08T21:54:13Z   F2a301: 1370351 MAWs
2026-10-08T21:54:27Z   F5b8401: 1360074 MAWs
2026-10-08T21:54:27Z   HS: 1407716 MAWs
2026-10-08T21:54:41Z   IAI1: 1453489 MAWs
2026-10-08T21:54:41Z   IAI39: 1559488 MAWs
2026-10-08T21:54:55Z   MG1655: 1414971 MAWs
2026-10-08T21:54:55Z   S88: 1541629 MAWs
2026-10-08T21:55:10Z   SE11: 1505647 MAWs
2026-10-08T21:55:10Z   SMS35: 1558465 MAWs
2026-10-08T21:55:24Z   SSSs046: 1387587 MAWs
2026-10-08T21:55:24Z   Sakai: 1719556 MAWs
2026-10-08T21:55:38Z   UMN026: 1598510 MAWs
2026-10-08T21:55:38Z   UTI89: 1560505 MAWs
2026-10-08T21:55:51Z   W3110: 1421754 MAWs
2026-10-08T21:55:56Z Selected MAW lengths: [11, 12, 13]
2026-10-08T21:56:02Z Full matrix: 29 taxa x 7374035 columns, estimated 123 MB (memory limit 917 MB).
2026-10-08T21:56:13Z M_full 29 x 7374035; M_ml 29 x 50000.
2026-10-08T21:56:19Z Quartet counting: 23751 quartets, 2 chunks of up to 14495 (calibration 4832 quartets per second; popcount X86Popcnt).
2026-10-08T21:57:12Z Quartet weighting: 23751 quartets, 1980 chunks of up to 12 (calibration 4 quartets per second; model pi1 = 0.500000, 100 resamples).
2026-10-08T21:59:28Z Provisional tree 1: 2% of quartets, in 1.23 s.
2026-10-08T22:02:31Z Provisional tree 2: 4% of quartets, in 1.23 s.
2026-10-09T05:06:28Z Resuming run.
2026-10-09T05:09:35Z Provisional tree 3: 8% of quartets, in 3.71 s.
2026-10-09T05:12:38Z Provisional tree 4: 11% of quartets, in 1.31 s.
2026-10-09T05:15:42Z Provisional tree 5: 14% of quartets, in 1.52 s.
2026-10-09T05:18:51Z Provisional tree 6: 16% of quartets, in 9.07 s.
2026-10-09T05:21:55Z Provisional tree 7: 19% of quartets, in 1.29 s.
2026-10-09T05:25:00Z Provisional tree 8: 22% of quartets, in 1.30 s.
2026-10-09T05:28:04Z Provisional tree 9: 25% of quartets, in 1.47 s.
2026-10-09T05:31:09Z Provisional tree 10: 27% of quartets, in 1.37 s.
2026-10-09T05:34:12Z Provisional tree 11: 30% of quartets, in 1.50 s.
2026-10-09T05:37:14Z Provisional tree 12: 33% of quartets, in 1.45 s.
2026-10-09T05:40:16Z Provisional tree 13: 35% of quartets, in 1.40 s.
2026-10-09T05:43:18Z Provisional tree 14: 38% of quartets, in 1.37 s.
2026-10-09T05:46:21Z Provisional tree 15: 41% of quartets, in 1.38 s.
2026-10-09T05:49:24Z Provisional tree 16: 44% of quartets, in 1.67 s.
2026-10-09T05:52:28Z Provisional tree 17: 47% of quartets, in 1.72 s.
2026-10-09T05:55:33Z Provisional tree 18: 49% of quartets, in 1.57 s.
2026-10-09T05:58:39Z Provisional tree 19: 52% of quartets, in 1.78 s.
2026-10-09T06:01:40Z Provisional tree 20: 55% of quartets, in 1.49 s.
2026-10-09T06:04:44Z Provisional tree 21: 57% of quartets, in 1.54 s.
2026-10-09T06:07:46Z Provisional tree 22: 60% of quartets, in 1.56 s.
2026-10-09T06:10:50Z Provisional tree 23: 63% of quartets, in 1.50 s.
2026-10-09T06:13:52Z Provisional tree 24: 66% of quartets, in 1.59 s.
2026-10-09T06:16:56Z Provisional tree 25: 68% of quartets, in 1.51 s.
2026-10-09T06:19:58Z Provisional tree 26: 71% of quartets, in 1.29 s.
2026-10-09T06:23:01Z Provisional tree 27: 74% of quartets, in 1.78 s.
2026-10-09T06:26:04Z Provisional tree 28: 76% of quartets, in 1.55 s.
2026-10-09T06:29:10Z Provisional tree 29: 79% of quartets, in 1.59 s.
2026-10-09T06:32:15Z Provisional tree 30: 82% of quartets, in 1.49 s.
2026-10-09T06:35:17Z Provisional tree 31: 85% of quartets, in 1.37 s.
2026-10-09T06:38:20Z Provisional tree 32: 87% of quartets, in 1.66 s.
2026-10-09T06:41:25Z Provisional tree 33: 90% of quartets, in 1.60 s.
2026-10-09T06:44:29Z Provisional tree 34: 93% of quartets, in 2.70 s.
2026-10-09T06:47:35Z Provisional tree 35: 95% of quartets, in 3.90 s.
2026-10-09T06:50:40Z Provisional tree 36: 96% of quartets, in 1.65 s.
2026-10-09T06:53:50Z Provisional tree 37: 98% of quartets, in 3.50 s.
2026-10-09T06:56:55Z Provisional tree 38: 99% of quartets, in 1.36 s.
2026-10-09T06:58:42Z Amalgamation (wQFM-rs, w2c weights): 40038 weighted quartets, consistency score 16161.6950 of 23751.0000, in 2.1 s.
2026-10-09T06:58:43Z Support: 26 internal edges, S1 from 0.499193 to 0.987094; 1 taxa with a halo value below 0.6; in 1.0 s.
2026-10-09T06:59:04Z Run finished. Root fingerprint: 529d721d9d9ab867f00c472be0b6da530bb289b91062e2778e488ed56b224085
