2026-10-08T15:09:40Z Started analysis of D:\q-maws\data\raw\sim_hgt\simulated-sim_hgt\hgt_250.
2026-10-08T15:09:41Z Ingest: 33 taxa, average length 2124447; MAW lengths 5 to 14.
2026-10-08T15:09:41Z MAW extraction: 33 taxa to do, 3 at a time, strand filter on.
2026-10-08T15:09:56Z   Species1: 551724 MAWs
2026-10-08T15:09:56Z   Species10: 707253 MAWs
2026-10-08T15:09:56Z   Species11: 613835 MAWs
2026-10-08T15:10:15Z   Species12: 524467 MAWs
2026-10-08T15:10:15Z   Species13: 544273 MAWs
2026-10-08T15:10:15Z   Species14: 602916 MAWs
2026-10-08T15:10:38Z   Species15: 551655 MAWs
2026-10-08T15:10:38Z   Species16: 702399 MAWs
2026-10-08T15:10:38Z   Species17: 689201 MAWs
2026-10-08T15:10:59Z   Species18: 586948 MAWs
2026-10-08T15:10:59Z   Species19: 691952 MAWs
2026-10-08T15:10:59Z   Species2: 617482 MAWs
2026-10-08T15:11:22Z   Species20: 742598 MAWs
2026-10-08T15:11:22Z   Species21: 604488 MAWs
2026-10-08T15:11:22Z   Species22: 586915 MAWs
2026-10-08T15:11:47Z   Species23: 687105 MAWs
2026-10-08T15:11:47Z   Species24: 640966 MAWs
2026-10-08T15:11:47Z   Species25: 801602 MAWs
2026-10-08T15:12:05Z   Species26: 591431 MAWs
2026-10-08T15:12:05Z   Species27: 548933 MAWs
2026-10-08T15:12:05Z   Species28: 606308 MAWs
2026-10-08T15:12:29Z   Species29: 778166 MAWs
2026-10-08T15:12:29Z   Species3: 741533 MAWs
2026-10-08T15:12:29Z   Species30: 786623 MAWs
2026-10-08T15:12:52Z   Species31: 627280 MAWs
2026-10-08T15:12:52Z   Species32: 578929 MAWs
2026-10-08T15:12:52Z   Species33: 736482 MAWs
2026-10-08T15:13:17Z   Species4: 663505 MAWs
2026-10-08T15:13:17Z   Species5: 562050 MAWs
2026-10-08T15:13:17Z   Species6: 777926 MAWs
2026-10-08T15:13:41Z   Species7: 743783 MAWs
2026-10-08T15:13:41Z   Species8: 718657 MAWs
2026-10-08T15:13:41Z   Species9: 701488 MAWs
2026-10-08T15:13:53Z Selected MAW lengths: [10, 11, 12]
2026-10-08T15:14:04Z Full matrix: 33 taxa x 8367928 columns, estimated 144 MB (memory limit 560 MB).
2026-10-08T15:14:33Z M_full 33 x 8367928; M_ml 33 x 50000.
2026-10-08T15:14:49Z Quartet counting: 40920 quartets, 4 chunks of up to 11112 (calibration 3704 quartets per second; popcount X86Popcnt).
2026-10-08T15:15:33Z Quartet weighting: 40920 quartets, 1412 chunks of up to 29 (calibration 10 quartets per second; model pi1 = 0.500000, 100 resamples).
2026-10-08T15:18:18Z Provisional tree 1: 3% of quartets, in 5.27 s.
2026-10-08T15:21:24Z Provisional tree 2: 5% of quartets, in 4.68 s.
2026-10-08T15:24:37Z Provisional tree 3: 7% of quartets, in 5.54 s.
2026-10-08T15:27:49Z Provisional tree 4: 10% of quartets, in 6.20 s.
2026-10-08T15:30:56Z Provisional tree 5: 12% of quartets, in 6.30 s.
2026-10-08T15:34:03Z Provisional tree 6: 15% of quartets, in 6.03 s.
2026-10-08T15:37:12Z Provisional tree 7: 17% of quartets, in 5.33 s.
2026-10-08T15:40:20Z Provisional tree 8: 19% of quartets, in 6.11 s.
2026-10-08T15:43:28Z Provisional tree 9: 22% of quartets, in 6.90 s.
2026-10-08T15:46:36Z Provisional tree 10: 24% of quartets, in 6.73 s.
2026-10-08T15:49:46Z Provisional tree 11: 27% of quartets, in 6.18 s.
2026-10-08T15:52:56Z Provisional tree 12: 30% of quartets, in 6.65 s.
2026-10-08T15:56:03Z Provisional tree 13: 32% of quartets, in 6.35 s.
2026-10-08T15:59:12Z Provisional tree 14: 35% of quartets, in 6.49 s.
2026-10-08T16:02:20Z Provisional tree 15: 37% of quartets, in 7.12 s.
2026-10-08T16:05:30Z Provisional tree 16: 40% of quartets, in 7.44 s.
2026-10-08T16:08:42Z Provisional tree 17: 43% of quartets, in 8.00 s.
2026-10-08T16:11:52Z Provisional tree 18: 45% of quartets, in 7.66 s.
2026-10-08T16:15:04Z Provisional tree 19: 48% of quartets, in 7.26 s.
2026-10-08T16:18:14Z Provisional tree 20: 51% of quartets, in 7.36 s.
2026-10-08T16:21:22Z Provisional tree 21: 54% of quartets, in 7.57 s.
2026-10-08T16:24:32Z Provisional tree 22: 56% of quartets, in 7.49 s.
2026-10-08T16:27:46Z Provisional tree 23: 59% of quartets, in 8.32 s.
2026-10-08T16:30:54Z Provisional tree 24: 62% of quartets, in 8.26 s.
2026-10-08T16:34:05Z Provisional tree 25: 64% of quartets, in 7.60 s.
2026-10-08T16:37:14Z Provisional tree 26: 67% of quartets, in 9.19 s.
2026-10-08T16:40:23Z Provisional tree 27: 69% of quartets, in 8.50 s.
2026-10-08T16:43:34Z Provisional tree 28: 72% of quartets, in 9.14 s.
2026-10-08T16:46:45Z Provisional tree 29: 74% of quartets, in 8.86 s.
2026-10-08T16:50:01Z Provisional tree 30: 77% of quartets, in 9.51 s.
2026-10-08T16:53:13Z Provisional tree 31: 80% of quartets, in 8.99 s.
2026-10-08T16:56:24Z Provisional tree 32: 82% of quartets, in 9.01 s.
2026-10-08T16:59:36Z Provisional tree 33: 85% of quartets, in 11.22 s.
2026-10-08T17:02:48Z Provisional tree 34: 87% of quartets, in 9.19 s.
2026-10-08T17:06:01Z Provisional tree 35: 89% of quartets, in 9.61 s.
2026-10-08T17:09:12Z Provisional tree 36: 92% of quartets, in 9.61 s.
2026-10-08T17:12:22Z Provisional tree 37: 95% of quartets, in 9.48 s.
2026-10-08T17:15:32Z Provisional tree 38: 97% of quartets, in 8.90 s.
2026-10-08T17:18:46Z Provisional tree 39: 99% of quartets, in 8.92 s.
2026-10-08T17:19:20Z Amalgamation (wQFM-rs, w2c weights): 113442 weighted quartets, consistency score 16505.2433 of 40920.0000, in 5.2 s.
2026-10-08T17:19:21Z Support: 30 internal edges, S1 from 0.338151 to 1.000000; 33 taxa with a halo value below 0.6; in 1.2 s.
2026-10-08T17:19:48Z Run finished. Root fingerprint: 88bd49ed5100e30814ac10e4aab997081e36b58d7e8ef1db2c39cfcbd3158424
