2026-10-06T16:06:18Z Started analysis of D:\q-maws\data\raw\ecoli_shigella_hgt\unsimulated-ecoli_shigella.
2026-10-06T16:06:19Z Ingest: 27 taxa, average length 4905896; MAW lengths 5 to 14.
2026-10-06T16:06:20Z MAW extraction: 27 taxa to do, 3 at a time, strand filter on.
2026-10-06T16:06:39Z   NC_000913: 1414971 MAWs
2026-10-06T16:06:39Z   NC_002655: 1708440 MAWs
2026-10-06T16:06:39Z   NC_002695: 1719556 MAWs
2026-10-06T16:07:06Z   NC_004337: 1370351 MAWs
2026-10-06T16:07:06Z   NC_004431: 1625061 MAWs
2026-10-06T16:07:06Z   NC_004741: 1353005 MAWs
2026-10-06T16:07:33Z   NC_007384: 1387587 MAWs
2026-10-06T16:07:33Z   NC_007606: 1210822 MAWs
2026-10-06T16:07:33Z   NC_007613: 1291285 MAWs
2026-10-06T16:08:09Z   NC_007779: 1421754 MAWs
2026-10-06T16:08:09Z   NC_007946: 1560505 MAWs
2026-10-06T16:08:09Z   NC_008253: 1522012 MAWs
2026-10-06T16:08:41Z   NC_008258: 1360074 MAWs
2026-10-06T16:08:41Z   NC_008563: 1586558 MAWs
2026-10-06T16:08:41Z   NC_009800: 1407716 MAWs
2026-10-06T16:09:12Z   NC_009801: 1526158 MAWs
2026-10-06T16:09:12Z   NC_010468: 1443661 MAWs
2026-10-06T16:09:12Z   NC_010498: 1558465 MAWs
2026-10-06T16:09:45Z   NC_010658: 1308398 MAWs
2026-10-06T16:09:45Z   NC_011415: 1505647 MAWs
2026-10-06T16:09:45Z   NC_011601: 1519918 MAWs
2026-10-06T16:10:16Z   NC_011741: 1453489 MAWs
2026-10-06T16:10:16Z   NC_011742: 1541629 MAWs
2026-10-06T16:10:16Z   NC_011745: 1619557 MAWs
2026-10-06T16:10:53Z   NC_011748: 1586124 MAWs
2026-10-06T16:10:53Z   NC_011750: 1559488 MAWs
2026-10-06T16:10:53Z   NC_011751: 1598510 MAWs
2026-10-06T16:11:01Z Selected MAW lengths: [11, 12, 13]
2026-10-06T16:11:09Z Full matrix: 27 taxa x 7362929 columns, estimated 121 MB (memory limit 758 MB).
2026-10-06T16:11:25Z M_full 27 x 7362929; M_ml 27 x 50000.
2026-10-06T16:11:35Z Quartet counting: 17550 quartets, 3 chunks of up to 7528 (calibration 2509 quartets per second; popcount X86Popcnt).
2026-10-06T16:13:05Z Quartet weighting: 17550 quartets, 2508 chunks of up to 7 (calibration 2 quartets per second; model pi1 = 0.500000, 100 resamples).
2026-10-06T16:14:51Z Provisional tree 1: 1% of quartets, in 1.29 s.
2026-10-06T16:17:53Z Provisional tree 2: 3% of quartets, in 1.24 s.
2026-10-06T16:20:56Z Provisional tree 3: 5% of quartets, in 1.25 s.
2026-10-06T16:24:31Z Provisional tree 4: 5% of quartets, in 4.91 s.
2026-10-06T16:27:36Z Provisional tree 5: 6% of quartets, in 4.80 s.
2026-10-06T16:30:49Z Provisional tree 6: 7% of quartets, in 4.18 s.
2026-10-06T16:33:56Z Provisional tree 7: 7% of quartets, in 4.46 s.
2026-10-06T16:37:08Z Provisional tree 8: 8% of quartets, in 2.25 s.
2026-10-06T16:40:12Z Provisional tree 9: 9% of quartets, in 2.24 s.
2026-10-06T16:43:15Z Provisional tree 10: 9% of quartets, in 2.26 s.
2026-10-06T16:46:29Z Provisional tree 11: 10% of quartets, in 10.92 s.
2026-10-06T16:49:35Z Provisional tree 12: 11% of quartets, in 2.29 s.
2026-10-06T16:52:38Z Provisional tree 13: 12% of quartets, in 1.56 s.
2026-10-06T16:55:52Z Provisional tree 14: 13% of quartets, in 2.30 s.
2026-10-06T16:59:01Z Provisional tree 15: 14% of quartets, in 2.49 s.
2026-10-06T17:02:05Z Provisional tree 16: 15% of quartets, in 2.13 s.
2026-10-06T17:05:10Z Provisional tree 17: 16% of quartets, in 2.58 s.
2026-10-06T17:08:13Z Provisional tree 18: 17% of quartets, in 2.16 s.
2026-10-06T17:11:15Z Provisional tree 19: 18% of quartets, in 2.25 s.
2026-10-06T17:14:18Z Provisional tree 20: 18% of quartets, in 2.40 s.
2026-10-06T17:17:22Z Provisional tree 21: 19% of quartets, in 1.67 s.
2026-10-06T17:20:26Z Provisional tree 22: 20% of quartets, in 2.50 s.
2026-10-06T17:23:33Z Provisional tree 23: 21% of quartets, in 2.56 s.
2026-10-06T17:26:42Z Provisional tree 24: 22% of quartets, in 2.52 s.
2026-10-06T17:29:50Z Provisional tree 25: 23% of quartets, in 2.28 s.
2026-10-06T17:32:57Z Provisional tree 26: 23% of quartets, in 2.42 s.
2026-10-06T17:36:05Z Provisional tree 27: 24% of quartets, in 2.50 s.
2026-10-06T17:39:17Z Provisional tree 28: 25% of quartets, in 2.39 s.
2026-10-06T17:42:26Z Provisional tree 29: 26% of quartets, in 2.18 s.
2026-10-06T17:45:33Z Provisional tree 30: 27% of quartets, in 2.39 s.
2026-10-06T17:48:45Z Provisional tree 31: 28% of quartets, in 2.30 s.
2026-10-06T17:51:59Z Provisional tree 32: 29% of quartets, in 2.71 s.
2026-10-06T17:55:06Z Provisional tree 33: 30% of quartets, in 2.37 s.
2026-10-06T17:58:11Z Provisional tree 34: 30% of quartets, in 2.40 s.
2026-10-06T18:01:16Z Provisional tree 35: 31% of quartets, in 2.54 s.
2026-10-06T18:04:26Z Provisional tree 36: 32% of quartets, in 2.54 s.
2026-10-06T18:07:40Z Provisional tree 37: 33% of quartets, in 2.48 s.
2026-10-06T18:10:49Z Provisional tree 38: 34% of quartets, in 1.59 s.
2026-10-06T18:13:56Z Provisional tree 39: 35% of quartets, in 2.50 s.
2026-10-06T18:17:01Z Provisional tree 40: 36% of quartets, in 2.66 s.
2026-10-06T18:20:13Z Provisional tree 41: 37% of quartets, in 2.67 s.
2026-10-06T18:23:24Z Provisional tree 42: 38% of quartets, in 2.55 s.
2026-10-06T18:26:28Z Provisional tree 43: 39% of quartets, in 3.44 s.
2026-10-06T18:29:31Z Provisional tree 44: 39% of quartets, in 2.56 s.
2026-10-06T18:32:37Z Provisional tree 45: 40% of quartets, in 3.12 s.
2026-10-06T18:35:40Z Provisional tree 46: 41% of quartets, in 3.02 s.
2026-10-06T18:39:02Z Provisional tree 47: 42% of quartets, in 5.25 s.
2026-10-06T18:42:16Z Provisional tree 48: 43% of quartets, in 4.04 s.
2026-10-06T18:45:22Z Provisional tree 49: 43% of quartets, in 3.07 s.
2026-10-06T18:48:28Z Provisional tree 50: 44% of quartets, in 2.93 s.
2026-10-06T18:51:46Z Provisional tree 51: 45% of quartets, in 2.86 s.
2026-10-06T18:54:56Z Provisional tree 52: 46% of quartets, in 3.16 s.
2026-10-06T18:58:00Z Provisional tree 53: 47% of quartets, in 3.38 s.
2026-10-06T19:01:08Z Provisional tree 54: 48% of quartets, in 3.19 s.
2026-10-06T19:04:21Z Provisional tree 55: 49% of quartets, in 3.08 s.
2026-10-06T19:07:32Z Provisional tree 56: 49% of quartets, in 3.42 s.
2026-10-06T19:10:44Z Provisional tree 57: 50% of quartets, in 6.92 s.
2026-10-06T19:13:52Z Provisional tree 58: 50% of quartets, in 5.33 s.
2026-10-06T19:17:24Z Provisional tree 59: 51% of quartets, in 9.12 s.
2026-10-06T19:20:37Z Provisional tree 60: 51% of quartets, in 4.19 s.
2026-10-06T19:23:42Z Provisional tree 61: 52% of quartets, in 3.06 s.
2026-10-06T19:26:59Z Provisional tree 62: 53% of quartets, in 3.00 s.
2026-10-06T19:30:17Z Provisional tree 63: 54% of quartets, in 3.07 s.
2026-10-06T19:33:22Z Provisional tree 64: 54% of quartets, in 2.81 s.
2026-10-06T19:36:36Z Provisional tree 65: 55% of quartets, in 2.84 s.
2026-10-06T19:39:47Z Provisional tree 66: 56% of quartets, in 3.04 s.
2026-10-06T19:42:54Z Provisional tree 67: 57% of quartets, in 2.96 s.
2026-10-06T19:45:59Z Provisional tree 68: 58% of quartets, in 2.99 s.
2026-10-06T19:49:02Z Provisional tree 69: 58% of quartets, in 3.01 s.
2026-10-06T19:52:10Z Provisional tree 70: 59% of quartets, in 2.22 s.
2026-10-06T19:55:14Z Provisional tree 71: 61% of quartets, in 2.08 s.
2026-10-06T19:58:19Z Provisional tree 72: 62% of quartets, in 2.06 s.
2026-10-06T20:01:34Z Provisional tree 73: 63% of quartets, in 3.33 s.
2026-10-06T20:04:42Z Provisional tree 74: 64% of quartets, in 3.08 s.
2026-10-06T20:07:49Z Provisional tree 75: 64% of quartets, in 2.64 s.
2026-10-06T20:10:55Z Provisional tree 76: 65% of quartets, in 3.07 s.
2026-10-06T20:14:02Z Provisional tree 77: 66% of quartets, in 3.14 s.
2026-10-06T20:17:07Z Provisional tree 78: 67% of quartets, in 3.11 s.
2026-10-06T20:20:11Z Provisional tree 79: 67% of quartets, in 3.35 s.
2026-10-06T20:23:17Z Provisional tree 80: 68% of quartets, in 3.13 s.
2026-10-06T20:26:25Z Provisional tree 81: 69% of quartets, in 3.02 s.
2026-10-06T20:29:38Z Provisional tree 82: 70% of quartets, in 3.16 s.
2026-10-06T20:32:51Z Provisional tree 83: 71% of quartets, in 3.08 s.
2026-10-06T20:36:05Z Provisional tree 84: 71% of quartets, in 3.25 s.
2026-10-06T20:39:17Z Provisional tree 85: 72% of quartets, in 3.17 s.
2026-10-06T20:42:24Z Provisional tree 86: 73% of quartets, in 3.20 s.
2026-10-06T20:45:50Z Provisional tree 87: 74% of quartets, in 3.18 s.
2026-10-06T20:49:04Z Provisional tree 88: 75% of quartets, in 3.23 s.
2026-10-06T20:52:11Z Provisional tree 89: 75% of quartets, in 3.18 s.
2026-10-06T20:55:28Z Provisional tree 90: 76% of quartets, in 3.17 s.
2026-10-06T20:58:32Z Provisional tree 91: 77% of quartets, in 3.15 s.
2026-10-06T21:01:36Z Provisional tree 92: 78% of quartets, in 3.19 s.
2026-10-06T21:04:41Z Provisional tree 93: 78% of quartets, in 3.33 s.
2026-10-06T21:07:45Z Provisional tree 94: 79% of quartets, in 3.23 s.
2026-10-06T21:10:56Z Provisional tree 95: 80% of quartets, in 3.21 s.
2026-10-06T21:14:04Z Provisional tree 96: 81% of quartets, in 3.07 s.
2026-10-06T21:17:09Z Provisional tree 97: 82% of quartets, in 3.17 s.
2026-10-06T21:20:16Z Provisional tree 98: 83% of quartets, in 3.35 s.
2026-10-06T21:23:24Z Provisional tree 99: 83% of quartets, in 3.34 s.
2026-10-06T21:26:41Z Provisional tree 100: 84% of quartets, in 3.40 s.
2026-10-06T21:29:55Z Provisional tree 101: 85% of quartets, in 3.33 s.
2026-10-06T21:33:00Z Provisional tree 102: 86% of quartets, in 3.32 s.
2026-10-06T21:36:06Z Provisional tree 103: 87% of quartets, in 3.30 s.
2026-10-06T21:39:24Z Provisional tree 104: 88% of quartets, in 3.32 s.
2026-10-06T21:42:34Z Provisional tree 105: 89% of quartets, in 3.09 s.
2026-10-06T21:45:39Z Provisional tree 106: 89% of quartets, in 3.27 s.
2026-10-06T21:48:43Z Provisional tree 107: 90% of quartets, in 3.26 s.
2026-10-06T21:51:49Z Provisional tree 108: 91% of quartets, in 3.35 s.
2026-10-06T21:55:08Z Provisional tree 109: 92% of quartets, in 3.35 s.
2026-10-06T21:58:13Z Provisional tree 110: 92% of quartets, in 3.29 s.
2026-10-06T22:01:19Z Provisional tree 111: 93% of quartets, in 3.47 s.
2026-10-06T22:04:30Z Provisional tree 112: 94% of quartets, in 3.33 s.
2026-10-06T22:07:44Z Provisional tree 113: 95% of quartets, in 3.46 s.
2026-10-06T22:10:53Z Provisional tree 114: 96% of quartets, in 3.42 s.
2026-10-06T22:14:01Z Provisional tree 115: 96% of quartets, in 3.55 s.
2026-10-06T22:17:08Z Provisional tree 116: 97% of quartets, in 3.46 s.
2026-10-06T22:20:18Z Provisional tree 117: 98% of quartets, in 3.50 s.
2026-10-06T22:23:24Z Provisional tree 118: 99% of quartets, in 3.40 s.
2026-10-06T22:26:36Z Provisional tree 119: 99% of quartets, in 3.70 s.
2026-10-06T22:28:24Z Amalgamation (wQFM-rs, w2c weights): 29180 weighted quartets, consistency score 12196.9067 of 17550.0000, in 1.3 s.
2026-10-06T22:28:25Z Support: 24 internal edges, S1 from 0.478244 to 0.988867; 0 taxa with a halo value below 0.6; in 0.9 s.
2026-10-06T22:28:54Z Run finished. Root fingerprint: a863e3a78efa577d62d30a01be05bc5267bec02bc680c0af81122cf2dab59e39
