2026-10-08T05:42:55Z Started analysis of D:\q-maws\data\raw\sim_hgt\simulated-sim_hgt\hgt_1000.
2026-10-08T05:42:56Z Ingest: 33 taxa, average length 2213191; MAW lengths 5 to 14.
2026-10-08T05:42:57Z MAW extraction: 33 taxa to do, 2 at a time, strand filter on.
2026-10-08T05:43:18Z   Species1: 588001 MAWs
2026-10-08T05:43:18Z   Species10: 760622 MAWs
2026-10-08T05:43:40Z   Species11: 627652 MAWs
2026-10-08T05:43:40Z   Species12: 555905 MAWs
2026-10-08T05:43:59Z   Species13: 555299 MAWs
2026-10-08T05:43:59Z   Species14: 636293 MAWs
2026-10-08T05:44:19Z   Species15: 557629 MAWs
2026-10-08T05:44:19Z   Species16: 720100 MAWs
2026-10-08T05:44:42Z   Species17: 766511 MAWs
2026-10-08T05:44:42Z   Species18: 631556 MAWs
2026-10-08T05:45:07Z   Species19: 765152 MAWs
2026-10-08T05:45:07Z   Species2: 660884 MAWs
2026-10-08T05:45:34Z   Species20: 784769 MAWs
2026-10-08T05:45:34Z   Species21: 633945 MAWs
2026-10-08T05:46:02Z   Species22: 640758 MAWs
2026-10-08T05:46:02Z   Species23: 751801 MAWs
2026-10-08T05:46:27Z   Species24: 679584 MAWs
2026-10-08T05:46:27Z   Species25: 814197 MAWs
2026-10-08T05:46:48Z   Species26: 614784 MAWs
2026-10-08T05:46:48Z   Species27: 562738 MAWs
2026-10-08T05:47:15Z   Species28: 628159 MAWs
2026-10-08T05:47:15Z   Species29: 821485 MAWs
2026-10-08T05:47:39Z   Species3: 787010 MAWs
2026-10-08T05:47:39Z   Species30: 818654 MAWs
2026-10-08T05:47:58Z   Species31: 639073 MAWs
2026-10-08T05:47:58Z   Species32: 625498 MAWs
2026-10-08T05:48:24Z   Species33: 790780 MAWs
2026-10-08T05:48:24Z   Species4: 698744 MAWs
2026-10-08T05:48:50Z   Species5: 584501 MAWs
2026-10-08T05:48:50Z   Species6: 805472 MAWs
2026-10-08T05:49:13Z   Species7: 783836 MAWs
2026-10-08T05:49:13Z   Species8: 756030 MAWs
2026-10-08T05:49:32Z   Species9: 729426 MAWs
2026-10-08T05:49:45Z Selected MAW lengths: [10, 11, 12]
2026-10-08T05:49:57Z Full matrix: 33 taxa x 8619625 columns, estimated 148 MB (memory limit 396 MB).
2026-10-08T05:50:23Z M_full 33 x 8619625; M_ml 33 x 50000.
2026-10-08T05:50:45Z Quartet counting: 40920 quartets, 5 chunks of up to 8612 (calibration 2871 quartets per second; popcount X86Popcnt).
2026-10-08T05:51:31Z Quartet weighting: 40920 quartets, 1364 chunks of up to 30 (calibration 10 quartets per second; model pi1 = 0.500000, 100 resamples).
2026-10-08T05:54:20Z Provisional tree 1: 2% of quartets, in 4.86 s.
2026-10-08T05:57:28Z Provisional tree 2: 5% of quartets, in 4.75 s.
2026-10-08T06:00:37Z Provisional tree 3: 8% of quartets, in 5.02 s.
2026-10-08T06:03:44Z Provisional tree 4: 11% of quartets, in 4.74 s.
2026-10-08T06:06:57Z Provisional tree 5: 13% of quartets, in 5.89 s.
2026-10-08T06:10:16Z Provisional tree 6: 16% of quartets, in 6.00 s.
2026-10-08T06:13:23Z Provisional tree 7: 19% of quartets, in 6.81 s.
2026-10-08T06:16:30Z Provisional tree 8: 22% of quartets, in 7.45 s.
2026-10-08T06:19:38Z Provisional tree 9: 24% of quartets, in 6.62 s.
2026-10-08T06:22:51Z Provisional tree 10: 27% of quartets, in 6.79 s.
2026-10-08T06:25:57Z Provisional tree 11: 30% of quartets, in 5.98 s.
2026-10-08T06:29:04Z Provisional tree 12: 32% of quartets, in 6.25 s.
2026-10-08T06:32:18Z Provisional tree 13: 35% of quartets, in 6.85 s.
2026-10-08T06:35:27Z Provisional tree 14: 37% of quartets, in 7.53 s.
2026-10-08T06:38:37Z Provisional tree 15: 40% of quartets, in 7.89 s.
2026-10-08T06:41:55Z Provisional tree 16: 43% of quartets, in 7.59 s.
2026-10-08T06:45:13Z Provisional tree 17: 45% of quartets, in 7.78 s.
2026-10-08T06:48:23Z Provisional tree 18: 48% of quartets, in 7.76 s.
2026-10-08T06:51:32Z Provisional tree 19: 51% of quartets, in 7.74 s.
2026-10-08T06:54:44Z Provisional tree 20: 53% of quartets, in 7.57 s.
2026-10-08T06:57:56Z Provisional tree 21: 55% of quartets, in 7.50 s.
2026-10-08T07:01:06Z Provisional tree 22: 58% of quartets, in 7.53 s.
2026-10-08T07:04:15Z Provisional tree 23: 60% of quartets, in 7.81 s.
2026-10-08T07:07:24Z Provisional tree 24: 63% of quartets, in 7.44 s.
2026-10-08T07:10:32Z Provisional tree 25: 65% of quartets, in 8.24 s.
2026-10-08T07:13:43Z Provisional tree 26: 67% of quartets, in 7.90 s.
2026-10-08T07:16:54Z Provisional tree 27: 70% of quartets, in 7.46 s.
2026-10-08T07:20:02Z Provisional tree 28: 73% of quartets, in 7.29 s.
2026-10-08T07:23:16Z Provisional tree 29: 75% of quartets, in 8.51 s.
2026-10-08T07:26:32Z Provisional tree 30: 78% of quartets, in 8.46 s.
2026-10-08T07:29:49Z Provisional tree 31: 80% of quartets, in 8.22 s.
2026-10-08T07:33:01Z Provisional tree 32: 83% of quartets, in 8.41 s.
2026-10-08T07:36:13Z Provisional tree 33: 85% of quartets, in 8.89 s.
2026-10-08T07:39:25Z Provisional tree 34: 87% of quartets, in 9.09 s.
2026-10-08T07:43:48Z Provisional tree 35: 90% of quartets, in 81.49 s.
2026-10-08T07:43:48Z Provisional tree took 81.5 s of a 263.5 s interval (over 10%); updating every 10% or 360 s from now on.
2026-10-08T07:50:00Z Provisional tree 36: 95% of quartets, in 8.95 s.
2026-10-08T07:55:31Z Amalgamation (wQFM-rs, w2c weights): 114709 weighted quartets, consistency score 15990.9800 of 40920.0000, in 4.9 s.
2026-10-08T07:55:33Z Support: 30 internal edges, S1 from 0.340194 to 0.999978; 33 taxa with a halo value below 0.6; in 1.2 s.
2026-10-08T07:56:04Z Run finished. Root fingerprint: 4610110238de7e37de54a23b740ebae815a247becb70e0368c4e0def17a5c155
