IQ-TREE multicore version 2.4.0 for Linux x86 64-bit built Feb  7 2025
Developed by Bui Quang Minh, Nguyen Lam Tung, Olga Chernomor, Heiko Schmidt,
Dominik Schrempf, Michael Woodhams, Ly Trong Nhan, Thomas Wong

Host:    runnervm8df0l (AVX512, FMA3, 15 GB RAM)
Command: iqtree2 -s /home/runner/work/_temp/external/run_sim_hgt_250/ml_maws_matrix.phy -st BIN -m MFP+ASC -bb 1000 -nt 4 --prefix /home/runner/work/_temp/external/run_sim_hgt_250/ml_maws_iqtree -redo
Seed:    481924 (Using SPRNG - Scalable Parallel Random Number Generator)
Time:    Mon Oct  5 18:51:53 2026
Kernel:  AVX+FMA - 4 threads (4 CPU cores detected)

Reading alignment file /home/runner/work/_temp/external/run_sim_hgt_250/ml_maws_matrix.phy ... Phylip format detected
Alignment most likely contains binary sequences
Alignment has 33 sequences with 50000 columns, 26801 distinct patterns
50000 parsimony-informative, 0 singleton sites, 0 constant sites
           Gap/Ambiguity  Composition  p-value
Analyzing sequences: done in 0.000598418 secs using 597.1% CPU
   1  Species1     0.00%    failed      0.00%
   2  Species10    0.00%    failed      0.00%
   3  Species11    0.00%    failed      0.00%
   4  Species12    0.00%    failed      0.00%
   5  Species13    0.00%    failed      0.00%
   6  Species14    0.00%    failed      0.00%
   7  Species15    0.00%    failed      0.00%
   8  Species16    0.00%    failed      0.00%
   9  Species17    0.00%    failed      0.00%
  10  Species18    0.00%    failed      0.00%
  11  Species19    0.00%    failed      0.00%
  12  Species2     0.00%    failed      0.00%
  13  Species20    0.00%    failed      0.00%
  14  Species21    0.00%    failed      0.00%
  15  Species22    0.00%    failed      0.00%
  16  Species23    0.00%    failed      0.00%
  17  Species24    0.00%    failed      0.00%
  18  Species25    0.00%    passed     10.94%
  19  Species26    0.00%    failed      0.00%
  20  Species27    0.00%    failed      0.00%
  21  Species28    0.00%    failed      0.00%
  22  Species29    0.00%    failed      0.00%
  23  Species3     0.00%    failed      0.00%
  24  Species30    0.00%    failed      0.00%
  25  Species31    0.00%    failed      0.00%
  26  Species32    0.00%    failed      0.00%
  27  Species33    0.00%    failed      0.00%
  28  Species4     0.00%    failed      0.00%
  29  Species5     0.00%    failed      0.00%
  30  Species6     0.00%    failed      0.10%
  31  Species7     0.00%    failed      0.00%
  32  Species8     0.00%    failed      0.00%
  33  Species9     0.00%    failed      0.00%
****  TOTAL        0.00%  32 sequences failed composition chi2 test (p-value<5%; df=1)

Creating fast initial parsimony tree by random order stepwise addition...
0.021 seconds, parsimony score: 389651 (based on 50000 sites)
Perform fast likelihood tree search using GTR2+ASC model...
Estimate model parameters (epsilon = 5.000)
Perform nearest neighbor interchange...
Estimate model parameters (epsilon = 1.000)
1. Initial log-likelihood: -1002672.406
2. Current log-likelihood: -1002670.415
Optimal log-likelihood: -1002670.152
State frequencies:  0: 0.679  1: 0.321
Parameters optimization took 2 rounds (0.044 sec)
Time for fast ML tree search: 1.861 seconds

NOTE: ModelFinder requires 254 MB RAM!
ModelFinder will test up to 22 binary models (sample size: 50000 epsilon: 0.100) ...
 No. Model         -LnL         df  AIC          AICc         BIC
  1  GTR2+FO+ASC   1002670.025  64  2005468.050  2005468.217  2006032.516
  2  GTR2+FO+ASC+G4 1002640.112  65  2005410.224  2005410.396  2005983.510
  3  GTR2+FO+ASC+R2 1002612.948  66  2005357.895  2005358.072  2005940.001
  4  GTR2+FO+ASC+R3 1002611.693  68  2005359.386  2005359.574  2005959.131
 14  JC2+FQ+ASC+R2 1041945.594  65  2084021.189  2084021.361  2084594.474
Akaike Information Criterion:           GTR2+FO+ASC+R2
Corrected Akaike Information Criterion: GTR2+FO+ASC+R2
Bayesian Information Criterion:         GTR2+FO+ASC+R2
Best-fit model: GTR2+FO+ASC+R2 chosen according to BIC

All model information printed to /home/runner/work/_temp/external/run_sim_hgt_250/ml_maws_iqtree.model.gz
CPU time for ModelFinder: 58.340 seconds (0h:0m:58s)
Wall-clock time for ModelFinder: 14.733 seconds (0h:0m:14s)
Generating 1000 samples for ultrafast bootstrap (seed: 481924)...

NOTE: 132 MB RAM (0 GB) is required!
Estimate model parameters (epsilon = 0.100)
1. Initial log-likelihood: -1039084.143
2. Current log-likelihood: -1003617.534
3. Current log-likelihood: -1003612.430
4. Current log-likelihood: -1003611.582
5. Current log-likelihood: -1003610.798
6. Current log-likelihood: -1003609.992
7. Current log-likelihood: -1003609.140
8. Current log-likelihood: -1003608.230
9. Current log-likelihood: -1003607.257
10. Current log-likelihood: -1003606.224
11. Current log-likelihood: -1003605.138
12. Current log-likelihood: -1003604.015
13. Current log-likelihood: -1003602.875
14. Current log-likelihood: -1003601.748
15. Current log-likelihood: -1003600.667
16. Current log-likelihood: -1003599.663
17. Current log-likelihood: -1003598.765
18. Current log-likelihood: -1003597.991
19. Current log-likelihood: -1003597.347
20. Current log-likelihood: -1003596.828
21. Current log-likelihood: -1003596.423
22. Current log-likelihood: -1003596.114
Optimal log-likelihood: -1003595.955
State frequencies:  0: 0.677  1: 0.323
Site proportion and rates:  (0.999,1.000) (0.001,1.114)
Parameters optimization took 22 rounds (2.164 sec)
Wrote distance file to... 
Computing ML distances based on estimated model parameters...
Calculating distance matrix: done in 0.00968183 secs using 405.6% CPU
Computing ML distances took 0.011057 sec (of wall-clock time) 0.046650 sec (of CPU time)
WARNING: Some pairwise ML distances are too long (saturated)
Setting up auxiliary I and S matrices: done in 0.000285148 secs
Computing RapidNJ tree took 0.011799 sec (of wall-clock time) 0.010778 sec (of CPU time)
Log-likelihood of RapidNJ tree: -1002646.327
--------------------------------------------------------------------
|             INITIALIZING CANDIDATE TREE SET                      |
--------------------------------------------------------------------
Generating 98 parsimony trees... 0.611 second
Computing log-likelihood of 98 initial trees ... 2.374 seconds
Current best score: -1002646.327

Do NNI search on 20 best initial trees
Estimate model parameters (epsilon = 0.100)
BETTER TREE FOUND at iteration 1: -1002629.757
Estimate model parameters (epsilon = 0.100)
BETTER TREE FOUND at iteration 2: -1002626.223
Iteration 10 / LogL: -1002632.944 / Time: 0h:0m:57s
Iteration 20 / LogL: -1002633.103 / Time: 0h:1m:45s
Finish initializing candidate tree set (20)
Current best tree score: -1002626.223 / CPU time: 86.921
Number of iterations: 20
--------------------------------------------------------------------
|               OPTIMIZING CANDIDATE TREE SET                      |
--------------------------------------------------------------------
Estimate model parameters (epsilon = 0.100)
BETTER TREE FOUND at iteration 23: -1002625.027
Iteration 30 / LogL: -1002629.981 / Time: 0h:2m:11s (0h:6m:13s left)
Estimate model parameters (epsilon = 0.100)
BETTER TREE FOUND at iteration 33: -1002624.558
Estimate model parameters (epsilon = 0.100)
BETTER TREE FOUND at iteration 36: -1002623.686
Iteration 40 / LogL: -1002623.798 / Time: 0h:2m:37s (0h:5m:51s left)
Iteration 50 / LogL: -1002625.845 / Time: 0h:2m:54s (0h:4m:39s left)
Log-likelihood cutoff on original alignment: -1002644.995
Estimate model parameters (epsilon = 0.100)
BETTER TREE FOUND at iteration 58: -1002623.064
Iteration 60 / LogL: -1002627.089 / Time: 0h:3m:22s (0h:5m:12s left)
Iteration 70 / LogL: -1002631.289 / Time: 0h:3m:48s (0h:4m:33s left)
Iteration 80 / LogL: -1003503.962 / Time: 0h:4m:9s (0h:3m:51s left)
Iteration 90 / LogL: -1002630.939 / Time: 0h:4m:30s (0h:3m:15s left)
Iteration 100 / LogL: -1012655.357 / Time: 0h:4m:54s (0h:2m:43s left)
Log-likelihood cutoff on original alignment: -1002644.995
NOTE: Bootstrap correlation coefficient of split occurrence frequencies: 0.884
NOTE: UFBoot does not converge, continue at least 100 more iterations
Iteration 110 / LogL: -1002627.260 / Time: 0h:5m:17s (0h:4m:10s left)
Iteration 120 / LogL: -1013610.854 / Time: 0h:5m:42s (0h:3m:40s left)
Iteration 130 / LogL: -1002678.714 / Time: 0h:6m:10s (0h:3m:13s left)
Estimate model parameters (epsilon = 0.100)
BETTER TREE FOUND at iteration 136: -1002621.550
Iteration 140 / LogL: -1002637.590 / Time: 0h:6m:35s (0h:4m:22s left)
Iteration 150 / LogL: -1002626.300 / Time: 0h:6m:59s (0h:3m:53s left)
Log-likelihood cutoff on original alignment: -1002644.011
Estimate model parameters (epsilon = 0.100)
BETTER TREE FOUND at iteration 159: -1002620.949
Iteration 160 / LogL: -1003772.902 / Time: 0h:7m:19s (0h:4m:24s left)
Iteration 170 / LogL: -1003814.112 / Time: 0h:7m:48s (0h:3m:59s left)
Iteration 180 / LogL: -1002621.184 / Time: 0h:8m:18s (0h:3m:33s left)
Iteration 190 / LogL: -1003770.703 / Time: 0h:8m:40s (0h:3m:4s left)
Iteration 200 / LogL: -1002636.574 / Time: 0h:9m:0s (0h:2m:35s left)
Log-likelihood cutoff on original alignment: -1002644.011
NOTE: Bootstrap correlation coefficient of split occurrence frequencies: 0.834
NOTE: UFBoot does not converge, continue at least 100 more iterations
Iteration 210 / LogL: -1002623.075 / Time: 0h:9m:17s (0h:3m:53s left)
Iteration 220 / LogL: -1002711.010 / Time: 0h:9m:37s (0h:3m:25s left)
Iteration 230 / LogL: -1003817.947 / Time: 0h:9m:58s (0h:2m:58s left)
Iteration 240 / LogL: -1006611.734 / Time: 0h:10m:20s (0h:2m:31s left)
Iteration 250 / LogL: -1002630.506 / Time: 0h:10m:40s (0h:2m:5s left)
Log-likelihood cutoff on original alignment: -1002644.011
Iteration 260 / LogL: -1009889.164 / Time: 0h:11m:2s (0h:1m:39s left)
Iteration 270 / LogL: -1002621.778 / Time: 0h:11m:28s (0h:1m:15s left)
Estimate model parameters (epsilon = 0.100)
BETTER TREE FOUND at iteration 275: -1002620.381
Iteration 280 / LogL: -1002631.034 / Time: 0h:11m:53s (0h:3m:57s left)
Iteration 290 / LogL: -1002624.965 / Time: 0h:12m:20s (0h:3m:33s left)
Iteration 300 / LogL: -1002628.079 / Time: 0h:12m:44s (0h:3m:8s left)
Log-likelihood cutoff on original alignment: -1002644.993
NOTE: Bootstrap correlation coefficient of split occurrence frequencies: 0.855
NOTE: UFBoot does not converge, continue at least 100 more iterations
Iteration 310 / LogL: -1004719.157 / Time: 0h:13m:11s (0h:3m:46s left)
Iteration 320 / LogL: -1008620.437 / Time: 0h:13m:34s (0h:3m:20s left)
Estimate model parameters (epsilon = 0.100)
BETTER TREE FOUND at iteration 324: -1002620.296
Iteration 330 / LogL: -1003405.815 / Time: 0h:14m:4s (0h:3m:57s left)
Iteration 340 / LogL: -1002825.979 / Time: 0h:14m:28s (0h:3m:31s left)
WARNING: NNI search needs unusual large number of steps (33) to converge!
Iteration 350 / LogL: -1004991.360 / Time: 0h:14m:51s (0h:3m:5s left)
Log-likelihood cutoff on original alignment: -1002644.011
Iteration 360 / LogL: -1004734.706 / Time: 0h:15m:16s (0h:2m:40s left)
Iteration 370 / LogL: -1003151.396 / Time: 0h:15m:38s (0h:2m:15s left)
Iteration 380 / LogL: -1008624.842 / Time: 0h:15m:52s (0h:1m:48s left)
WARNING: NNI search needs unusual large number of steps (33) to converge!
Iteration 390 / LogL: -1002631.846 / Time: 0h:16m:16s (0h:1m:24s left)
Iteration 400 / LogL: -1002650.356 / Time: 0h:16m:37s (0h:0m:59s left)
Log-likelihood cutoff on original alignment: -1002644.011
NOTE: Bootstrap correlation coefficient of split occurrence frequencies: 0.868
NOTE: UFBoot does not converge, continue at least 100 more iterations
Iteration 410 / LogL: -1002634.817 / Time: 0h:17m:2s (0h:3m:41s left)
Estimate model parameters (epsilon = 0.100)
BETTER TREE FOUND at iteration 417: -1002620.225
Iteration 420 / LogL: -1002632.344 / Time: 0h:17m:25s (0h:3m:58s left)
Iteration 430 / LogL: -1003163.680 / Time: 0h:17m:46s (0h:3m:33s left)
Iteration 440 / LogL: -1002886.949 / Time: 0h:18m:10s (0h:3m:8s left)
Iteration 450 / LogL: -1002623.067 / Time: 0h:18m:38s (0h:2m:44s left)
Log-likelihood cutoff on original alignment: -1002644.011
Iteration 460 / LogL: -1004751.667 / Time: 0h:19m:2s (0h:2m:20s left)
Iteration 470 / LogL: -1002622.144 / Time: 0h:19m:22s (0h:1m:55s left)
Iteration 480 / LogL: -1004827.873 / Time: 0h:19m:46s (0h:1m:30s left)
Iteration 490 / LogL: -1008625.567 / Time: 0h:20m:6s (0h:1m:5s left)
Iteration 500 / LogL: -1003479.210 / Time: 0h:20m:28s (0h:0m:41s left)
Log-likelihood cutoff on original alignment: -1002644.011
NOTE: Bootstrap correlation coefficient of split occurrence frequencies: 0.854
NOTE: UFBoot does not converge, continue at least 100 more iterations
Estimate model parameters (epsilon = 0.100)
BETTER TREE FOUND at iteration 503: -1002619.823
Iteration 510 / LogL: -1002621.641 / Time: 0h:20m:48s (0h:3m:45s left)
Iteration 520 / LogL: -1002632.189 / Time: 0h:21m:7s (0h:3m:20s left)
Iteration 530 / LogL: -1002624.018 / Time: 0h:21m:29s (0h:2m:55s left)
Iteration 540 / LogL: -1002622.413 / Time: 0h:21m:50s (0h:2m:31s left)
Iteration 550 / LogL: -1003304.996 / Time: 0h:22m:12s (0h:2m:7s left)
Log-likelihood cutoff on original alignment: -1002644.011
Iteration 560 / LogL: -1002628.896 / Time: 0h:22m:35s (0h:1m:43s left)
Iteration 570 / LogL: -1002680.576 / Time: 0h:22m:55s (0h:1m:18s left)
Iteration 580 / LogL: -1003837.891 / Time: 0h:23m:21s (0h:0m:55s left)
Iteration 590 / LogL: -1002632.378 / Time: 0h:23m:43s (0h:0m:31s left)
Iteration 600 / LogL: -1008192.434 / Time: 0h:24m:10s (0h:0m:7s left)
Log-likelihood cutoff on original alignment: -1002644.011
NOTE: Bootstrap correlation coefficient of split occurrence frequencies: 0.864
NOTE: UFBoot does not converge, continue at least 100 more iterations
Iteration 610 / LogL: -1002818.771 / Time: 0h:24m:36s (0h:3m:36s left)
Iteration 620 / LogL: -1006627.626 / Time: 0h:25m:4s (0h:3m:12s left)
Iteration 630 / LogL: -1004021.637 / Time: 0h:25m:27s (0h:2m:48s left)
Iteration 640 / LogL: -1002908.400 / Time: 0h:25m:48s (0h:2m:24s left)
Iteration 650 / LogL: -1004734.122 / Time: 0h:26m:9s (0h:1m:59s left)
Log-likelihood cutoff on original alignment: -1002644.011
Iteration 660 / LogL: -1002634.539 / Time: 0h:26m:32s (0h:1m:35s left)
Iteration 670 / LogL: -1002765.854 / Time: 0h:26m:53s (0h:1m:11s left)
Iteration 680 / LogL: -1008887.659 / Time: 0h:27m:15s (0h:0m:47s left)
Iteration 690 / LogL: -1002629.437 / Time: 0h:27m:41s (0h:0m:23s left)
Iteration 700 / LogL: -1004051.601 / Time: 0h:27m:59s (0h:0m:0s left)
Log-likelihood cutoff on original alignment: -1002644.011
NOTE: Bootstrap correlation coefficient of split occurrence frequencies: 0.916
NOTE: UFBoot does not converge, continue at least 100 more iterations
WARNING: NNI search needs unusual large number of steps (33) to converge!
Iteration 710 / LogL: -1002640.610 / Time: 0h:28m:25s (0h:3m:34s left)
Iteration 720 / LogL: -1002628.729 / Time: 0h:28m:49s (0h:3m:10s left)
Estimate model parameters (epsilon = 0.100)
BETTER TREE FOUND at iteration 723: -1002619.756
Iteration 730 / LogL: -1002622.834 / Time: 0h:29m:15s (0h:3m:42s left)
Iteration 740 / LogL: -1002620.240 / Time: 0h:29m:40s (0h:3m:18s left)
Iteration 750 / LogL: -1002620.313 / Time: 0h:30m:6s (0h:2m:54s left)
Log-likelihood cutoff on original alignment: -1002644.011
Iteration 760 / LogL: -1002657.543 / Time: 0h:30m:22s (0h:2m:30s left)
Iteration 770 / LogL: -1002629.850 / Time: 0h:30m:54s (0h:2m:6s left)
Iteration 780 / LogL: -1002629.619 / Time: 0h:31m:19s (0h:1m:42s left)
Iteration 790 / LogL: -1008646.688 / Time: 0h:31m:40s (0h:1m:18s left)
Iteration 800 / LogL: -1002826.818 / Time: 0h:32m:8s (0h:0m:55s left)
Log-likelihood cutoff on original alignment: -1002644.975
NOTE: Bootstrap correlation coefficient of split occurrence frequencies: 0.902
NOTE: UFBoot does not converge, continue at least 100 more iterations
Iteration 810 / LogL: -1002621.518 / Time: 0h:32m:28s (0h:3m:35s left)
Iteration 820 / LogL: -1003109.870 / Time: 0h:32m:56s (0h:3m:11s left)
Iteration 830 / LogL: -1002622.096 / Time: 0h:33m:27s (0h:2m:48s left)
Iteration 840 / LogL: -1002640.708 / Time: 0h:33m:51s (0h:2m:24s left)
Iteration 850 / LogL: -1002637.946 / Time: 0h:34m:8s (0h:1m:59s left)
Log-likelihood cutoff on original alignment: -1002644.975
Iteration 860 / LogL: -1002628.809 / Time: 0h:34m:37s (0h:1m:36s left)
Iteration 870 / LogL: -1002833.045 / Time: 0h:35m:5s (0h:1m:12s left)
Iteration 880 / LogL: -1003824.748 / Time: 0h:35m:30s (0h:0m:48s left)
Iteration 890 / LogL: -1002643.685 / Time: 0h:35m:58s (0h:0m:24s left)
Iteration 900 / LogL: -1002825.968 / Time: 0h:36m:23s (0h:0m:0s left)
Log-likelihood cutoff on original alignment: -1002644.975
NOTE: Bootstrap correlation coefficient of split occurrence frequencies: 0.906
NOTE: UFBoot does not converge, continue at least 100 more iterations
Iteration 910 / LogL: -1008821.258 / Time: 0h:36m:46s (0h:3m:36s left)
Iteration 920 / LogL: -1002651.329 / Time: 0h:37m:11s (0h:3m:12s left)
Iteration 930 / LogL: -1004868.825 / Time: 0h:37m:35s (0h:2m:48s left)
Iteration 940 / LogL: -1008854.446 / Time: 0h:37m:59s (0h:2m:24s left)
Iteration 950 / LogL: -1002626.011 / Time: 0h:38m:27s (0h:2m:0s left)
Log-likelihood cutoff on original alignment: -1002644.975
Iteration 960 / LogL: -1008609.988 / Time: 0h:38m:50s (0h:1m:36s left)
Iteration 970 / LogL: -1002642.281 / Time: 0h:39m:12s (0h:1m:12s left)
Iteration 980 / LogL: -1002655.219 / Time: 0h:39m:39s (0h:0m:48s left)
Iteration 990 / LogL: -1002818.448 / Time: 0h:40m:7s (0h:0m:24s left)
Iteration 1000 / LogL: -1003097.153 / Time: 0h:40m:32s (0h:0m:0s left)
Log-likelihood cutoff on original alignment: -1002644.975
NOTE: Bootstrap correlation coefficient of split occurrence frequencies: 0.920
NOTE: UFBoot does not converge, continue at least 100 more iterations
WARNING: bootstrap analysis did not converge. You should rerun with higher number of iterations (-nm option)
TREE SEARCH COMPLETED AFTER 1001 ITERATIONS / Time: 0h:40m:35s

--------------------------------------------------------------------
|                    FINALIZING TREE SEARCH                        |
--------------------------------------------------------------------
Performs final model parameters optimization
Estimate model parameters (epsilon = 0.010)
1. Initial log-likelihood: -1002619.756
Optimal log-likelihood: -1002619.752
State frequencies:  0: 0.678  1: 0.322
Site proportion and rates:  (0.999,1.000) (0.001,1.116)
Parameters optimization took 1 rounds (0.099 sec)
BEST SCORE FOUND : -1002619.752
Creating bootstrap support values...
Split supports printed to NEXUS file /home/runner/work/_temp/external/run_sim_hgt_250/ml_maws_iqtree.splits.nex
Total tree length: 77.646

Total number of iterations: 1001
CPU time used for tree search: 9603.820 sec (2h:40m:3s)
Wall-clock time used for tree search: 2416.256 sec (0h:40m:16s)
Total CPU time used: 9677.404 sec (2h:41m:17s)
Total wall-clock time used: 2435.306 sec (0h:40m:35s)

Computing bootstrap consensus tree...
Reading input file /home/runner/work/_temp/external/run_sim_hgt_250/ml_maws_iqtree.splits.nex...
33 taxa and 865 splits.
Consensus tree written to /home/runner/work/_temp/external/run_sim_hgt_250/ml_maws_iqtree.contree
Reading input trees file /home/runner/work/_temp/external/run_sim_hgt_250/ml_maws_iqtree.contree
Log-likelihood of consensus tree: -1002695.433

Analysis results written to: 
  IQ-TREE report:                /home/runner/work/_temp/external/run_sim_hgt_250/ml_maws_iqtree.iqtree
  Maximum-likelihood tree:       /home/runner/work/_temp/external/run_sim_hgt_250/ml_maws_iqtree.treefile
  Likelihood distances:          /home/runner/work/_temp/external/run_sim_hgt_250/ml_maws_iqtree.mldist

Ultrafast bootstrap approximation results written to:
  Split support values:          /home/runner/work/_temp/external/run_sim_hgt_250/ml_maws_iqtree.splits.nex
  Consensus tree:                /home/runner/work/_temp/external/run_sim_hgt_250/ml_maws_iqtree.contree
  Screen log file:               /home/runner/work/_temp/external/run_sim_hgt_250/ml_maws_iqtree.log

Date and Time: Mon Oct  5 19:32:30 2026
