2026-10-07T23:34:21Z Started analysis of D:\q-maws\data\raw\sim_hgt\simulated-sim_hgt\hgt_250.
2026-10-07T23:34:22Z Ingest: 33 taxa, average length 2124447; MAW lengths 5 to 14.
2026-10-07T23:34:22Z MAW extraction: 33 taxa to do, 5 at a time, strand filter on.
2026-10-07T23:34:41Z   Species1: 551724 MAWs
2026-10-07T23:34:41Z   Species10: 707253 MAWs
2026-10-07T23:34:41Z   Species11: 613835 MAWs
2026-10-07T23:34:41Z   Species12: 524467 MAWs
2026-10-07T23:34:41Z   Species13: 544273 MAWs
2026-10-07T23:35:07Z   Species14: 602916 MAWs
2026-10-07T23:35:07Z   Species15: 551655 MAWs
2026-10-07T23:35:07Z   Species16: 702399 MAWs
2026-10-07T23:35:07Z   Species17: 689201 MAWs
2026-10-07T23:35:07Z   Species18: 586948 MAWs
2026-10-07T23:35:34Z   Species19: 691952 MAWs
2026-10-07T23:35:34Z   Species2: 617482 MAWs
2026-10-07T23:35:34Z   Species20: 742598 MAWs
2026-10-07T23:35:34Z   Species21: 604488 MAWs
2026-10-07T23:35:34Z   Species22: 586915 MAWs
2026-10-07T23:36:05Z   Species23: 687105 MAWs
2026-10-07T23:36:05Z   Species24: 640966 MAWs
2026-10-07T23:36:05Z   Species25: 801602 MAWs
2026-10-07T23:36:05Z   Species26: 591431 MAWs
2026-10-07T23:36:05Z   Species27: 548933 MAWs
2026-10-07T23:36:40Z   Species28: 606308 MAWs
2026-10-07T23:36:40Z   Species29: 778166 MAWs
2026-10-07T23:36:40Z   Species3: 741533 MAWs
2026-10-07T23:36:40Z   Species30: 786623 MAWs
2026-10-07T23:36:40Z   Species31: 627280 MAWs
2026-10-07T23:37:14Z   Species32: 578929 MAWs
2026-10-07T23:37:14Z   Species33: 736482 MAWs
2026-10-07T23:37:14Z   Species4: 663505 MAWs
2026-10-07T23:37:14Z   Species5: 562050 MAWs
2026-10-07T23:37:14Z   Species6: 777926 MAWs
2026-10-07T23:37:44Z   Species7: 743783 MAWs
2026-10-07T23:37:44Z   Species8: 718657 MAWs
2026-10-07T23:37:44Z   Species9: 701488 MAWs
2026-10-07T23:37:54Z Selected MAW lengths: [10, 11, 12]
2026-10-07T23:38:06Z Full matrix: 33 taxa x 8367928 columns, estimated 144 MB (memory limit 1015 MB).
2026-10-07T23:38:30Z M_full 33 x 8367928; M_ml 33 x 50000.
2026-10-07T23:38:50Z Quartet counting: 40920 quartets, 5 chunks of up to 9263 (calibration 3088 quartets per second; popcount X86Popcnt).
2026-10-07T23:39:29Z Quartet weighting: 40920 quartets, 1320 chunks of up to 31 (calibration 10 quartets per second; model pi1 = 0.500000, 100 resamples).
2026-10-07T23:42:16Z Provisional tree 1: 2% of quartets, in 5.59 s.
2026-10-07T23:45:23Z Provisional tree 2: 4% of quartets, in 4.77 s.
2026-10-07T23:48:31Z Provisional tree 3: 7% of quartets, in 5.24 s.
2026-10-07T23:51:37Z Provisional tree 4: 9% of quartets, in 5.50 s.
2026-10-07T23:54:46Z Provisional tree 5: 12% of quartets, in 6.38 s.
2026-10-07T23:57:56Z Provisional tree 6: 15% of quartets, in 6.44 s.
2026-10-08T00:01:12Z Provisional tree 7: 16% of quartets, in 12.01 s.
2026-10-08T00:04:32Z Provisional tree 8: 18% of quartets, in 13.00 s.
2026-10-08T00:07:47Z Provisional tree 9: 20% of quartets, in 13.22 s.
2026-10-08T00:10:59Z Provisional tree 10: 22% of quartets, in 11.44 s.
2026-10-08T00:14:18Z Provisional tree 11: 24% of quartets, in 12.10 s.
2026-10-08T00:17:38Z Provisional tree 12: 25% of quartets, in 11.93 s.
2026-10-08T00:20:54Z Provisional tree 13: 27% of quartets, in 12.56 s.
2026-10-08T00:24:06Z Provisional tree 14: 28% of quartets, in 11.96 s.
2026-10-08T00:27:28Z Provisional tree 15: 30% of quartets, in 12.64 s.
2026-10-08T00:30:30Z Provisional tree 16: 33% of quartets, in 1.90 s.
2026-10-08T00:33:30Z Provisional tree 17: 38% of quartets, in 2.09 s.
2026-10-08T00:36:34Z Provisional tree 18: 43% of quartets, in 1.96 s.
2026-10-08T00:39:18Z Provisional tree 19: 48% of quartets, in 2.02 s.
2026-10-08T00:42:23Z Provisional tree 20: 52% of quartets, in 2.87 s.
2026-10-08T00:45:28Z Provisional tree 21: 57% of quartets, in 2.50 s.
2026-10-08T01:53:55Z Resuming run.
2026-10-08T01:55:54Z Provisional tree 22: 62% of quartets, in 2.86 s.
2026-10-08T01:58:06Z Provisional tree 23: 67% of quartets, in 2.52 s.
2026-10-08T02:00:16Z Provisional tree 24: 72% of quartets, in 3.51 s.
2026-10-08T02:03:25Z Provisional tree 25: 77% of quartets, in 34.73 s.
2026-10-08T02:03:25Z Provisional tree took 34.7 s of a 189.0 s interval (over 10%); updating every 10% or 360 s from now on.
2026-10-08T02:08:40Z Provisional tree 26: 87% of quartets, in 2.21 s.
2026-10-08T02:13:46Z Provisional tree 27: 97% of quartets, in 4.86 s.
2026-10-08T02:15:12Z Amalgamation (wQFM-rs, w2c weights): 113450 weighted quartets, consistency score 16505.3800 of 40920.0000, in 5.7 s.
2026-10-08T02:15:13Z Support: 30 internal edges, S1 from 0.341903 to 0.999935; 33 taxa with a halo value below 0.6; in 0.4 s.
2026-10-08T02:15:26Z Run finished. Root fingerprint: 297fc80d0d380e08aecc6b940f937d2d5640f6e04831cf268b9e595263b91659
