2026-10-03T09:25:51Z Started analysis of D:\q-maws\data\raw\fish_mito\assembled-fish_mito.
2026-10-03T09:25:51Z Ingest: 25 taxa, average length 16618; MAW lengths 3 to 10.
2026-10-03T09:25:52Z MAW extraction: 25 taxa to do, 12 at a time, strand filter on.
2026-10-03T09:25:52Z   NC_009057: 3299 MAWs
2026-10-03T09:25:52Z   NC_009058: 3293 MAWs
2026-10-03T09:25:52Z   NC_009059: 4024 MAWs
2026-10-03T09:25:52Z   NC_009060: 4159 MAWs
2026-10-03T09:25:52Z   NC_009062: 3472 MAWs
2026-10-03T09:25:52Z   NC_009063: 3612 MAWs
2026-10-03T09:25:52Z   NC_009064: 3392 MAWs
2026-10-03T09:25:52Z   NC_009065: 3506 MAWs
2026-10-03T09:25:52Z   NC_009066: 4081 MAWs
2026-10-03T09:25:52Z   NC_009067: 3818 MAWs
2026-10-03T09:25:52Z   NC_009459: 3665 MAWs
2026-10-03T09:25:52Z   NC_010205: 4036 MAWs
2026-10-03T09:25:52Z   NC_011168: 3328 MAWs
2026-10-03T09:25:52Z   NC_011169: 3142 MAWs
2026-10-03T09:25:52Z   NC_011170: 3458 MAWs
2026-10-03T09:25:52Z   NC_011171: 3571 MAWs
2026-10-03T09:25:52Z   NC_011177: 3207 MAWs
2026-10-03T09:25:52Z   NC_011179: 3395 MAWs
2026-10-03T09:25:52Z   NC_012055: 3833 MAWs
2026-10-03T09:25:52Z   NC_013564: 3398 MAWs
2026-10-03T09:25:52Z   NC_013577: 3487 MAWs
2026-10-03T09:25:52Z   NC_013663: 3459 MAWs
2026-10-03T09:25:52Z   NC_013750: 3281 MAWs
2026-10-03T09:25:52Z   NC_018814: 3577 MAWs
2026-10-03T09:25:52Z   NC_018815: 3500 MAWs
2026-10-03T09:25:52Z Selected MAW lengths: [7, 8, 9]
2026-10-03T09:25:53Z Full matrix: 25 taxa x 36217 columns, estimated 1 MB (memory limit 843 MB).
2026-10-03T09:25:53Z M_full 25 x 36217; M_ml 25 x 36217.
2026-10-03T09:25:53Z Quartet counting: 12650 quartets, 1 chunks of up to 12650 (calibration 473598 quartets per second; popcount X86Popcnt).
2026-10-03T09:25:55Z Quartet weighting: 12650 quartets, 44 chunks of up to 293 (calibration 98 quartets per second; model pi1 = 0.500000, 100 resamples).
2026-10-03T09:26:08Z Provisional tree 1: 7% of quartets, in 3.56 s.
2026-10-03T09:26:08Z Provisional tree took 3.6 s of a 14.9 s interval (over 10%); updating every 10% or 360 s from now on.
2026-10-03T09:26:25Z Provisional tree 2: 19% of quartets, in 2.34 s.
2026-10-03T09:26:25Z Provisional tree took 2.3 s of a 16.8 s interval (over 10%); updating every 20% or 720 s from now on.
2026-10-03T09:26:42Z Provisional tree 3: 39% of quartets, in 2.02 s.
2026-10-03T09:26:42Z Provisional tree took 2.0 s of a 17.0 s interval (over 10%); updating every 40% or 1440 s from now on.
2026-10-03T09:27:35Z Provisional tree 4: 81% of quartets, in 2.08 s.
2026-10-03T09:27:49Z Amalgamation (wQFM-rs, w2c weights): 35529 weighted quartets, consistency score 5473.8783 of 12650.0000, in 0.3 s.
2026-10-03T09:27:50Z Support: 22 internal edges, S1 from 0.391535 to 0.979960; 25 taxa with a halo value below 0.6; in 0.0 s.
2026-10-03T09:27:50Z Bootstrap (S2): 100 replicates, Poisson(1) column weights, W2b weights inside.
2026-10-03T09:30:08Z Bootstrap (S2): 100 replicates; 22 internal edges, S2 from 0.000 to 1.000; split frequencies in 0.0 s.
2026-10-03T09:30:08Z Run finished. Root fingerprint: adcc945a65f01c6504fe641171feb448b3b982ec65b690eaa299abda64cf7dac
