2026-10-06T12:44:37Z Started analysis of D:\q-maws\data\raw\sim_hgt\simulated-sim_hgt\hgt_1000.
2026-10-06T12:44:38Z Ingest: 33 taxa, average length 2213191; MAW lengths 5 to 14.
2026-10-06T12:44:39Z MAW extraction: 33 taxa to do, 12 at a time, strand filter on.
2026-10-06T12:44:56Z   Species1: 588001 MAWs
2026-10-06T12:44:56Z   Species10: 760622 MAWs
2026-10-06T12:44:56Z   Species11: 627652 MAWs
2026-10-06T12:44:56Z   Species12: 555905 MAWs
2026-10-06T12:44:56Z   Species13: 555299 MAWs
2026-10-06T12:44:56Z   Species14: 636293 MAWs
2026-10-06T12:44:56Z   Species15: 557629 MAWs
2026-10-06T12:44:56Z   Species16: 720100 MAWs
2026-10-06T12:44:56Z   Species17: 766511 MAWs
2026-10-06T12:44:56Z   Species18: 631556 MAWs
2026-10-06T12:44:56Z   Species19: 765152 MAWs
2026-10-06T12:44:56Z   Species2: 660884 MAWs
2026-10-06T12:45:18Z   Species20: 784769 MAWs
2026-10-06T12:45:18Z   Species21: 633945 MAWs
2026-10-06T12:45:18Z   Species22: 640758 MAWs
2026-10-06T12:45:18Z   Species23: 751801 MAWs
2026-10-06T12:45:18Z   Species24: 679584 MAWs
2026-10-06T12:45:18Z   Species25: 814197 MAWs
2026-10-06T12:45:18Z   Species26: 614784 MAWs
2026-10-06T12:45:19Z   Species27: 562738 MAWs
2026-10-06T12:45:19Z   Species28: 628159 MAWs
2026-10-06T12:45:19Z   Species29: 821485 MAWs
2026-10-06T12:45:19Z   Species3: 787010 MAWs
2026-10-06T12:45:19Z   Species30: 818654 MAWs
2026-10-06T12:45:35Z   Species31: 639073 MAWs
2026-10-06T12:45:35Z   Species32: 625498 MAWs
2026-10-06T12:45:35Z   Species33: 790780 MAWs
2026-10-06T12:45:35Z   Species4: 698744 MAWs
2026-10-06T12:45:35Z   Species5: 584501 MAWs
2026-10-06T12:45:35Z   Species6: 805472 MAWs
2026-10-06T12:45:35Z   Species7: 783836 MAWs
2026-10-06T12:45:35Z   Species8: 756030 MAWs
2026-10-06T12:45:35Z   Species9: 729426 MAWs
2026-10-06T12:45:39Z Selected MAW lengths: [10, 11, 12]
2026-10-06T12:45:43Z Full matrix: 33 taxa x 8619625 columns, estimated 148 MB (memory limit 2266 MB).
2026-10-06T12:45:51Z M_full 33 x 8619625; M_ml 33 x 50000.
2026-10-06T12:46:05Z Quartet counting: 40920 quartets, 4 chunks of up to 10979 (calibration 3660 quartets per second; popcount X86Popcnt).
2026-10-06T12:46:24Z Quartet weighting: 40920 quartets, 476 chunks of up to 86 (calibration 29 quartets per second; model pi1 = 0.500000, 100 resamples).
2026-10-06T12:48:08Z Provisional tree 1: 5% of quartets, in 1.71 s.
2026-10-06T12:50:04Z Provisional tree 2: 10% of quartets, in 1.74 s.
2026-10-06T12:51:54Z Provisional tree 3: 15% of quartets, in 1.90 s.
2026-10-06T12:53:36Z Provisional tree 4: 20% of quartets, in 2.04 s.
2026-10-06T12:55:31Z Provisional tree 5: 25% of quartets, in 2.13 s.
2026-10-06T12:57:19Z Provisional tree 6: 30% of quartets, in 2.03 s.
2026-10-06T12:59:05Z Provisional tree 7: 35% of quartets, in 2.11 s.
2026-10-06T13:00:48Z Provisional tree 8: 40% of quartets, in 2.16 s.
2026-10-06T13:02:42Z Provisional tree 9: 45% of quartets, in 2.24 s.
2026-10-06T13:04:27Z Provisional tree 10: 50% of quartets, in 1.97 s.
2026-10-06T13:06:04Z Provisional tree 11: 55% of quartets, in 2.45 s.
2026-10-06T13:07:48Z Provisional tree 12: 61% of quartets, in 2.47 s.
2026-10-06T13:09:36Z Provisional tree 13: 66% of quartets, in 2.59 s.
2026-10-06T13:11:24Z Provisional tree 14: 71% of quartets, in 2.39 s.
2026-10-06T13:13:15Z Provisional tree 15: 76% of quartets, in 2.47 s.
2026-10-06T13:15:10Z Provisional tree 16: 81% of quartets, in 2.48 s.
2026-10-06T13:16:59Z Provisional tree 17: 86% of quartets, in 2.71 s.
2026-10-06T13:18:44Z Provisional tree 18: 91% of quartets, in 2.72 s.
2026-10-06T13:20:37Z Provisional tree 19: 96% of quartets, in 2.64 s.
2026-10-06T13:22:17Z Amalgamation (wQFM-rs, w2c weights): 114720 weighted quartets, consistency score 15991.0633 of 40920.0000, in 1.2 s.
2026-10-06T13:22:17Z Support: 30 internal edges, S1 from 0.339785 to 0.999978; 33 taxa with a halo value below 0.6; in 0.2 s.
2026-10-06T13:22:25Z Run finished. Root fingerprint: 527088418ad100c183df78322997cc0d312aeae8d444067b8687c66b835e0d9e
