2026-10-09T16:12:14Z Started analysis of D:\q-maws\data\raw\mammal_mtdna\mammal_mtdna.fasta.
2026-10-09T16:12:14Z Ingest: 41 taxa, average length 16647; MAW lengths 3 to 10.
2026-10-09T16:12:14Z MAW extraction: 41 taxa to do, 12 at a time, strand filter on.
2026-10-09T16:12:14Z   Human: 2508 MAWs
2026-10-09T16:12:14Z   Pigmy_chimpanzee: 2697 MAWs
2026-10-09T16:12:14Z   Common_chimpanzee: 2666 MAWs
2026-10-09T16:12:14Z   Gorilla: 2694 MAWs
2026-10-09T16:12:14Z   Gibbon: 2566 MAWs
2026-10-09T16:12:14Z   Baboon: 2738 MAWs
2026-10-09T16:12:14Z   Vervet_monkey: 2595 MAWs
2026-10-09T16:12:14Z   Bornean_orangutan: 2388 MAWs
2026-10-09T16:12:14Z   Sumatran_orangutan: 2521 MAWs
2026-10-09T16:12:14Z   Cat: 3595 MAWs
2026-10-09T16:12:14Z   Dog: 3519 MAWs
2026-10-09T16:12:14Z   Pig: 3129 MAWs
2026-10-09T16:12:14Z   Sheep: 3146 MAWs
2026-10-09T16:12:14Z   Goat: 3255 MAWs
2026-10-09T16:12:14Z   Cow: 3202 MAWs
2026-10-09T16:12:14Z   Buffalo: 3408 MAWs
2026-10-09T16:12:14Z   Wolf: 3742 MAWs
2026-10-09T16:12:14Z   Tiger: 3534 MAWs
2026-10-09T16:12:14Z   Leopard: 3569 MAWs
2026-10-09T16:12:14Z   Indian_Rhinoceros: 2837 MAWs
2026-10-09T16:12:14Z   White_Rhinoceros: 2840 MAWs
2026-10-09T16:12:14Z   Black_Bear: 3916 MAWs
2026-10-09T16:12:14Z   Brown_Bear: 3898 MAWs
2026-10-09T16:12:14Z   Polar_Bear: 3864 MAWs
2026-10-09T16:12:14Z   Giant_Panda: 3950 MAWs
2026-10-09T16:12:14Z   Rabbit: 3262 MAWs
2026-10-09T16:12:14Z   Hedgehog: 3819 MAWs
2026-10-09T16:12:14Z   Macaca_Thibet: 2665 MAWs
2026-10-09T16:12:14Z   Squirrel: 3352 MAWs
2026-10-09T16:12:14Z   Dormouse: 3572 MAWs
2026-10-09T16:12:14Z   Blue_whale: 3061 MAWs
2026-10-09T16:12:14Z   Bowhead_Whale: 2818 MAWs
2026-10-09T16:12:14Z   chiru: 3044 MAWs
2026-10-09T16:12:14Z   Common_warthog: 2951 MAWs
2026-10-09T16:12:14Z   donkey: 2961 MAWs
2026-10-09T16:12:14Z   Fin_Whale: 3104 MAWs
2026-10-09T16:12:14Z   Gray_Whale: 3072 MAWs
2026-10-09T16:12:14Z   horse: 3003 MAWs
2026-10-09T16:12:14Z   Indus_River_Dolphin: 2958 MAWs
2026-10-09T16:12:14Z   North_Pacific_Right_Whale: 2860 MAWs
2026-10-09T16:12:14Z   Taiwan_serow: 2994 MAWs
2026-10-09T16:12:14Z Selected MAW lengths: [7, 8, 9]
2026-10-09T16:12:14Z Full matrix: 41 taxa x 41279 columns, estimated 1 MB (memory limit 771 MB).
2026-10-09T16:12:14Z M_full 41 x 41279; M_ml 41 x 41279.
2026-10-09T16:12:15Z Quartet counting: 101270 quartets, 1 chunks of up to 101270 (calibration 5586026 quartets per second; popcount X86Popcnt).
2026-10-09T16:12:15Z Quartet weighting: 101270 quartets, 134 chunks of up to 756 (calibration 252 quartets per second; model pi1 = 0.500000, 100 resamples).
2026-10-09T16:14:11Z Provisional tree 1: 5% of quartets, in 2.56 s.
2026-10-09T16:16:22Z Provisional tree 2: 10% of quartets, in 2.51 s.
2026-10-09T16:18:32Z Provisional tree 3: 16% of quartets, in 2.75 s.
2026-10-09T16:20:42Z Provisional tree 4: 21% of quartets, in 3.06 s.
2026-10-09T16:22:54Z Provisional tree 5: 26% of quartets, in 3.63 s.
2026-10-09T16:25:03Z Provisional tree 6: 31% of quartets, in 3.55 s.
2026-10-09T16:27:20Z Provisional tree 7: 37% of quartets, in 3.81 s.
2026-10-09T16:29:34Z Provisional tree 8: 42% of quartets, in 3.94 s.
2026-10-09T16:31:53Z Provisional tree 9: 47% of quartets, in 3.89 s.
2026-10-09T16:34:09Z Provisional tree 10: 52% of quartets, in 4.13 s.
2026-10-09T16:36:23Z Provisional tree 11: 57% of quartets, in 4.29 s.
2026-10-09T16:38:35Z Provisional tree 12: 63% of quartets, in 4.41 s.
2026-10-09T16:40:43Z Provisional tree 13: 68% of quartets, in 5.02 s.
2026-10-09T16:42:48Z Provisional tree 14: 73% of quartets, in 5.18 s.
2026-10-09T16:45:03Z Provisional tree 15: 78% of quartets, in 5.24 s.
2026-10-09T16:47:25Z Provisional tree 16: 84% of quartets, in 5.57 s.
2026-10-09T16:49:49Z Provisional tree 17: 89% of quartets, in 6.26 s.
2026-10-09T16:52:20Z Provisional tree 18: 94% of quartets, in 6.48 s.
2026-10-09T16:54:53Z Provisional tree 19: 99% of quartets, in 5.89 s.
2026-10-09T16:55:15Z Amalgamation (wQFM-rs, w2c weights): 286658 weighted quartets, consistency score 42714.2500 of 101270.0000, in 3.9 s.
2026-10-09T16:55:15Z Support: 38 internal edges, S1 from 0.367335 to 0.996686; 41 taxa with a halo value below 0.6; in 0.2 s.
2026-10-09T16:55:15Z Bootstrap (S2): 100 replicates, Poisson(1) column weights, W2b weights inside.
2026-10-09T18:10:37Z Bootstrap (S2): 100 replicates; 38 internal edges, S2 from 0.000 to 1.000; split frequencies in 0.2 s.
2026-10-09T18:10:41Z Run finished. Root fingerprint: 94328c69511d32b48c05a0dd35305231c29a5d79e4dd466356c712200b741b80
