2026-10-09T09:50:02Z Started analysis of D:\q-maws\data\raw\fish_mito\assembled-fish_mito.
2026-10-09T09:50:02Z Ingest: 25 taxa, average length 16618; MAW lengths 3 to 10.
2026-10-09T09:50:02Z MAW extraction: 25 taxa to do, 12 at a time, strand filter on.
2026-10-09T09:50:02Z   NC_009057: 3299 MAWs
2026-10-09T09:50:02Z   NC_009058: 3293 MAWs
2026-10-09T09:50:02Z   NC_009059: 4024 MAWs
2026-10-09T09:50:02Z   NC_009060: 4159 MAWs
2026-10-09T09:50:02Z   NC_009062: 3472 MAWs
2026-10-09T09:50:02Z   NC_009063: 3612 MAWs
2026-10-09T09:50:02Z   NC_009064: 3392 MAWs
2026-10-09T09:50:02Z   NC_009065: 3506 MAWs
2026-10-09T09:50:02Z   NC_009066: 4081 MAWs
2026-10-09T09:50:02Z   NC_009067: 3818 MAWs
2026-10-09T09:50:02Z   NC_009459: 3665 MAWs
2026-10-09T09:50:02Z   NC_010205: 4036 MAWs
2026-10-09T09:50:02Z   NC_011168: 3328 MAWs
2026-10-09T09:50:02Z   NC_011169: 3142 MAWs
2026-10-09T09:50:02Z   NC_011170: 3458 MAWs
2026-10-09T09:50:02Z   NC_011171: 3571 MAWs
2026-10-09T09:50:02Z   NC_011177: 3207 MAWs
2026-10-09T09:50:02Z   NC_011179: 3395 MAWs
2026-10-09T09:50:02Z   NC_012055: 3833 MAWs
2026-10-09T09:50:02Z   NC_013564: 3398 MAWs
2026-10-09T09:50:02Z   NC_013577: 3487 MAWs
2026-10-09T09:50:02Z   NC_013663: 3459 MAWs
2026-10-09T09:50:02Z   NC_013750: 3281 MAWs
2026-10-09T09:50:02Z   NC_018814: 3577 MAWs
2026-10-09T09:50:02Z   NC_018815: 3500 MAWs
2026-10-09T09:50:02Z Selected MAW lengths: [7, 8, 9]
2026-10-09T09:50:02Z Full matrix: 25 taxa x 36217 columns, estimated 1 MB (memory limit 1207 MB).
2026-10-09T09:50:02Z M_full 25 x 36217; M_ml 25 x 36217.
2026-10-09T09:50:03Z Quartet counting: 12650 quartets, 1 chunks of up to 12650 (calibration 2666470 quartets per second; popcount X86Popcnt).
2026-10-09T09:50:03Z Quartet weighting: 12650 quartets, 20 chunks of up to 647 (calibration 216 quartets per second; model pi1 = 0.500000, 100 resamples).
2026-10-09T09:50:13Z Provisional tree 1: 5% of quartets, in 2.07 s.
2026-10-09T09:50:13Z Provisional tree took 2.1 s of a 10.8 s interval (over 10%); updating every 10% or 360 s from now on.
2026-10-09T09:50:45Z Provisional tree 2: 15% of quartets, in 1.55 s.
2026-10-09T09:51:16Z Provisional tree 3: 26% of quartets, in 1.45 s.
2026-10-09T09:51:46Z Provisional tree 4: 36% of quartets, in 1.06 s.
2026-10-09T09:52:15Z Provisional tree 5: 46% of quartets, in 0.94 s.
2026-10-09T09:52:44Z Provisional tree 6: 56% of quartets, in 1.13 s.
2026-10-09T09:53:10Z Provisional tree 7: 66% of quartets, in 0.94 s.
2026-10-09T09:53:39Z Provisional tree 8: 77% of quartets, in 0.90 s.
2026-10-09T09:54:07Z Provisional tree 9: 87% of quartets, in 1.12 s.
2026-10-09T09:54:31Z Provisional tree 10: 97% of quartets, in 1.03 s.
2026-10-09T09:54:38Z Amalgamation (wQFM-rs, w2c weights): 35569 weighted quartets, consistency score 5472.4317 of 12650.0000, in 0.1 s.
2026-10-09T09:54:38Z Support: 22 internal edges, S1 from 0.343235 to 0.980349; 25 taxa with a halo value below 0.6; in 0.0 s.
2026-10-09T09:54:40Z Run finished. Root fingerprint: b301ae92bc46854ed478d7c10864268e7078f80902e102922ea58e4f95ad9d21
