2026-10-08T13:59:48Z Started analysis of D:\q-maws\data\raw\sim_hgt\simulated-sim_hgt\hgt_0.
2026-10-08T13:59:49Z Ingest: 33 taxa, average length 2180698; MAW lengths 5 to 14.
2026-10-08T13:59:49Z MAW extraction: 33 taxa to do, 5 at a time, strand filter on.
2026-10-08T13:59:58Z   Species1: 546275 MAWs
2026-10-08T13:59:58Z   Species10: 706324 MAWs
2026-10-08T13:59:58Z   Species11: 630655 MAWs
2026-10-08T13:59:58Z   Species12: 531113 MAWs
2026-10-08T13:59:58Z   Species13: 565503 MAWs
2026-10-08T14:00:09Z   Species14: 620762 MAWs
2026-10-08T14:00:09Z   Species15: 559621 MAWs
2026-10-08T14:00:10Z   Species16: 726989 MAWs
2026-10-08T14:00:10Z   Species17: 720161 MAWs
2026-10-08T14:00:10Z   Species18: 577241 MAWs
2026-10-08T14:00:21Z   Species19: 716422 MAWs
2026-10-08T14:00:21Z   Species2: 634692 MAWs
2026-10-08T14:00:21Z   Species20: 745008 MAWs
2026-10-08T14:00:21Z   Species21: 607573 MAWs
2026-10-08T14:00:21Z   Species22: 593582 MAWs
2026-10-08T14:00:33Z   Species23: 712057 MAWs
2026-10-08T14:00:33Z   Species24: 659857 MAWs
2026-10-08T14:00:33Z   Species25: 793495 MAWs
2026-10-08T14:00:33Z   Species26: 595178 MAWs
2026-10-08T14:00:33Z   Species27: 558917 MAWs
2026-10-08T14:00:46Z   Species28: 617209 MAWs
2026-10-08T14:00:46Z   Species29: 781148 MAWs
2026-10-08T14:00:46Z   Species3: 742989 MAWs
2026-10-08T14:00:46Z   Species30: 780307 MAWs
2026-10-08T14:00:46Z   Species31: 634930 MAWs
2026-10-08T14:00:58Z   Species32: 588621 MAWs
2026-10-08T14:00:58Z   Species33: 740090 MAWs
2026-10-08T14:00:58Z   Species4: 687407 MAWs
2026-10-08T14:00:58Z   Species5: 574279 MAWs
2026-10-08T14:00:58Z   Species6: 775784 MAWs
2026-10-08T14:01:06Z   Species7: 751886 MAWs
2026-10-08T14:01:06Z   Species8: 736731 MAWs
2026-10-08T14:01:06Z   Species9: 721868 MAWs
2026-10-08T14:01:10Z Selected MAW lengths: [10, 11, 12]
2026-10-08T14:01:14Z Full matrix: 33 taxa x 8571894 columns, estimated 147 MB (memory limit 958 MB).
2026-10-08T14:01:24Z M_full 33 x 8571894; M_ml 33 x 50000.
2026-10-08T14:01:40Z Quartet counting: 40920 quartets, 5 chunks of up to 8710 (calibration 2903 quartets per second; popcount X86Popcnt).
2026-10-08T14:02:09Z Quartet weighting: 40920 quartets, 694 chunks of up to 59 (calibration 20 quartets per second; model pi1 = 0.500000, 100 resamples).
2026-10-08T14:04:21Z Provisional tree 1: 5% of quartets, in 1.93 s.
2026-10-08T14:06:41Z Provisional tree 2: 10% of quartets, in 2.16 s.
2026-10-08T14:08:53Z Provisional tree 3: 15% of quartets, in 2.19 s.
2026-10-08T14:11:08Z Provisional tree 4: 20% of quartets, in 2.20 s.
2026-10-08T14:13:21Z Provisional tree 5: 25% of quartets, in 2.31 s.
2026-10-08T14:15:17Z Provisional tree 6: 30% of quartets, in 2.42 s.
2026-10-08T14:17:29Z Provisional tree 7: 35% of quartets, in 2.58 s.
2026-10-08T14:19:32Z Provisional tree 8: 40% of quartets, in 2.59 s.
2026-10-08T14:21:42Z Provisional tree 9: 45% of quartets, in 2.49 s.
2026-10-08T14:23:56Z Provisional tree 10: 50% of quartets, in 11.85 s.
2026-10-08T14:25:57Z Provisional tree 11: 56% of quartets, in 3.14 s.
2026-10-08T14:29:10Z Provisional tree 12: 60% of quartets, in 6.90 s.
2026-10-08T14:32:23Z Provisional tree 13: 64% of quartets, in 6.86 s.
2026-10-08T14:35:34Z Provisional tree 14: 67% of quartets, in 7.27 s.
2026-10-08T14:38:48Z Provisional tree 15: 70% of quartets, in 6.97 s.
2026-10-08T14:41:55Z Provisional tree 16: 73% of quartets, in 6.60 s.
2026-10-08T14:45:08Z Provisional tree 17: 76% of quartets, in 6.49 s.
2026-10-08T14:48:20Z Provisional tree 18: 80% of quartets, in 7.18 s.
2026-10-08T14:51:31Z Provisional tree 19: 83% of quartets, in 7.92 s.
2026-10-08T14:54:39Z Provisional tree 20: 85% of quartets, in 7.56 s.
2026-10-08T14:57:48Z Provisional tree 21: 88% of quartets, in 7.83 s.
2026-10-08T15:00:57Z Provisional tree 22: 92% of quartets, in 7.58 s.
2026-10-08T15:04:11Z Provisional tree 23: 95% of quartets, in 7.51 s.
2026-10-08T15:07:25Z Provisional tree 24: 99% of quartets, in 8.20 s.
2026-10-08T15:08:46Z Amalgamation (wQFM-rs, w2c weights): 112746 weighted quartets, consistency score 16707.5100 of 40920.0000, in 3.2 s.
2026-10-08T15:08:47Z Support: 30 internal edges, S1 from 0.353004 to 1.000000; 33 taxa with a halo value below 0.6; in 0.7 s.
2026-10-08T15:09:16Z Run finished. Root fingerprint: a4207a39f5351bd378af224c59a34bc74ff8f4f887787fd9538f1549df37238d
