2026-10-09T14:25:06Z Started analysis of D:\q-maws\data\raw\coronavirus\coronavirus.fasta.
2026-10-09T14:25:06Z Ingest: 34 taxa, average length 27565; MAW lengths 3 to 10.
2026-10-09T14:25:06Z MAW extraction: 34 taxa to do, 12 at a time, strand filter on.
2026-10-09T14:25:06Z   1_HCoV-229E: 6873 MAWs
2026-10-09T14:25:06Z   1_PEDV: 7317 MAWs
2026-10-09T14:25:06Z   1_HCoV-NL63: 5719 MAWs
2026-10-09T14:25:06Z   2_HCoV-OC43: 7176 MAWs
2026-10-09T14:25:06Z   2_BCoVM: 7094 MAWs
2026-10-09T14:25:06Z   2_BCoVL: 7238 MAWs
2026-10-09T14:25:06Z   2_BCoVQ: 7173 MAWs
2026-10-09T14:25:06Z   2_BCoV: 7209 MAWs
2026-10-09T14:25:06Z   2_MHVM: 7754 MAWs
2026-10-09T14:25:06Z   2_MHV2: 7785 MAWs
2026-10-09T14:25:06Z   2_MHVP: 7590 MAWs
2026-10-09T14:25:06Z   2_MHV: 7745 MAWs
2026-10-09T14:25:06Z   3_IBV: 6990 MAWs
2026-10-09T14:25:06Z   3_TCoV: 6962 MAWs
2026-10-09T14:25:06Z   4_BJ01: 7979 MAWs
2026-10-09T14:25:06Z   4_Urbani: 8006 MAWs
2026-10-09T14:25:06Z   4_HKU-39849: 7992 MAWs
2026-10-09T14:25:06Z   4_CUHK-W1: 8009 MAWs
2026-10-09T14:25:06Z   4_CUHK-Su10: 7968 MAWs
2026-10-09T14:25:06Z   4_SIN2500: 7990 MAWs
2026-10-09T14:25:06Z   4_SIN2677: 7998 MAWs
2026-10-09T14:25:06Z   4_SIN2679: 7980 MAWs
2026-10-09T14:25:06Z   4_SIN2748: 7996 MAWs
2026-10-09T14:25:06Z   4_SIN2774: 7996 MAWs
2026-10-09T14:25:06Z   4_TW1: 7990 MAWs
2026-10-09T14:25:06Z   4_TOR2: 7988 MAWs
2026-10-09T14:25:06Z   4_ZJ01: 8041 MAWs
2026-10-09T14:25:06Z   4_Civet007: 7983 MAWs
2026-10-09T14:25:06Z   4_Civet010: 8019 MAWs
2026-10-09T14:25:06Z   5_HCoV-HKU1: 5615 MAWs
2026-10-09T14:25:06Z   out_CellF: 3111 MAWs
2026-10-09T14:25:06Z   out_HepaCF: 2929 MAWs
2026-10-09T14:25:06Z   out_NyongT: 3126 MAWs
2026-10-09T14:25:06Z   out_RossT: 3236 MAWs
2026-10-09T14:25:06Z Selected MAW lengths: [7, 8, 9]
2026-10-09T14:25:06Z Full matrix: 34 taxa x 57473 columns, estimated 1 MB (memory limit 608 MB).
2026-10-09T14:25:06Z M_full 34 x 57473; M_ml 34 x 50000.
2026-10-09T14:25:06Z Quartet counting: 46376 quartets, 1 chunks of up to 46376 (calibration 4875423 quartets per second; popcount X86Popcnt).
2026-10-09T14:25:09Z Quartet weighting: 46376 quartets, 180 chunks of up to 258 (calibration 86 quartets per second; model pi1 = 0.500000, 100 resamples).
2026-10-09T14:27:48Z Provisional tree 1: 5% of quartets, in 1.71 s.
2026-10-09T14:30:30Z Provisional tree 2: 10% of quartets, in 1.44 s.
2026-10-09T14:33:21Z Provisional tree 3: 15% of quartets, in 1.47 s.
2026-10-09T14:36:01Z Provisional tree 4: 20% of quartets, in 1.35 s.
2026-10-09T14:38:48Z Provisional tree 5: 25% of quartets, in 1.57 s.
2026-10-09T14:41:26Z Provisional tree 6: 30% of quartets, in 1.53 s.
2026-10-09T14:43:51Z Provisional tree 7: 35% of quartets, in 1.67 s.
2026-10-09T14:46:24Z Provisional tree 8: 40% of quartets, in 1.54 s.
2026-10-09T14:49:05Z Provisional tree 9: 45% of quartets, in 1.60 s.
2026-10-09T14:51:51Z Provisional tree 10: 50% of quartets, in 1.62 s.
2026-10-09T14:54:33Z Provisional tree 11: 55% of quartets, in 1.65 s.
2026-10-09T14:57:24Z Provisional tree 12: 60% of quartets, in 1.78 s.
2026-10-09T15:00:23Z Provisional tree 13: 65% of quartets, in 9.80 s.
2026-10-09T15:02:56Z Provisional tree 14: 70% of quartets, in 1.78 s.
2026-10-09T15:05:37Z Provisional tree 15: 75% of quartets, in 1.64 s.
2026-10-09T15:08:13Z Provisional tree 16: 80% of quartets, in 1.70 s.
2026-10-09T15:10:38Z Provisional tree 17: 85% of quartets, in 1.74 s.
2026-10-09T15:13:21Z Provisional tree 18: 90% of quartets, in 1.61 s.
2026-10-09T15:15:56Z Provisional tree 19: 95% of quartets, in 1.64 s.
2026-10-09T15:18:42Z Amalgamation (wQFM-rs, w2c weights): 90178 weighted quartets, consistency score 33148.3833 of 46376.0000, in 0.4 s.
2026-10-09T15:18:42Z Support: 31 internal edges, S1 from 0.493414 to 0.999991; 0 taxa with a halo value below 0.6; in 0.1 s.
2026-10-09T15:18:42Z Bootstrap (S2): 100 replicates, Poisson(1) column weights, W2b weights inside.
2026-10-09T16:12:03Z Bootstrap (S2): 100 replicates; 31 internal edges, S2 from 0.000 to 1.000; split frequencies in 0.1 s.
2026-10-09T16:12:08Z Run finished. Root fingerprint: 4b30bc98b8e99d34561d9ad3ee9529e694ddc27f9feb0755a1077959f1248bdd
