2026-10-09T11:36:19Z Started analysis of D:\q-maws\data\raw\fish_mito\assembled-fish_mito.
2026-10-09T11:36:19Z Ingest: 25 taxa, average length 16618; MAW lengths 3 to 10.
2026-10-09T11:36:19Z MAW extraction: 25 taxa to do, 12 at a time, strand filter on.
2026-10-09T11:36:19Z   NC_009057: 3299 MAWs
2026-10-09T11:36:19Z   NC_009058: 3293 MAWs
2026-10-09T11:36:19Z   NC_009059: 4024 MAWs
2026-10-09T11:36:19Z   NC_009060: 4159 MAWs
2026-10-09T11:36:19Z   NC_009062: 3472 MAWs
2026-10-09T11:36:19Z   NC_009063: 3612 MAWs
2026-10-09T11:36:19Z   NC_009064: 3392 MAWs
2026-10-09T11:36:19Z   NC_009065: 3506 MAWs
2026-10-09T11:36:19Z   NC_009066: 4081 MAWs
2026-10-09T11:36:19Z   NC_009067: 3818 MAWs
2026-10-09T11:36:19Z   NC_009459: 3665 MAWs
2026-10-09T11:36:19Z   NC_010205: 4036 MAWs
2026-10-09T11:36:19Z   NC_011168: 3328 MAWs
2026-10-09T11:36:19Z   NC_011169: 3142 MAWs
2026-10-09T11:36:19Z   NC_011170: 3458 MAWs
2026-10-09T11:36:19Z   NC_011171: 3571 MAWs
2026-10-09T11:36:19Z   NC_011177: 3207 MAWs
2026-10-09T11:36:19Z   NC_011179: 3395 MAWs
2026-10-09T11:36:19Z   NC_012055: 3833 MAWs
2026-10-09T11:36:19Z   NC_013564: 3398 MAWs
2026-10-09T11:36:19Z   NC_013577: 3487 MAWs
2026-10-09T11:36:19Z   NC_013663: 3459 MAWs
2026-10-09T11:36:19Z   NC_013750: 3281 MAWs
2026-10-09T11:36:19Z   NC_018814: 3577 MAWs
2026-10-09T11:36:19Z   NC_018815: 3500 MAWs
2026-10-09T11:36:19Z Selected MAW lengths: [7, 8, 9]
2026-10-09T11:36:19Z Full matrix: 25 taxa x 36217 columns, estimated 1 MB (memory limit 874 MB).
2026-10-09T11:36:19Z M_full 25 x 36217; M_ml 25 x 36217.
2026-10-09T11:36:19Z Quartet counting: 12650 quartets, 1 chunks of up to 12650 (calibration 1609804 quartets per second; popcount X86Popcnt).
2026-10-09T11:36:20Z Quartet weighting: 12650 quartets, 24 chunks of up to 537 (calibration 179 quartets per second; model pi1 = 0.500000, 100 resamples).
2026-10-09T11:36:38Z Provisional tree 1: 8% of quartets, in 2.45 s.
2026-10-09T11:36:38Z Provisional tree took 2.4 s of a 19.0 s interval (over 10%); updating every 10% or 360 s from now on.
2026-10-09T11:37:11Z Provisional tree 2: 21% of quartets, in 1.05 s.
2026-10-09T11:37:42Z Provisional tree 3: 34% of quartets, in 1.47 s.
2026-10-09T11:38:14Z Provisional tree 4: 47% of quartets, in 1.56 s.
2026-10-09T11:38:45Z Provisional tree 5: 59% of quartets, in 0.95 s.
2026-10-09T11:39:20Z Provisional tree 6: 72% of quartets, in 1.04 s.
2026-10-09T11:39:55Z Provisional tree 7: 85% of quartets, in 0.98 s.
2026-10-09T11:40:29Z Provisional tree 8: 98% of quartets, in 1.08 s.
2026-10-09T11:40:35Z Amalgamation (wQFM-rs, w2c weights): 35558 weighted quartets, consistency score 5473.2967 of 12650.0000, in 0.1 s.
2026-10-09T11:40:35Z Support: 22 internal edges, S1 from 0.333050 to 0.979447; 25 taxa with a halo value below 0.6; in 0.0 s.
2026-10-09T11:40:37Z Run finished. Root fingerprint: f500c5cde5cdb0f222ca7c94e618ac188a80b2e7c4d80d0989ff68fc1a8b4087
