2026-10-09T09:54:45Z Started analysis of D:\q-maws\data\raw\ecoli\assembled-ecoli.
2026-10-09T09:54:46Z Ingest: 29 taxa, average length 4894999; MAW lengths 5 to 14.
2026-10-09T09:54:48Z MAW extraction: 29 taxa to do, 1 at a time, strand filter on.
2026-10-09T09:55:00Z   536: 1522012 MAWs
2026-10-09T09:55:21Z   APEC01: 1586558 MAWs
2026-10-09T09:55:32Z   ATCC8739: 1443661 MAWs
2026-10-09T09:55:42Z   B18BS512: 1308398 MAWs
2026-10-09T09:55:53Z   B4Sb227: 1291285 MAWs
2026-10-09T09:56:04Z   BW2952: 1390514 MAWs
2026-10-09T09:56:15Z   CB9615: 1673273 MAWs
2026-10-09T09:56:30Z   CFT073: 1625061 MAWs
2026-10-09T09:56:40Z   D1Sd197: 1210822 MAWs
2026-10-09T09:56:51Z   DH10B: 1392167 MAWs
2026-10-09T09:57:04Z   E234869: 1519918 MAWs
2026-10-09T09:57:19Z   E24377A: 1526158 MAWs
2026-10-09T09:57:34Z   ED1a: 1619557 MAWs
2026-10-09T09:57:51Z   EDL933: 1708440 MAWs
2026-10-09T09:58:05Z   F2a2457T: 1353005 MAWs
2026-10-09T09:58:19Z   F2a301: 1370351 MAWs
2026-10-09T09:58:35Z   F5b8401: 1360074 MAWs
2026-10-09T09:58:47Z   HS: 1407716 MAWs
2026-10-09T09:59:01Z   IAI1: 1453489 MAWs
2026-10-09T09:59:16Z   IAI39: 1559488 MAWs
2026-10-09T09:59:30Z   MG1655: 1414971 MAWs
2026-10-09T09:59:47Z   S88: 1541629 MAWs
2026-10-09T10:00:04Z   SE11: 1505647 MAWs
2026-10-09T10:00:22Z   SMS35: 1558465 MAWs
2026-10-09T10:00:38Z   SSSs046: 1387587 MAWs
2026-10-09T10:00:59Z   Sakai: 1719556 MAWs
2026-10-09T10:01:18Z   UMN026: 1598510 MAWs
2026-10-09T10:01:37Z   UTI89: 1560505 MAWs
2026-10-09T10:01:54Z   W3110: 1421754 MAWs
2026-10-09T10:01:58Z Selected MAW lengths: [11, 12, 13]
2026-10-09T10:02:03Z Full matrix: 29 taxa x 7374035 columns, estimated 123 MB (memory limit 1058 MB).
2026-10-09T10:02:12Z M_full 29 x 7374035; M_ml 29 x 50000.
2026-10-09T10:02:22Z Quartet counting: 23751 quartets, 3 chunks of up to 9536 (calibration 3179 quartets per second; popcount X86Popcnt).
2026-10-09T10:03:11Z Quartet weighting: 23751 quartets, 1584 chunks of up to 15 (calibration 5 quartets per second; model pi1 = 0.500000, 100 resamples).
2026-10-09T10:05:35Z Provisional tree 1: 2% of quartets, in 1.94 s.
2026-10-09T10:08:39Z Provisional tree 2: 4% of quartets, in 1.22 s.
2026-10-09T10:11:41Z Provisional tree 3: 8% of quartets, in 0.90 s.
2026-10-09T10:14:45Z Provisional tree 4: 11% of quartets, in 0.89 s.
2026-10-09T10:17:49Z Provisional tree 5: 14% of quartets, in 0.84 s.
2026-10-09T10:20:53Z Provisional tree 6: 18% of quartets, in 0.95 s.
2026-10-09T10:23:54Z Provisional tree 7: 22% of quartets, in 0.87 s.
2026-10-09T10:26:56Z Provisional tree 8: 26% of quartets, in 0.94 s.
2026-10-09T10:30:00Z Provisional tree 9: 30% of quartets, in 0.99 s.
2026-10-09T10:33:05Z Provisional tree 10: 34% of quartets, in 1.52 s.
2026-10-09T10:36:07Z Provisional tree 11: 38% of quartets, in 1.28 s.
2026-10-09T10:39:09Z Provisional tree 12: 40% of quartets, in 1.23 s.
2026-10-09T10:42:10Z Provisional tree 13: 43% of quartets, in 0.96 s.
2026-10-09T10:45:14Z Provisional tree 14: 47% of quartets, in 1.15 s.
2026-10-09T10:48:19Z Provisional tree 15: 50% of quartets, in 0.97 s.
2026-10-09T10:51:22Z Provisional tree 16: 54% of quartets, in 1.53 s.
2026-10-09T10:54:24Z Provisional tree 17: 57% of quartets, in 1.11 s.
2026-10-09T10:57:26Z Provisional tree 18: 61% of quartets, in 1.02 s.
2026-10-09T11:00:29Z Provisional tree 19: 65% of quartets, in 1.14 s.
2026-10-09T11:03:33Z Provisional tree 20: 69% of quartets, in 1.53 s.
2026-10-09T11:06:38Z Provisional tree 21: 71% of quartets, in 1.48 s.
2026-10-09T11:09:50Z Provisional tree 22: 74% of quartets, in 6.72 s.
2026-10-09T11:12:55Z Provisional tree 23: 76% of quartets, in 1.54 s.
2026-10-09T11:16:00Z Provisional tree 24: 79% of quartets, in 1.39 s.
2026-10-09T11:19:02Z Provisional tree 25: 81% of quartets, in 1.57 s.
2026-10-09T11:22:05Z Provisional tree 26: 85% of quartets, in 1.04 s.
2026-10-09T11:25:08Z Provisional tree 27: 89% of quartets, in 1.25 s.
2026-10-09T11:28:10Z Provisional tree 28: 93% of quartets, in 1.08 s.
2026-10-09T11:31:12Z Provisional tree 29: 95% of quartets, in 1.72 s.
2026-10-09T11:34:18Z Provisional tree 30: 98% of quartets, in 1.91 s.
2026-10-09T11:35:51Z Amalgamation (wQFM-rs, w2c weights): 40022 weighted quartets, consistency score 16288.3217 of 23751.0000, in 0.6 s.
2026-10-09T11:35:52Z Support: 26 internal edges, S1 from 0.458424 to 0.987379; 0 taxa with a halo value below 0.6; in 0.6 s.
2026-10-09T11:36:11Z Run finished. Root fingerprint: 33f33e8880fb16cf3a25c76c0bf668487e134f79ac4dd585178d86276a302829
