2026-10-07T04:37:59Z Started analysis of D:\q-maws\data\raw\sim_hgt\simulated-sim_hgt\hgt_500.
2026-10-07T04:38:01Z Ingest: 33 taxa, average length 2205064; MAW lengths 5 to 14.
2026-10-07T04:38:01Z MAW extraction: 33 taxa to do, 4 at a time, strand filter on.
2026-10-07T04:38:21Z   Species1: 567609 MAWs
2026-10-07T04:38:21Z   Species10: 751896 MAWs
2026-10-07T04:38:21Z   Species11: 642019 MAWs
2026-10-07T04:38:22Z   Species12: 549830 MAWs
2026-10-07T04:38:41Z   Species13: 566970 MAWs
2026-10-07T04:38:41Z   Species14: 638922 MAWs
2026-10-07T04:38:41Z   Species15: 565778 MAWs
2026-10-07T04:38:41Z   Species16: 738633 MAWs
2026-10-07T04:39:03Z   Species17: 731766 MAWs
2026-10-07T04:39:03Z   Species18: 610719 MAWs
2026-10-07T04:39:03Z   Species19: 749442 MAWs
2026-10-07T04:39:04Z   Species2: 651290 MAWs
2026-10-07T04:39:29Z   Species20: 800173 MAWs
2026-10-07T04:39:29Z   Species21: 618136 MAWs
2026-10-07T04:39:29Z   Species22: 621910 MAWs
2026-10-07T04:39:29Z   Species23: 738016 MAWs
2026-10-07T04:39:55Z   Species24: 668922 MAWs
2026-10-07T04:39:55Z   Species25: 823082 MAWs
2026-10-07T04:39:55Z   Species26: 607279 MAWs
2026-10-07T04:39:55Z   Species27: 564400 MAWs
2026-10-07T04:41:14Z   Species28: 632047 MAWs
2026-10-07T04:41:14Z   Species29: 820606 MAWs
2026-10-07T04:41:14Z   Species3: 765308 MAWs
2026-10-07T04:41:14Z   Species30: 818907 MAWs
2026-10-07T04:41:40Z   Species31: 649388 MAWs
2026-10-07T04:41:40Z   Species32: 606889 MAWs
2026-10-07T04:41:40Z   Species33: 767563 MAWs
2026-10-07T04:41:40Z   Species4: 695919 MAWs
2026-10-07T04:42:07Z   Species5: 587780 MAWs
2026-10-07T04:42:07Z   Species6: 817040 MAWs
2026-10-07T04:42:07Z   Species7: 763763 MAWs
2026-10-07T04:42:07Z   Species8: 756965 MAWs
2026-10-07T04:42:22Z   Species9: 718583 MAWs
2026-10-07T04:42:31Z Selected MAW lengths: [10, 11, 12]
2026-10-07T04:42:41Z Full matrix: 33 taxa x 8617194 columns, estimated 148 MB (memory limit 871 MB).
2026-10-07T04:43:02Z M_full 33 x 8617194; M_ml 33 x 50000.
2026-10-07T04:43:31Z Quartet counting: 40920 quartets, 8 chunks of up to 5358 (calibration 1786 quartets per second; popcount X86Popcnt).
2026-10-07T04:44:38Z Quartet weighting: 40920 quartets, 1637 chunks of up to 25 (calibration 8 quartets per second; model pi1 = 0.500000, 100 resamples).
2026-10-07T04:47:27Z Provisional tree 1: 1% of quartets, in 4.98 s.
2026-10-07T04:50:31Z Provisional tree 2: 3% of quartets, in 3.93 s.
2026-10-07T04:53:38Z Provisional tree 3: 5% of quartets, in 4.33 s.
2026-10-07T04:56:46Z Provisional tree 4: 7% of quartets, in 4.48 s.
2026-10-07T04:59:51Z Provisional tree 5: 9% of quartets, in 5.36 s.
2026-10-07T05:02:57Z Provisional tree 6: 11% of quartets, in 3.78 s.
2026-10-07T05:06:09Z Provisional tree 7: 13% of quartets, in 5.52 s.
2026-10-07T05:09:19Z Provisional tree 8: 14% of quartets, in 4.84 s.
2026-10-07T05:12:30Z Provisional tree 9: 16% of quartets, in 7.42 s.
2026-10-07T05:15:49Z Provisional tree 10: 17% of quartets, in 6.36 s.
2026-10-07T05:19:03Z Provisional tree 11: 18% of quartets, in 7.09 s.
2026-10-07T05:22:19Z Provisional tree 12: 19% of quartets, in 8.38 s.
2026-10-07T05:26:12Z Provisional tree 13: 20% of quartets, in 26.91 s.
2026-10-07T05:26:12Z Provisional tree took 26.9 s of a 233.4 s interval (over 10%); updating every 10% or 360 s from now on.
2026-10-07T05:32:22Z Provisional tree 14: 24% of quartets, in 4.07 s.
2026-10-07T05:38:27Z Provisional tree 15: 27% of quartets, in 5.09 s.
2026-10-07T05:44:34Z Provisional tree 16: 29% of quartets, in 6.00 s.
2026-10-07T05:50:56Z Provisional tree 17: 34% of quartets, in 19.10 s.
2026-10-07T05:57:01Z Provisional tree 18: 38% of quartets, in 4.73 s.
2026-10-07T06:03:12Z Provisional tree 19: 41% of quartets, in 5.64 s.
2026-10-07T06:09:36Z Provisional tree 20: 45% of quartets, in 19.88 s.
2026-10-07T06:15:42Z Provisional tree 21: 48% of quartets, in 5.05 s.
2026-10-07T06:21:48Z Provisional tree 22: 53% of quartets, in 4.57 s.
2026-10-07T06:27:57Z Provisional tree 23: 58% of quartets, in 4.59 s.
2026-10-07T06:34:03Z Provisional tree 24: 63% of quartets, in 4.56 s.
2026-10-07T06:40:10Z Provisional tree 25: 68% of quartets, in 4.54 s.
2026-10-07T06:46:19Z Provisional tree 26: 72% of quartets, in 4.75 s.
2026-10-07T06:52:25Z Provisional tree 27: 78% of quartets, in 4.80 s.
2026-10-07T06:58:33Z Provisional tree 28: 81% of quartets, in 7.05 s.
2026-10-07T07:04:42Z Provisional tree 29: 85% of quartets, in 8.61 s.
2026-10-07T07:10:57Z Provisional tree 30: 88% of quartets, in 7.16 s.
2026-10-07T07:17:07Z Provisional tree 31: 92% of quartets, in 7.53 s.
2026-10-07T07:23:16Z Provisional tree 32: 95% of quartets, in 7.55 s.
2026-10-07T07:29:28Z Provisional tree 33: 99% of quartets, in 7.82 s.
2026-10-07T07:31:15Z Amalgamation (wQFM-rs, w2c weights): 113648 weighted quartets, consistency score 16427.0083 of 40920.0000, in 4.2 s.
2026-10-07T07:31:16Z Support: 30 internal edges, S1 from 0.339971 to 1.000000; 33 taxa with a halo value below 0.6; in 1.1 s.
2026-10-07T07:31:39Z Run finished. Root fingerprint: ffd9717bbfbc76d5d58837e5c23b4303ddab82beda81c65b9739533f8d736d20
