2026-10-08T21:46:46Z Started analysis of D:\q-maws\data\raw\fish_mito\assembled-fish_mito.
2026-10-08T21:46:46Z Ingest: 25 taxa, average length 16618; MAW lengths 3 to 10.
2026-10-08T21:46:46Z MAW extraction: 25 taxa to do, 12 at a time, strand filter on.
2026-10-08T21:46:46Z   NC_009057: 3299 MAWs
2026-10-08T21:46:46Z   NC_009058: 3293 MAWs
2026-10-08T21:46:46Z   NC_009059: 4024 MAWs
2026-10-08T21:46:46Z   NC_009060: 4159 MAWs
2026-10-08T21:46:46Z   NC_009062: 3472 MAWs
2026-10-08T21:46:46Z   NC_009063: 3612 MAWs
2026-10-08T21:46:46Z   NC_009064: 3392 MAWs
2026-10-08T21:46:46Z   NC_009065: 3506 MAWs
2026-10-08T21:46:46Z   NC_009066: 4081 MAWs
2026-10-08T21:46:46Z   NC_009067: 3818 MAWs
2026-10-08T21:46:46Z   NC_009459: 3665 MAWs
2026-10-08T21:46:46Z   NC_010205: 4036 MAWs
2026-10-08T21:46:46Z   NC_011168: 3328 MAWs
2026-10-08T21:46:46Z   NC_011169: 3142 MAWs
2026-10-08T21:46:46Z   NC_011170: 3458 MAWs
2026-10-08T21:46:46Z   NC_011171: 3571 MAWs
2026-10-08T21:46:46Z   NC_011177: 3207 MAWs
2026-10-08T21:46:46Z   NC_011179: 3395 MAWs
2026-10-08T21:46:46Z   NC_012055: 3833 MAWs
2026-10-08T21:46:46Z   NC_013564: 3398 MAWs
2026-10-08T21:46:46Z   NC_013577: 3487 MAWs
2026-10-08T21:46:46Z   NC_013663: 3459 MAWs
2026-10-08T21:46:46Z   NC_013750: 3281 MAWs
2026-10-08T21:46:46Z   NC_018814: 3577 MAWs
2026-10-08T21:46:46Z   NC_018815: 3500 MAWs
2026-10-08T21:46:46Z Selected MAW lengths: [7, 8, 9]
2026-10-08T21:46:46Z Full matrix: 25 taxa x 36217 columns, estimated 1 MB (memory limit 1330 MB).
2026-10-08T21:46:47Z M_full 25 x 36217; M_ml 25 x 36217.
2026-10-08T21:46:47Z Quartet counting: 12650 quartets, 1 chunks of up to 12650 (calibration 5935623 quartets per second; popcount X86Popcnt).
2026-10-08T21:46:47Z Quartet weighting: 12650 quartets, 17 chunks of up to 755 (calibration 252 quartets per second; model pi1 = 0.500000, 100 resamples).
2026-10-08T21:46:57Z Provisional tree 1: 6% of quartets, in 1.65 s.
2026-10-08T21:46:57Z Provisional tree took 1.6 s of a 10.2 s interval (over 10%); updating every 10% or 360 s from now on.
2026-10-08T21:47:36Z Provisional tree 2: 18% of quartets, in 1.39 s.
2026-10-08T21:48:17Z Provisional tree 3: 30% of quartets, in 1.50 s.
2026-10-08T21:48:52Z Provisional tree 4: 42% of quartets, in 1.31 s.
2026-10-08T21:49:34Z Provisional tree 5: 54% of quartets, in 1.35 s.
2026-10-08T21:50:15Z Provisional tree 6: 66% of quartets, in 1.55 s.
2026-10-08T21:50:55Z Provisional tree 7: 78% of quartets, in 1.58 s.
2026-10-08T21:51:36Z Provisional tree 8: 90% of quartets, in 1.56 s.
2026-10-08T21:52:11Z Amalgamation (wQFM-rs, w2c weights): 35560 weighted quartets, consistency score 5471.6250 of 12650.0000, in 0.2 s.
2026-10-08T21:52:11Z Support: 22 internal edges, S1 from 0.362511 to 0.979809; 25 taxa with a halo value below 0.6; in 0.0 s.
2026-10-08T21:52:13Z Run finished. Root fingerprint: 1e1450553a09631a7c6ec5b8ed066f828133ce5c5b4967264e83d13c07a24fd3
